Archive member included to satisfy reference by file (symbol)

/usr/lib/x86_64-linux-gnu/libc_nonshared.a(elf-init.oS)
                              /usr/lib/gcc/x86_64-linux-gnu/7/../../../x86_64-linux-gnu/Scrt1.o (__libc_csu_init)

As-needed library included to satisfy reference by file (symbol)

librte_mbuf.so.3.1            test_order_common.o (rte_pktmbuf_pool_create@@DPDK_2.1)
librte_eventdev.so.3.1        test_order_queue.o (rte_event_dev_start@@DPDK_17.05)
librte_mempool.so.3.1         test_order_common.o (rte_mempool_free@@DPDK_16.07)
librte_eal.so.6.1             evt_main.o (rte_eal_init@@DPDK_2.0)
libc.so.6                     test_order_common.o (fflush@@GLIBC_2.2.5)
ld-linux-x86-64.so.2          test_order_common.o (__tls_get_addr@@GLIBC_2.3)

Allocating common symbols
Common symbol       size              file

opt                 0x188             evt_main.o
test                0x8               evt_main.o

Discarded input sections

 .note.GNU-stack
                0x0000000000000000        0x0 /usr/lib/gcc/x86_64-linux-gnu/7/../../../x86_64-linux-gnu/Scrt1.o
 .note.GNU-stack
                0x0000000000000000        0x0 /usr/lib/gcc/x86_64-linux-gnu/7/../../../x86_64-linux-gnu/crti.o
 .note.GNU-stack
                0x0000000000000000        0x0 /usr/lib/gcc/x86_64-linux-gnu/7/crtbeginS.o
 .note.GNU-stack
                0x0000000000000000        0x0 evt_main.o
 .note.GNU-stack
                0x0000000000000000        0x0 evt_options.o
 .note.GNU-stack
                0x0000000000000000        0x0 evt_test.o
 .note.GNU-stack
                0x0000000000000000        0x0 parser.o
 .note.GNU-stack
                0x0000000000000000        0x0 test_order_common.o
 .note.GNU-stack
                0x0000000000000000        0x0 test_order_queue.o
 .note.GNU-stack
                0x0000000000000000        0x0 test_order_atq.o
 .note.GNU-stack
                0x0000000000000000        0x0 test_perf_common.o
 .note.GNU-stack
                0x0000000000000000        0x0 test_perf_queue.o
 .note.GNU-stack
                0x0000000000000000        0x0 test_perf_atq.o
 .note.GNU-stack
                0x0000000000000000        0x0 /usr/lib/x86_64-linux-gnu/libc_nonshared.a(elf-init.oS)
 .note.GNU-stack
                0x0000000000000000        0x0 /usr/lib/gcc/x86_64-linux-gnu/7/crtendS.o
 .note.GNU-stack
                0x0000000000000000        0x0 /usr/lib/gcc/x86_64-linux-gnu/7/../../../x86_64-linux-gnu/crtn.o

Memory Configuration

Name             Origin             Length             Attributes
*default*        0x0000000000000000 0xffffffffffffffff

Linker script and memory map

LOAD /usr/lib/gcc/x86_64-linux-gnu/7/../../../x86_64-linux-gnu/Scrt1.o
LOAD /usr/lib/gcc/x86_64-linux-gnu/7/../../../x86_64-linux-gnu/crti.o
LOAD /usr/lib/gcc/x86_64-linux-gnu/7/crtbeginS.o
LOAD evt_main.o
LOAD evt_options.o
LOAD evt_test.o
LOAD parser.o
LOAD test_order_common.o
LOAD test_order_queue.o
LOAD test_order_atq.o
LOAD test_perf_common.o
LOAD test_perf_queue.o
LOAD test_perf_atq.o
LOAD /users/lr499/dpdk-stable-17.11.10/x86_64-native-linuxapp-gcc/lib/librte_flow_classify.so
LOAD /users/lr499/dpdk-stable-17.11.10/x86_64-native-linuxapp-gcc/lib/librte_pipeline.so
LOAD /users/lr499/dpdk-stable-17.11.10/x86_64-native-linuxapp-gcc/lib/librte_table.so
LOAD /users/lr499/dpdk-stable-17.11.10/x86_64-native-linuxapp-gcc/lib/librte_port.so
LOAD /users/lr499/dpdk-stable-17.11.10/x86_64-native-linuxapp-gcc/lib/librte_pdump.so
LOAD /users/lr499/dpdk-stable-17.11.10/x86_64-native-linuxapp-gcc/lib/librte_distributor.so
LOAD /users/lr499/dpdk-stable-17.11.10/x86_64-native-linuxapp-gcc/lib/librte_ip_frag.so
LOAD /users/lr499/dpdk-stable-17.11.10/x86_64-native-linuxapp-gcc/lib/librte_gro.so
LOAD /users/lr499/dpdk-stable-17.11.10/x86_64-native-linuxapp-gcc/lib/librte_gso.so
LOAD /users/lr499/dpdk-stable-17.11.10/x86_64-native-linuxapp-gcc/lib/librte_meter.so
LOAD /users/lr499/dpdk-stable-17.11.10/x86_64-native-linuxapp-gcc/lib/librte_lpm.so
LOAD /users/lr499/dpdk-stable-17.11.10/x86_64-native-linuxapp-gcc/lib/librte_acl.so
LOAD /users/lr499/dpdk-stable-17.11.10/x86_64-native-linuxapp-gcc/lib/librte_jobstats.so
LOAD /users/lr499/dpdk-stable-17.11.10/x86_64-native-linuxapp-gcc/lib/librte_metrics.so
LOAD /users/lr499/dpdk-stable-17.11.10/x86_64-native-linuxapp-gcc/lib/librte_bitratestats.so
LOAD /users/lr499/dpdk-stable-17.11.10/x86_64-native-linuxapp-gcc/lib/librte_latencystats.so
LOAD /users/lr499/dpdk-stable-17.11.10/x86_64-native-linuxapp-gcc/lib/librte_power.so
LOAD /users/lr499/dpdk-stable-17.11.10/x86_64-native-linuxapp-gcc/lib/librte_timer.so
LOAD /users/lr499/dpdk-stable-17.11.10/x86_64-native-linuxapp-gcc/lib/librte_efd.so
LOAD /users/lr499/dpdk-stable-17.11.10/x86_64-native-linuxapp-gcc/lib/librte_cfgfile.so
LOAD /users/lr499/dpdk-stable-17.11.10/x86_64-native-linuxapp-gcc/lib/librte_hash.so
LOAD /users/lr499/dpdk-stable-17.11.10/x86_64-native-linuxapp-gcc/lib/librte_member.so
LOAD /users/lr499/dpdk-stable-17.11.10/x86_64-native-linuxapp-gcc/lib/librte_vhost.so
LOAD /users/lr499/dpdk-stable-17.11.10/x86_64-native-linuxapp-gcc/lib/librte_kvargs.so
LOAD /users/lr499/dpdk-stable-17.11.10/x86_64-native-linuxapp-gcc/lib/librte_mbuf.so
LOAD /users/lr499/dpdk-stable-17.11.10/x86_64-native-linuxapp-gcc/lib/librte_net.so
LOAD /users/lr499/dpdk-stable-17.11.10/x86_64-native-linuxapp-gcc/lib/librte_ethdev.so
LOAD /users/lr499/dpdk-stable-17.11.10/x86_64-native-linuxapp-gcc/lib/librte_cryptodev.so
LOAD /users/lr499/dpdk-stable-17.11.10/x86_64-native-linuxapp-gcc/lib/librte_security.so
LOAD /users/lr499/dpdk-stable-17.11.10/x86_64-native-linuxapp-gcc/lib/librte_eventdev.so
LOAD /users/lr499/dpdk-stable-17.11.10/x86_64-native-linuxapp-gcc/lib/librte_mempool.so
LOAD /users/lr499/dpdk-stable-17.11.10/x86_64-native-linuxapp-gcc/lib/librte_mempool_ring.so
LOAD /users/lr499/dpdk-stable-17.11.10/x86_64-native-linuxapp-gcc/lib/librte_ring.so
LOAD /users/lr499/dpdk-stable-17.11.10/x86_64-native-linuxapp-gcc/lib/librte_pci.so
LOAD /users/lr499/dpdk-stable-17.11.10/x86_64-native-linuxapp-gcc/lib/librte_eal.so
LOAD /users/lr499/dpdk-stable-17.11.10/x86_64-native-linuxapp-gcc/lib/librte_cmdline.so
LOAD /users/lr499/dpdk-stable-17.11.10/x86_64-native-linuxapp-gcc/lib/librte_reorder.so
LOAD /users/lr499/dpdk-stable-17.11.10/x86_64-native-linuxapp-gcc/lib/librte_sched.so
LOAD /users/lr499/dpdk-stable-17.11.10/x86_64-native-linuxapp-gcc/lib/librte_kni.so
LOAD /users/lr499/dpdk-stable-17.11.10/x86_64-native-linuxapp-gcc/lib/librte_bus_pci.so
LOAD /users/lr499/dpdk-stable-17.11.10/x86_64-native-linuxapp-gcc/lib/librte_bus_vdev.so
LOAD /usr/lib/gcc/x86_64-linux-gnu/7/libgcc_s.so
START GROUP
LOAD /usr/lib/gcc/x86_64-linux-gnu/7/libgcc_s.so.1
LOAD /usr/lib/gcc/x86_64-linux-gnu/7/libgcc.a
END GROUP
LOAD /usr/lib/gcc/x86_64-linux-gnu/7/../../../x86_64-linux-gnu/libdl.so
LOAD /usr/lib/gcc/x86_64-linux-gnu/7/libgcc.a
LOAD /usr/lib/gcc/x86_64-linux-gnu/7/libgcc_s.so
START GROUP
LOAD /usr/lib/gcc/x86_64-linux-gnu/7/libgcc_s.so.1
LOAD /usr/lib/gcc/x86_64-linux-gnu/7/libgcc.a
END GROUP
LOAD /usr/lib/gcc/x86_64-linux-gnu/7/../../../x86_64-linux-gnu/libpthread.so
START GROUP
LOAD /lib/x86_64-linux-gnu/libpthread.so.0
LOAD /usr/lib/x86_64-linux-gnu/libpthread_nonshared.a
END GROUP
LOAD /usr/lib/gcc/x86_64-linux-gnu/7/../../../x86_64-linux-gnu/libc.so
START GROUP
LOAD /lib/x86_64-linux-gnu/libc.so.6
LOAD /usr/lib/x86_64-linux-gnu/libc_nonshared.a
LOAD /lib/x86_64-linux-gnu/ld-linux-x86-64.so.2
END GROUP
LOAD /usr/lib/gcc/x86_64-linux-gnu/7/libgcc.a
LOAD /usr/lib/gcc/x86_64-linux-gnu/7/libgcc_s.so
START GROUP
LOAD /usr/lib/gcc/x86_64-linux-gnu/7/libgcc_s.so.1
LOAD /usr/lib/gcc/x86_64-linux-gnu/7/libgcc.a
END GROUP
LOAD /usr/lib/gcc/x86_64-linux-gnu/7/crtendS.o
LOAD /usr/lib/gcc/x86_64-linux-gnu/7/../../../x86_64-linux-gnu/crtn.o
                [!provide]                        PROVIDE (__executable_start = SEGMENT_START ("text-segment", 0x0))
                0x0000000000000238                . = (SEGMENT_START ("text-segment", 0x0) + SIZEOF_HEADERS)

.interp         0x0000000000000238       0x1c
 *(.interp)
 .interp        0x0000000000000238       0x1c /usr/lib/gcc/x86_64-linux-gnu/7/../../../x86_64-linux-gnu/Scrt1.o

.note.ABI-tag   0x0000000000000254       0x20
 .note.ABI-tag  0x0000000000000254       0x20 /usr/lib/gcc/x86_64-linux-gnu/7/../../../x86_64-linux-gnu/Scrt1.o

.note.gnu.build-id
                0x0000000000000274       0x24
 *(.note.gnu.build-id)
 .note.gnu.build-id
                0x0000000000000274       0x24 /usr/lib/gcc/x86_64-linux-gnu/7/../../../x86_64-linux-gnu/Scrt1.o

.hash
 *(.hash)

.gnu.hash       0x0000000000000298      0x1b8
 *(.gnu.hash)
 .gnu.hash      0x0000000000000298      0x1b8 /usr/lib/gcc/x86_64-linux-gnu/7/../../../x86_64-linux-gnu/Scrt1.o

.dynsym         0x0000000000000450      0xa98
 *(.dynsym)
 .dynsym        0x0000000000000450      0xa98 /usr/lib/gcc/x86_64-linux-gnu/7/../../../x86_64-linux-gnu/Scrt1.o

.dynstr         0x0000000000000ee8      0x7d4
 *(.dynstr)
 .dynstr        0x0000000000000ee8      0x7d4 /usr/lib/gcc/x86_64-linux-gnu/7/../../../x86_64-linux-gnu/Scrt1.o

.gnu.version    0x00000000000016bc       0xe2
 *(.gnu.version)
 .gnu.version   0x00000000000016bc       0xe2 /usr/lib/gcc/x86_64-linux-gnu/7/../../../x86_64-linux-gnu/Scrt1.o

.gnu.version_d  0x00000000000017a0        0x0
 *(.gnu.version_d)
 .gnu.version_d
                0x00000000000017a0        0x0 /usr/lib/gcc/x86_64-linux-gnu/7/../../../x86_64-linux-gnu/Scrt1.o

.gnu.version_r  0x00000000000017a0      0x120
 *(.gnu.version_r)
 .gnu.version_r
                0x00000000000017a0      0x120 /usr/lib/gcc/x86_64-linux-gnu/7/../../../x86_64-linux-gnu/Scrt1.o

.rela.dyn       0x00000000000018c0      0x750
 *(.rela.init)
 *(.rela.text .rela.text.* .rela.gnu.linkonce.t.*)
 .rela.text     0x00000000000018c0        0x0 /usr/lib/gcc/x86_64-linux-gnu/7/../../../x86_64-linux-gnu/Scrt1.o
 .rela.text.startup
                0x00000000000018c0        0x0 /usr/lib/gcc/x86_64-linux-gnu/7/../../../x86_64-linux-gnu/Scrt1.o
 *(.rela.fini)
 *(.rela.rodata .rela.rodata.* .rela.gnu.linkonce.r.*)
 *(.rela.data .rela.data.* .rela.gnu.linkonce.d.*)
 .rela.data.rel.ro
                0x00000000000018c0      0x420 /usr/lib/gcc/x86_64-linux-gnu/7/../../../x86_64-linux-gnu/Scrt1.o
 .rela.data.rel.local
                0x0000000000001ce0      0x180 /usr/lib/gcc/x86_64-linux-gnu/7/../../../x86_64-linux-gnu/Scrt1.o
 *(.rela.tdata .rela.tdata.* .rela.gnu.linkonce.td.*)
 *(.rela.tbss .rela.tbss.* .rela.gnu.linkonce.tb.*)
 *(.rela.ctors)
 *(.rela.dtors)
 *(.rela.got)
 .rela.got      0x0000000000001e60      0x120 /usr/lib/gcc/x86_64-linux-gnu/7/../../../x86_64-linux-gnu/Scrt1.o
 *(.rela.bss .rela.bss.* .rela.gnu.linkonce.b.*)
 .rela.bss      0x0000000000001f80        0x0 /usr/lib/gcc/x86_64-linux-gnu/7/../../../x86_64-linux-gnu/Scrt1.o
 *(.rela.ldata .rela.ldata.* .rela.gnu.linkonce.l.*)
 *(.rela.lbss .rela.lbss.* .rela.gnu.linkonce.lb.*)
 *(.rela.lrodata .rela.lrodata.* .rela.gnu.linkonce.lr.*)
 *(.rela.ifunc)
 .rela.ifunc    0x0000000000001f80        0x0 /usr/lib/gcc/x86_64-linux-gnu/7/../../../x86_64-linux-gnu/Scrt1.o
 .rela.fini_array
                0x0000000000001f80       0x18 /usr/lib/gcc/x86_64-linux-gnu/7/../../../x86_64-linux-gnu/Scrt1.o
 .rela.init_array
                0x0000000000001f98       0x78 /usr/lib/gcc/x86_64-linux-gnu/7/../../../x86_64-linux-gnu/Scrt1.o

.rela.plt       0x0000000000002010      0x468
 *(.rela.plt)
 .rela.plt      0x0000000000002010      0x468 /usr/lib/gcc/x86_64-linux-gnu/7/../../../x86_64-linux-gnu/Scrt1.o
                [!provide]                        PROVIDE (__rela_iplt_start = .)
 *(.rela.iplt)
                [!provide]                        PROVIDE (__rela_iplt_end = .)

.init           0x0000000000002478       0x17
 *(SORT_NONE(.init))
 .init          0x0000000000002478       0x12 /usr/lib/gcc/x86_64-linux-gnu/7/../../../x86_64-linux-gnu/crti.o
                0x0000000000002478                _init
 .init          0x000000000000248a        0x5 /usr/lib/gcc/x86_64-linux-gnu/7/../../../x86_64-linux-gnu/crtn.o

.plt            0x0000000000002490      0x300
 *(.plt)
 .plt           0x0000000000002490      0x300 /usr/lib/gcc/x86_64-linux-gnu/7/../../../x86_64-linux-gnu/Scrt1.o
 *(.iplt)

.plt.got        0x0000000000002790        0x8
 *(.plt.got)
 .plt.got       0x0000000000002790        0x8 /usr/lib/gcc/x86_64-linux-gnu/7/../../../x86_64-linux-gnu/Scrt1.o

.plt.sec
 *(.plt.sec)

.text           0x00000000000027a0     0x98a2
 *(.text.unlikely .text.*_unlikely .text.unlikely.*)
 *(.text.exit .text.exit.*)
 *(.text.startup .text.startup.*)
 .text.startup  0x00000000000027a0      0x4ae evt_main.o
                0x00000000000027a0                main
 *fill*         0x0000000000002c4e        0x2 
 .text.startup  0x0000000000002c50       0x88 test_order_queue.o
 *fill*         0x0000000000002cd8        0x8 
 .text.startup  0x0000000000002ce0       0x88 test_order_atq.o
 *fill*         0x0000000000002d68        0x8 
 .text.startup  0x0000000000002d70       0x88 test_perf_queue.o
 *fill*         0x0000000000002df8        0x8 
 .text.startup  0x0000000000002e00       0x88 test_perf_atq.o
 *(.text.hot .text.hot.*)
 *(.text .stub .text.* .gnu.linkonce.t.*)
 *fill*         0x0000000000002e88        0x8 
 .text          0x0000000000002e90       0x2b /usr/lib/gcc/x86_64-linux-gnu/7/../../../x86_64-linux-gnu/Scrt1.o
                0x0000000000002e90                _start
 .text          0x0000000000002ebb        0x0 /usr/lib/gcc/x86_64-linux-gnu/7/../../../x86_64-linux-gnu/crti.o
 *fill*         0x0000000000002ebb        0x5 
 .text          0x0000000000002ec0       0xda /usr/lib/gcc/x86_64-linux-gnu/7/crtbeginS.o
 *fill*         0x0000000000002f9a        0x6 
 .text          0x0000000000002fa0       0xbf evt_main.o
 *fill*         0x000000000000305f        0x1 
 .text          0x0000000000003060      0x841 evt_options.o
                0x00000000000032d0                evt_options_default
                0x0000000000003360                evt_options_parse
                0x0000000000003650                evt_options_dump
 *fill*         0x00000000000038a1        0xf 
 .text          0x00000000000038b0       0xe0 evt_test.o
                0x00000000000038b0                evt_test_register
                0x00000000000038d0                evt_test_get
                0x0000000000003930                evt_test_dump_names
 .text          0x0000000000003990      0xac0 parser.o
                0x0000000000003990                parser_read_arg_bool
                0x0000000000003b20                parser_read_uint64
                0x0000000000003c20                parser_read_int32
                0x0000000000003cb0                parser_read_uint64_hex
                0x0000000000003d70                parser_read_uint32
                0x0000000000003de0                parser_read_uint32_hex
                0x0000000000003e50                parser_read_uint16
                0x0000000000003ec0                parser_read_uint16_hex
                0x0000000000003f30                parser_read_uint8
                0x0000000000003fa0                parser_read_uint8_hex
                0x0000000000004010                parse_tokenize_string
                0x00000000000040d0                parse_hex_string
                0x0000000000004290                parse_lcores_list
 .text          0x0000000000004450      0xe59 test_order_common.o
                0x0000000000004790                order_test_result
                0x00000000000047a0                order_opt_check
                0x0000000000004a70                order_test_setup
                0x0000000000004bd0                order_test_destroy
                0x0000000000004c10                order_mempool_setup
                0x0000000000004c80                order_mempool_destroy
                0x0000000000004c90                order_eventdev_destroy
                0x0000000000004cb0                order_opt_dump
                0x0000000000004e30                order_launch_lcores
                0x00000000000050e0                order_event_dev_port_setup
 *fill*         0x00000000000052a9        0x7 
 .text          0x00000000000052b0     0x1456 test_order_queue.o
 *fill*         0x0000000000006706        0xa 
 .text          0x0000000000006710     0x1489 test_order_atq.o
 *fill*         0x0000000000007b99        0x7 
 .text          0x0000000000007ba0     0x1559 test_perf_common.o
                0x0000000000007f00                perf_test_result
                0x0000000000007f10                perf_launch_lcores
                0x00000000000084b0                perf_event_dev_port_setup
                0x0000000000008730                perf_opt_check
                0x0000000000008c20                perf_opt_dump
                0x0000000000008f30                perf_eventdev_destroy
                0x0000000000008f50                perf_mempool_setup
                0x0000000000008fd0                perf_mempool_destroy
                0x0000000000008fe0                perf_test_setup
                0x00000000000090f0                perf_test_destroy
 *fill*         0x00000000000090f9        0x7 
 .text          0x0000000000009100     0x18d6 test_perf_queue.o
 *fill*         0x000000000000a9d6        0xa 
 .text          0x000000000000a9e0     0x15ed test_perf_atq.o
 *fill*         0x000000000000bfcd        0x3 
 .text          0x000000000000bfd0       0x72 /usr/lib/x86_64-linux-gnu/libc_nonshared.a(elf-init.oS)
                0x000000000000bfd0                __libc_csu_init
                0x000000000000c040                __libc_csu_fini
 .text          0x000000000000c042        0x0 /usr/lib/gcc/x86_64-linux-gnu/7/crtendS.o
 .text          0x000000000000c042        0x0 /usr/lib/gcc/x86_64-linux-gnu/7/../../../x86_64-linux-gnu/crtn.o
 *(.gnu.warning)

.fini           0x000000000000c044        0x9
 *(SORT_NONE(.fini))
 .fini          0x000000000000c044        0x4 /usr/lib/gcc/x86_64-linux-gnu/7/../../../x86_64-linux-gnu/crti.o
                0x000000000000c044                _fini
 .fini          0x000000000000c048        0x5 /usr/lib/gcc/x86_64-linux-gnu/7/../../../x86_64-linux-gnu/crtn.o
                [!provide]                        PROVIDE (__etext = .)
                [!provide]                        PROVIDE (_etext = .)
                [!provide]                        PROVIDE (etext = .)

.rodata         0x000000000000c050     0x1c0f
 *(.rodata .rodata.* .gnu.linkonce.r.*)
 .rodata.cst4   0x000000000000c050        0x4 /usr/lib/gcc/x86_64-linux-gnu/7/../../../x86_64-linux-gnu/Scrt1.o
                0x000000000000c050                _IO_stdin_used
 *fill*         0x000000000000c054        0x4 
 .rodata.str1.8
                0x000000000000c058      0x27a evt_main.o
 .rodata.str1.1
                0x000000000000c2d2       0x7b evt_main.o
 .rodata        0x000000000000c34d        0x5 evt_main.o
 *fill*         0x000000000000c352        0x6 
 .rodata.str1.8
                0x000000000000c358      0x370 evt_options.o
 *fill*         0x000000000000c6c8        0x8 
 .rodata        0x000000000000c6d0      0x17a evt_options.o
 .rodata.str1.1
                0x000000000000c84a      0x11f evt_options.o
                                        0x120 (size before relaxing)
 *fill*         0x000000000000c969        0x7 
 .rodata.cst16  0x000000000000c970       0x10 evt_options.o
 .rodata.str1.1
                0x000000000000c980        0x6 evt_test.o
 *fill*         0x000000000000c986        0x2 
 .rodata        0x000000000000c988       0x94 parser.o
 .rodata.str1.1
                0x000000000000ca1c        0x7 parser.o
 *fill*         0x000000000000ca23        0x5 
 .rodata.str1.8
                0x000000000000ca28      0x587 test_order_common.o
 .rodata.str1.1
                0x000000000000cfaf       0x79 test_order_common.o
                                         0x9c (size before relaxing)
 *fill*         0x000000000000d028        0x8 
 .rodata        0x000000000000d030       0xe0 test_order_common.o
 .rodata.str1.8
                0x000000000000d110      0x207 test_order_queue.o
                                        0x25f (size before relaxing)
 .rodata.str1.1
                0x000000000000d317       0x1c test_order_queue.o
                                         0x2e (size before relaxing)
 *fill*         0x000000000000d333        0xd 
 .rodata        0x000000000000d340       0xd9 test_order_queue.o
 .rodata.str1.8
                0x000000000000d419      0x21f test_order_atq.o
 .rodata.str1.1
                0x000000000000d419        0xa test_order_atq.o
                                         0x2c (size before relaxing)
 *fill*         0x000000000000d423        0xd 
 .rodata        0x000000000000d430       0xd7 test_order_atq.o
 *fill*         0x000000000000d507        0x1 
 .rodata.str1.8
                0x000000000000d508      0x42a test_perf_common.o
                                        0x68a (size before relaxing)
 .rodata.str1.1
                0x000000000000d932       0x51 test_perf_common.o
                                         0xcc (size before relaxing)
 *fill*         0x000000000000d983        0xd 
 .rodata        0x000000000000d990      0x123 test_perf_common.o
 *fill*         0x000000000000dab3        0x1 
 .rodata.cst4   0x000000000000dab4        0x4 test_perf_common.o
 .rodata.str1.8
                0x000000000000dab8       0x30 test_perf_queue.o
                                        0x1a7 (size before relaxing)
 .rodata.str1.1
                0x000000000000dae8       0x1f test_perf_queue.o
                                         0x48 (size before relaxing)
 *fill*         0x000000000000db07        0x9 
 .rodata        0x000000000000db10       0xa7 test_perf_queue.o
 .rodata.str1.8
                0x000000000000dbb7      0x1a7 test_perf_atq.o
 .rodata.str1.1
                0x000000000000dbb7        0x9 test_perf_atq.o
                                         0x23 (size before relaxing)
 .rodata        0x000000000000dbc0       0x9f test_perf_atq.o

.rodata1
 *(.rodata1)

.eh_frame_hdr   0x000000000000dc60      0x2fc
 *(.eh_frame_hdr)
 .eh_frame_hdr  0x000000000000dc60      0x2fc /usr/lib/gcc/x86_64-linux-gnu/7/../../../x86_64-linux-gnu/Scrt1.o
                0x000000000000dc60                __GNU_EH_FRAME_HDR
 *(.eh_frame_entry .eh_frame_entry.*)

.eh_frame       0x000000000000df60     0x1108
 *(.eh_frame)
 .eh_frame      0x000000000000df60       0x30 /usr/lib/gcc/x86_64-linux-gnu/7/../../../x86_64-linux-gnu/Scrt1.o
                                         0x2c (size before relaxing)
 *fill*         0x000000000000df90        0x0 
 .eh_frame      0x000000000000df90       0x40 /usr/lib/gcc/x86_64-linux-gnu/7/../../../x86_64-linux-gnu/Scrt1.o
 .eh_frame      0x000000000000dfd0       0x18 /usr/lib/gcc/x86_64-linux-gnu/7/../../../x86_64-linux-gnu/Scrt1.o
                                         0x30 (size before relaxing)
 .eh_frame      0x000000000000dfe8       0x68 evt_main.o
                                         0x80 (size before relaxing)
 .eh_frame      0x000000000000e050      0x1d8 evt_options.o
                                        0x1f0 (size before relaxing)
 .eh_frame      0x000000000000e228       0x88 evt_test.o
                                         0xa0 (size before relaxing)
 .eh_frame      0x000000000000e2b0      0x270 parser.o
                                        0x288 (size before relaxing)
 .eh_frame      0x000000000000e520      0x270 test_order_common.o
                                        0x288 (size before relaxing)
 .eh_frame      0x000000000000e790      0x128 test_order_queue.o
                                        0x140 (size before relaxing)
 .eh_frame      0x000000000000e8b8      0x160 test_order_atq.o
                                        0x178 (size before relaxing)
 .eh_frame      0x000000000000ea18      0x278 test_perf_common.o
                                        0x290 (size before relaxing)
 .eh_frame      0x000000000000ec90      0x1a8 test_perf_queue.o
                                        0x1c0 (size before relaxing)
 .eh_frame      0x000000000000ee38      0x1d0 test_perf_atq.o
                                        0x1e8 (size before relaxing)
 .eh_frame      0x000000000000f008       0x5c /usr/lib/x86_64-linux-gnu/libc_nonshared.a(elf-init.oS)
                                         0x78 (size before relaxing)
 .eh_frame      0x000000000000f064        0x4 /usr/lib/gcc/x86_64-linux-gnu/7/crtendS.o
 *(.eh_frame.*)

.gcc_except_table
 *(.gcc_except_table .gcc_except_table.*)

.gnu_extab
 *(.gnu_extab*)

.exception_ranges
 *(.exception_ranges .exception_ranges*)
                0x000000000020f9b0                . = DATA_SEGMENT_ALIGN (CONSTANT (MAXPAGESIZE), CONSTANT (COMMONPAGESIZE))

.eh_frame
 *(.eh_frame)
 *(.eh_frame.*)

.gnu_extab
 *(.gnu_extab)

.gcc_except_table
 *(.gcc_except_table .gcc_except_table.*)

.exception_ranges
 *(.exception_ranges .exception_ranges*)

.tdata
 *(.tdata .tdata.* .gnu.linkonce.td.*)

.tbss
 *(.tbss .tbss.* .gnu.linkonce.tb.*)
 *(.tcommon)

.preinit_array  0x000000000020f9b0        0x0
                [!provide]                        PROVIDE (__preinit_array_start = .)
 *(.preinit_array)
                [!provide]                        PROVIDE (__preinit_array_end = .)

.init_array     0x000000000020f9b0       0x28
                0x000000000020f9b0                PROVIDE (__init_array_start = .)
 *(SORT_BY_INIT_PRIORITY(.init_array.*) SORT_BY_INIT_PRIORITY(.ctors.*))
 *(.init_array EXCLUDE_FILE(*crtend?.o *crtend.o *crtbegin?.o *crtbegin.o) .ctors)
 .init_array    0x000000000020f9b0        0x8 /usr/lib/gcc/x86_64-linux-gnu/7/crtbeginS.o
 .init_array    0x000000000020f9b8        0x8 test_order_queue.o
 .init_array    0x000000000020f9c0        0x8 test_order_atq.o
 .init_array    0x000000000020f9c8        0x8 test_perf_queue.o
 .init_array    0x000000000020f9d0        0x8 test_perf_atq.o
                0x000000000020f9d8                PROVIDE (__init_array_end = .)

.fini_array     0x000000000020f9d8        0x8
                [!provide]                        PROVIDE (__fini_array_start = .)
 *(SORT_BY_INIT_PRIORITY(.fini_array.*) SORT_BY_INIT_PRIORITY(.dtors.*))
 *(.fini_array EXCLUDE_FILE(*crtend?.o *crtend.o *crtbegin?.o *crtbegin.o) .dtors)
 .fini_array    0x000000000020f9d8        0x8 /usr/lib/gcc/x86_64-linux-gnu/7/crtbeginS.o
                [!provide]                        PROVIDE (__fini_array_end = .)

.ctors
 *crtbegin.o(.ctors)
 *crtbegin?.o(.ctors)
 *(EXCLUDE_FILE(*crtend?.o *crtend.o) .ctors)
 *(SORT_BY_NAME(.ctors.*))
 *(.ctors)

.dtors
 *crtbegin.o(.dtors)
 *crtbegin?.o(.dtors)
 *(EXCLUDE_FILE(*crtend?.o *crtend.o) .dtors)
 *(SORT_BY_NAME(.dtors.*))
 *(.dtors)

.jcr
 *(.jcr)

.data.rel.ro    0x000000000020f9e0      0x1e8
 *(.data.rel.ro.local* .gnu.linkonce.d.rel.ro.local.*)
 *(.data.rel.ro .data.rel.ro.* .gnu.linkonce.d.rel.ro.*)
 .data.rel.ro   0x000000000020f9e0        0x0 /usr/lib/gcc/x86_64-linux-gnu/7/../../../x86_64-linux-gnu/Scrt1.o
 .data.rel.ro   0x000000000020f9e0       0x68 test_order_queue.o
 *fill*         0x000000000020fa48       0x18 
 .data.rel.ro   0x000000000020fa60       0x68 test_order_atq.o
 *fill*         0x000000000020fac8       0x18 
 .data.rel.ro   0x000000000020fae0       0x68 test_perf_queue.o
 *fill*         0x000000000020fb48       0x18 
 .data.rel.ro   0x000000000020fb60       0x68 test_perf_atq.o

.dynamic        0x000000000020fbc8      0x240
 *(.dynamic)
 .dynamic       0x000000000020fbc8      0x240 /usr/lib/gcc/x86_64-linux-gnu/7/../../../x86_64-linux-gnu/Scrt1.o
                0x000000000020fbc8                _DYNAMIC

.got            0x000000000020fe08      0x1f0
 *(.got.plt)
 .got.plt       0x000000000020fe08      0x190 /usr/lib/gcc/x86_64-linux-gnu/7/../../../x86_64-linux-gnu/Scrt1.o
                0x000000000020fe08                _GLOBAL_OFFSET_TABLE_
 *(.igot.plt)
 *(.got)
 .got           0x000000000020ff98       0x60 /usr/lib/gcc/x86_64-linux-gnu/7/../../../x86_64-linux-gnu/Scrt1.o
 *(.igot)
                0x0000000000210000                . = DATA_SEGMENT_RELRO_END (., 0x0)

.data           0x0000000000210000      0x210
 *(.data .data.* .gnu.linkonce.d.*)
 .data          0x0000000000210000        0x4 /usr/lib/gcc/x86_64-linux-gnu/7/../../../x86_64-linux-gnu/Scrt1.o
                0x0000000000210000                data_start
                0x0000000000210000                __data_start
 .data          0x0000000000210004        0x0 /usr/lib/gcc/x86_64-linux-gnu/7/../../../x86_64-linux-gnu/crti.o
 .data          0x0000000000210004        0x0 /usr/lib/gcc/x86_64-linux-gnu/7/crtbeginS.o
 *fill*         0x0000000000210004        0x4 
 .data.rel.local
                0x0000000000210008        0x8 /usr/lib/gcc/x86_64-linux-gnu/7/crtbeginS.o
                0x0000000000210008                __dso_handle
 .data          0x0000000000210010        0x0 evt_main.o
 .data          0x0000000000210010        0x0 evt_options.o
 *fill*         0x0000000000210010       0x10 
 .data.rel.local
                0x0000000000210020      0x1e0 evt_options.o
 .data          0x0000000000210200        0x0 evt_test.o
 .data.rel.local
                0x0000000000210200       0x10 evt_test.o
 .data          0x0000000000210210        0x0 parser.o
 .data          0x0000000000210210        0x0 test_order_common.o
 .data          0x0000000000210210        0x0 test_order_queue.o
 .data          0x0000000000210210        0x0 test_order_atq.o
 .data          0x0000000000210210        0x0 test_perf_common.o
 .data          0x0000000000210210        0x0 test_perf_queue.o
 .data          0x0000000000210210        0x0 test_perf_atq.o
 .data          0x0000000000210210        0x0 /usr/lib/x86_64-linux-gnu/libc_nonshared.a(elf-init.oS)
 .data          0x0000000000210210        0x0 /usr/lib/gcc/x86_64-linux-gnu/7/crtendS.o
 .data          0x0000000000210210        0x0 /usr/lib/gcc/x86_64-linux-gnu/7/../../../x86_64-linux-gnu/crtn.o

.tm_clone_table
                0x0000000000210210        0x0
 .tm_clone_table
                0x0000000000210210        0x0 /usr/lib/gcc/x86_64-linux-gnu/7/crtbeginS.o
 .tm_clone_table
                0x0000000000210210        0x0 /usr/lib/gcc/x86_64-linux-gnu/7/crtendS.o

.data1
 *(.data1)
                0x0000000000210210                _edata = .
                [!provide]                        PROVIDE (edata = .)
                0x0000000000210210                . = .
                0x0000000000210210                __bss_start = .

.bss            0x0000000000210220      0x3d0
 *(.dynbss)
 .dynbss        0x0000000000210220        0x0 /usr/lib/gcc/x86_64-linux-gnu/7/../../../x86_64-linux-gnu/Scrt1.o
 *(.bss .bss.* .gnu.linkonce.b.*)
 .bss           0x0000000000210220        0x0 /usr/lib/gcc/x86_64-linux-gnu/7/../../../x86_64-linux-gnu/Scrt1.o
 .bss           0x0000000000210220        0x0 /usr/lib/gcc/x86_64-linux-gnu/7/../../../x86_64-linux-gnu/crti.o
 .bss           0x0000000000210220        0x1 /usr/lib/gcc/x86_64-linux-gnu/7/crtbeginS.o
 .bss           0x0000000000210221        0x0 evt_main.o
 .bss           0x0000000000210221        0x0 evt_options.o
 .bss           0x0000000000210221        0x0 evt_test.o
 .bss           0x0000000000210221        0x0 parser.o
 .bss           0x0000000000210221        0x0 test_order_common.o
 *fill*         0x0000000000210221       0x1f 
 .bss           0x0000000000210240       0x80 test_order_queue.o
 .bss           0x00000000002102c0       0x80 test_order_atq.o
 .bss           0x0000000000210340        0xc test_perf_common.o
 *fill*         0x000000000021034c       0x14 
 .bss           0x0000000000210360       0x80 test_perf_queue.o
 .bss           0x00000000002103e0       0x80 test_perf_atq.o
 .bss           0x0000000000210460        0x0 /usr/lib/x86_64-linux-gnu/libc_nonshared.a(elf-init.oS)
 .bss           0x0000000000210460        0x0 /usr/lib/gcc/x86_64-linux-gnu/7/crtendS.o
 .bss           0x0000000000210460        0x0 /usr/lib/gcc/x86_64-linux-gnu/7/../../../x86_64-linux-gnu/crtn.o
 *(COMMON)
 COMMON         0x0000000000210460      0x190 evt_main.o
                0x0000000000210460                opt
                0x00000000002105e8                test
                0x00000000002105f0                . = ALIGN ((. != 0x0)?0x8:0x1)

.lbss
 *(.dynlbss)
 *(.lbss .lbss.* .gnu.linkonce.lb.*)
 *(LARGE_COMMON)
                0x00000000002105f0                . = ALIGN (0x8)
                0x00000000002105f0                . = SEGMENT_START ("ldata-segment", .)

.lrodata
 *(.lrodata .lrodata.* .gnu.linkonce.lr.*)

.ldata          0x00000000006105f0        0x0
 *(.ldata .ldata.* .gnu.linkonce.l.*)
                0x00000000006105f0                . = ALIGN ((. != 0x0)?0x8:0x1)
                0x00000000006105f0                . = ALIGN (0x8)
                0x00000000006105f0                _end = .
                [!provide]                        PROVIDE (end = .)
                0x00000000006105f0                . = DATA_SEGMENT_END (.)

.stab
 *(.stab)

.stabstr
 *(.stabstr)

.stab.excl
 *(.stab.excl)

.stab.exclstr
 *(.stab.exclstr)

.stab.index
 *(.stab.index)

.stab.indexstr
 *(.stab.indexstr)

.comment        0x0000000000000000       0x29
 *(.comment)
 .comment       0x0000000000000000       0x29 /usr/lib/gcc/x86_64-linux-gnu/7/crtbeginS.o
                                         0x2a (size before relaxing)
 .comment       0x0000000000000029       0x2a evt_main.o
 .comment       0x0000000000000029       0x2a evt_options.o
 .comment       0x0000000000000029       0x2a evt_test.o
 .comment       0x0000000000000029       0x2a parser.o
 .comment       0x0000000000000029       0x2a test_order_common.o
 .comment       0x0000000000000029       0x2a test_order_queue.o
 .comment       0x0000000000000029       0x2a test_order_atq.o
 .comment       0x0000000000000029       0x2a test_perf_common.o
 .comment       0x0000000000000029       0x2a test_perf_queue.o
 .comment       0x0000000000000029       0x2a test_perf_atq.o
 .comment       0x0000000000000029       0x2a /usr/lib/gcc/x86_64-linux-gnu/7/crtendS.o

.debug
 *(.debug)

.line
 *(.line)

.debug_srcinfo
 *(.debug_srcinfo)

.debug_sfnames
 *(.debug_sfnames)

.debug_aranges
 *(.debug_aranges)

.debug_pubnames
 *(.debug_pubnames)

.debug_info
 *(.debug_info .gnu.linkonce.wi.*)

.debug_abbrev
 *(.debug_abbrev)

.debug_line
 *(.debug_line .debug_line.* .debug_line_end)

.debug_frame
 *(.debug_frame)

.debug_str
 *(.debug_str)

.debug_loc
 *(.debug_loc)

.debug_macinfo
 *(.debug_macinfo)

.debug_weaknames
 *(.debug_weaknames)

.debug_funcnames
 *(.debug_funcnames)

.debug_typenames
 *(.debug_typenames)

.debug_varnames
 *(.debug_varnames)

.debug_pubtypes
 *(.debug_pubtypes)

.debug_ranges
 *(.debug_ranges)

.debug_macro
 *(.debug_macro)

.debug_addr
 *(.debug_addr)

.gnu.attributes
 *(.gnu.attributes)

/DISCARD/
 *(.note.GNU-stack)
 *(.gnu_debuglink)
 *(.gnu.lto_*)
OUTPUT(dpdk-test-eventdev elf64-x86-64)

Cross Reference Table

Symbol                                            File
DPDK_16.04                                        /users/lr499/dpdk-stable-17.11.10/x86_64-native-linuxapp-gcc/lib/librte_eal.so
                                                  /users/lr499/dpdk-stable-17.11.10/x86_64-native-linuxapp-gcc/lib/librte_ethdev.so
DPDK_16.07                                        /users/lr499/dpdk-stable-17.11.10/x86_64-native-linuxapp-gcc/lib/librte_mempool.so
                                                  /users/lr499/dpdk-stable-17.11.10/x86_64-native-linuxapp-gcc/lib/librte_ethdev.so
                                                  /users/lr499/dpdk-stable-17.11.10/x86_64-native-linuxapp-gcc/lib/librte_eal.so
DPDK_16.11                                        /users/lr499/dpdk-stable-17.11.10/x86_64-native-linuxapp-gcc/lib/librte_mbuf.so
                                                  /users/lr499/dpdk-stable-17.11.10/x86_64-native-linuxapp-gcc/lib/librte_eal.so
DPDK_17.02                                        /users/lr499/dpdk-stable-17.11.10/x86_64-native-linuxapp-gcc/lib/librte_eal.so
                                                  /users/lr499/dpdk-stable-17.11.10/x86_64-native-linuxapp-gcc/lib/librte_ethdev.so
DPDK_17.05                                        /users/lr499/dpdk-stable-17.11.10/x86_64-native-linuxapp-gcc/lib/librte_eventdev.so
                                                  /users/lr499/dpdk-stable-17.11.10/x86_64-native-linuxapp-gcc/lib/librte_ethdev.so
                                                  /users/lr499/dpdk-stable-17.11.10/x86_64-native-linuxapp-gcc/lib/librte_eal.so
DPDK_17.08                                        /users/lr499/dpdk-stable-17.11.10/x86_64-native-linuxapp-gcc/lib/librte_eventdev.so
                                                  /users/lr499/dpdk-stable-17.11.10/x86_64-native-linuxapp-gcc/lib/librte_ethdev.so
                                                  /users/lr499/dpdk-stable-17.11.10/x86_64-native-linuxapp-gcc/lib/librte_eal.so
DPDK_17.11                                        /users/lr499/dpdk-stable-17.11.10/x86_64-native-linuxapp-gcc/lib/librte_eventdev.so
                                                  /users/lr499/dpdk-stable-17.11.10/x86_64-native-linuxapp-gcc/lib/librte_ethdev.so
                                                  /users/lr499/dpdk-stable-17.11.10/x86_64-native-linuxapp-gcc/lib/librte_eal.so
                                                  /users/lr499/dpdk-stable-17.11.10/x86_64-native-linuxapp-gcc/lib/librte_mempool.so
DPDK_2.0                                          /users/lr499/dpdk-stable-17.11.10/x86_64-native-linuxapp-gcc/lib/librte_mbuf.so
                                                  /users/lr499/dpdk-stable-17.11.10/x86_64-native-linuxapp-gcc/lib/librte_ring.so
                                                  /users/lr499/dpdk-stable-17.11.10/x86_64-native-linuxapp-gcc/lib/librte_eal.so
                                                  /users/lr499/dpdk-stable-17.11.10/x86_64-native-linuxapp-gcc/lib/librte_mempool.so
DPDK_2.1                                          /users/lr499/dpdk-stable-17.11.10/x86_64-native-linuxapp-gcc/lib/librte_mbuf.so
                                                  /users/lr499/dpdk-stable-17.11.10/x86_64-native-linuxapp-gcc/lib/librte_eal.so
DPDK_2.2                                          /users/lr499/dpdk-stable-17.11.10/x86_64-native-linuxapp-gcc/lib/librte_eal.so
                                                  /users/lr499/dpdk-stable-17.11.10/x86_64-native-linuxapp-gcc/lib/librte_ethdev.so
                                                  /users/lr499/dpdk-stable-17.11.10/x86_64-native-linuxapp-gcc/lib/librte_ring.so
EXPERIMENTAL                                      /users/lr499/dpdk-stable-17.11.10/x86_64-native-linuxapp-gcc/lib/librte_eal.so
                                                  /users/lr499/dpdk-stable-17.11.10/x86_64-native-linuxapp-gcc/lib/librte_ethdev.so
GLIBC_2.10                                        /lib/x86_64-linux-gnu/libc.so.6
GLIBC_2.11                                        /lib/x86_64-linux-gnu/libc.so.6
                                                  /lib/x86_64-linux-gnu/libpthread.so.0
GLIBC_2.12                                        /lib/x86_64-linux-gnu/libc.so.6
                                                  /lib/x86_64-linux-gnu/libpthread.so.0
GLIBC_2.13                                        /lib/x86_64-linux-gnu/libc.so.6
GLIBC_2.14                                        /lib/x86_64-linux-gnu/libc.so.6
GLIBC_2.15                                        /lib/x86_64-linux-gnu/libc.so.6
GLIBC_2.16                                        /lib/x86_64-linux-gnu/libc.so.6
GLIBC_2.17                                        /lib/x86_64-linux-gnu/libc.so.6
GLIBC_2.18                                        /lib/x86_64-linux-gnu/libc.so.6
                                                  /lib/x86_64-linux-gnu/libpthread.so.0
GLIBC_2.2.5                                       /lib/x86_64-linux-gnu/libc.so.6
                                                  //lib/x86_64-linux-gnu/librt.so.1
                                                  /lib/x86_64-linux-gnu/libpthread.so.0
                                                  /usr/lib/gcc/x86_64-linux-gnu/7/../../../x86_64-linux-gnu/libdl.so
                                                  /lib/x86_64-linux-gnu/ld-linux-x86-64.so.2
GLIBC_2.2.6                                       /lib/x86_64-linux-gnu/libc.so.6
                                                  /lib/x86_64-linux-gnu/libpthread.so.0
GLIBC_2.22                                        /lib/x86_64-linux-gnu/libc.so.6
GLIBC_2.23                                        /lib/x86_64-linux-gnu/libc.so.6
GLIBC_2.24                                        /lib/x86_64-linux-gnu/libc.so.6
GLIBC_2.25                                        /lib/x86_64-linux-gnu/libc.so.6
GLIBC_2.26                                        /lib/x86_64-linux-gnu/libc.so.6
GLIBC_2.27                                        /lib/x86_64-linux-gnu/libc.so.6
GLIBC_2.3                                         /lib/x86_64-linux-gnu/libc.so.6
                                                  /lib/x86_64-linux-gnu/ld-linux-x86-64.so.2
GLIBC_2.3.2                                       /lib/x86_64-linux-gnu/libc.so.6
                                                  /lib/x86_64-linux-gnu/libpthread.so.0
GLIBC_2.3.3                                       /lib/x86_64-linux-gnu/libc.so.6
                                                  //lib/x86_64-linux-gnu/librt.so.1
                                                  /lib/x86_64-linux-gnu/libpthread.so.0
                                                  /usr/lib/gcc/x86_64-linux-gnu/7/../../../x86_64-linux-gnu/libdl.so
GLIBC_2.3.4                                       /lib/x86_64-linux-gnu/libc.so.6
                                                  //lib/x86_64-linux-gnu/librt.so.1
                                                  /lib/x86_64-linux-gnu/libpthread.so.0
                                                  /usr/lib/gcc/x86_64-linux-gnu/7/../../../x86_64-linux-gnu/libdl.so
GLIBC_2.4                                         /lib/x86_64-linux-gnu/libc.so.6
                                                  //lib/x86_64-linux-gnu/librt.so.1
                                                  /lib/x86_64-linux-gnu/libpthread.so.0
                                                  /lib/x86_64-linux-gnu/ld-linux-x86-64.so.2
GLIBC_2.5                                         /lib/x86_64-linux-gnu/libc.so.6
GLIBC_2.6                                         /lib/x86_64-linux-gnu/libc.so.6
GLIBC_2.7                                         /lib/x86_64-linux-gnu/libc.so.6
                                                  //lib/x86_64-linux-gnu/librt.so.1
GLIBC_2.8                                         /lib/x86_64-linux-gnu/libc.so.6
GLIBC_2.9                                         /lib/x86_64-linux-gnu/libc.so.6
GLIBC_PRIVATE                                     /lib/x86_64-linux-gnu/libc.so.6
                                                  /lib/x86_64-linux-gnu/libpthread.so.0
                                                  /usr/lib/gcc/x86_64-linux-gnu/7/../../../x86_64-linux-gnu/libdl.so
                                                  /lib/x86_64-linux-gnu/ld-linux-x86-64.so.2
_DYNAMIC                                          /usr/lib/gcc/x86_64-linux-gnu/7/../../../x86_64-linux-gnu/Scrt1.o
_Exit                                             /lib/x86_64-linux-gnu/libc.so.6
_Exit@@GLIBC_2.2.5                                /lib/x86_64-linux-gnu/libc.so.6
_Exit@GLIBC_2.2.5                                 /lib/x86_64-linux-gnu/libc.so.6
_GLOBAL_OFFSET_TABLE_                             /usr/lib/gcc/x86_64-linux-gnu/7/../../../x86_64-linux-gnu/Scrt1.o
                                                  /usr/lib/x86_64-linux-gnu/libc_nonshared.a(elf-init.oS)
                                                  test_perf_atq.o
                                                  test_perf_queue.o
                                                  test_perf_common.o
                                                  test_order_atq.o
                                                  test_order_queue.o
                                                  test_order_common.o
                                                  parser.o
                                                  evt_test.o
                                                  evt_options.o
                                                  evt_main.o
                                                  /usr/lib/gcc/x86_64-linux-gnu/7/crtbeginS.o
                                                  /usr/lib/gcc/x86_64-linux-gnu/7/../../../x86_64-linux-gnu/crti.o
_IO_fprintf                                       /lib/x86_64-linux-gnu/libc.so.6
_IO_fprintf@@GLIBC_2.2.5                          /lib/x86_64-linux-gnu/libc.so.6
_IO_fprintf@GLIBC_2.2.5                           /lib/x86_64-linux-gnu/libc.so.6
_IO_stdin_used                                    /usr/lib/gcc/x86_64-linux-gnu/7/../../../x86_64-linux-gnu/Scrt1.o
_ITM_deregisterTMCloneTable                       //usr/lib/x86_64-linux-gnu/libnuma.so.1
                                                  //lib/x86_64-linux-gnu/librt.so.1
                                                  /lib/x86_64-linux-gnu/libpthread.so.0
                                                  /usr/lib/gcc/x86_64-linux-gnu/7/../../../x86_64-linux-gnu/libdl.so
                                                  /users/lr499/dpdk-stable-17.11.10/x86_64-native-linuxapp-gcc/lib/librte_ethdev.so
                                                  /users/lr499/dpdk-stable-17.11.10/x86_64-native-linuxapp-gcc/lib/librte_ring.so
                                                  /users/lr499/dpdk-stable-17.11.10/x86_64-native-linuxapp-gcc/lib/librte_eal.so
                                                  /users/lr499/dpdk-stable-17.11.10/x86_64-native-linuxapp-gcc/lib/librte_mempool.so
                                                  /users/lr499/dpdk-stable-17.11.10/x86_64-native-linuxapp-gcc/lib/librte_eventdev.so
                                                  /users/lr499/dpdk-stable-17.11.10/x86_64-native-linuxapp-gcc/lib/librte_mbuf.so
                                                  /usr/lib/gcc/x86_64-linux-gnu/7/crtbeginS.o
_ITM_registerTMCloneTable                         //usr/lib/x86_64-linux-gnu/libnuma.so.1
                                                  //lib/x86_64-linux-gnu/librt.so.1
                                                  /lib/x86_64-linux-gnu/libpthread.so.0
                                                  /usr/lib/gcc/x86_64-linux-gnu/7/../../../x86_64-linux-gnu/libdl.so
                                                  /users/lr499/dpdk-stable-17.11.10/x86_64-native-linuxapp-gcc/lib/librte_ethdev.so
                                                  /users/lr499/dpdk-stable-17.11.10/x86_64-native-linuxapp-gcc/lib/librte_ring.so
                                                  /users/lr499/dpdk-stable-17.11.10/x86_64-native-linuxapp-gcc/lib/librte_eal.so
                                                  /users/lr499/dpdk-stable-17.11.10/x86_64-native-linuxapp-gcc/lib/librte_mempool.so
                                                  /users/lr499/dpdk-stable-17.11.10/x86_64-native-linuxapp-gcc/lib/librte_eventdev.so
                                                  /users/lr499/dpdk-stable-17.11.10/x86_64-native-linuxapp-gcc/lib/librte_mbuf.so
                                                  /usr/lib/gcc/x86_64-linux-gnu/7/crtbeginS.o
__GNU_EH_FRAME_HDR                                dpdk-test-eventdev
__TMC_END__                                       /usr/lib/gcc/x86_64-linux-gnu/7/crtendS.o
                                                  /usr/lib/gcc/x86_64-linux-gnu/7/crtbeginS.o
__after_morecore_hook                             /lib/x86_64-linux-gnu/libc.so.6
__after_morecore_hook@@GLIBC_2.2.5                /lib/x86_64-linux-gnu/libc.so.6
__after_morecore_hook@GLIBC_2.2.5                 /lib/x86_64-linux-gnu/libc.so.6
__compat_bdflush                                  /lib/x86_64-linux-gnu/libc.so.6
__connect                                         /lib/x86_64-linux-gnu/libc.so.6
__connect@@GLIBC_2.2.5                            /lib/x86_64-linux-gnu/libc.so.6
                                                  /lib/x86_64-linux-gnu/libpthread.so.0
__connect@GLIBC_2.2.5                             /lib/x86_64-linux-gnu/libc.so.6
__ctype_get_mb_cur_max                            /lib/x86_64-linux-gnu/libc.so.6
__ctype_get_mb_cur_max@@GLIBC_2.2.5               /lib/x86_64-linux-gnu/libc.so.6
__ctype_get_mb_cur_max@GLIBC_2.2.5                /lib/x86_64-linux-gnu/libc.so.6
__data_start                                      /usr/lib/gcc/x86_64-linux-gnu/7/../../../x86_64-linux-gnu/Scrt1.o
__dso_handle                                      /usr/lib/gcc/x86_64-linux-gnu/7/crtbeginS.o
__fcntl                                           /lib/x86_64-linux-gnu/libc.so.6
__fcntl@@GLIBC_2.2.5                              /lib/x86_64-linux-gnu/libc.so.6
                                                  /lib/x86_64-linux-gnu/libpthread.so.0
__fcntl@GLIBC_2.2.5                               /lib/x86_64-linux-gnu/libc.so.6
__free_hook                                       /lib/x86_64-linux-gnu/libc.so.6
__free_hook@@GLIBC_2.2.5                          /lib/x86_64-linux-gnu/libc.so.6
__free_hook@GLIBC_2.2.5                           /lib/x86_64-linux-gnu/libc.so.6
__getdelim                                        /lib/x86_64-linux-gnu/libc.so.6
__getdelim@@GLIBC_2.2.5                           /lib/x86_64-linux-gnu/libc.so.6
__getdelim@GLIBC_2.2.5                            /lib/x86_64-linux-gnu/libc.so.6
                                                  //usr/lib/x86_64-linux-gnu/libnuma.so.1
                                                  /lib/x86_64-linux-gnu/libpthread.so.0
__gmon_start__                                    //usr/lib/x86_64-linux-gnu/libnuma.so.1
                                                  //lib/x86_64-linux-gnu/librt.so.1
                                                  /usr/lib/gcc/x86_64-linux-gnu/7/../../../x86_64-linux-gnu/libdl.so
                                                  /users/lr499/dpdk-stable-17.11.10/x86_64-native-linuxapp-gcc/lib/librte_ethdev.so
                                                  /users/lr499/dpdk-stable-17.11.10/x86_64-native-linuxapp-gcc/lib/librte_ring.so
                                                  /users/lr499/dpdk-stable-17.11.10/x86_64-native-linuxapp-gcc/lib/librte_eal.so
                                                  /users/lr499/dpdk-stable-17.11.10/x86_64-native-linuxapp-gcc/lib/librte_mempool.so
                                                  /users/lr499/dpdk-stable-17.11.10/x86_64-native-linuxapp-gcc/lib/librte_eventdev.so
                                                  /users/lr499/dpdk-stable-17.11.10/x86_64-native-linuxapp-gcc/lib/librte_mbuf.so
                                                  /usr/lib/gcc/x86_64-linux-gnu/7/../../../x86_64-linux-gnu/crti.o
__init_array_end                                  /usr/lib/x86_64-linux-gnu/libc_nonshared.a(elf-init.oS)
__init_array_start                                /usr/lib/x86_64-linux-gnu/libc_nonshared.a(elf-init.oS)
__isascii_l                                       /lib/x86_64-linux-gnu/libc.so.6
__isascii_l@@GLIBC_2.2.5                          /lib/x86_64-linux-gnu/libc.so.6
__isascii_l@GLIBC_2.2.5                           /lib/x86_64-linux-gnu/libc.so.6
__libc_csu_fini                                   /usr/lib/x86_64-linux-gnu/libc_nonshared.a(elf-init.oS)
                                                  /usr/lib/gcc/x86_64-linux-gnu/7/../../../x86_64-linux-gnu/Scrt1.o
__libc_csu_init                                   /usr/lib/x86_64-linux-gnu/libc_nonshared.a(elf-init.oS)
                                                  /usr/lib/gcc/x86_64-linux-gnu/7/../../../x86_64-linux-gnu/Scrt1.o
__libc_secure_getenv                              /lib/x86_64-linux-gnu/libc.so.6
__libc_secure_getenv@@GLIBC_PRIVATE               /lib/x86_64-linux-gnu/libc.so.6
__libc_secure_getenv@GLIBC_PRIVATE                /lib/x86_64-linux-gnu/libc.so.6
__malloc_hook                                     /lib/x86_64-linux-gnu/libc.so.6
__malloc_hook@@GLIBC_2.2.5                        /lib/x86_64-linux-gnu/libc.so.6
__malloc_hook@GLIBC_2.2.5                         /lib/x86_64-linux-gnu/libc.so.6
__malloc_initialize_hook@GLIBC_2.2.5              /lib/x86_64-linux-gnu/libc.so.6
__memalign_hook                                   /lib/x86_64-linux-gnu/libc.so.6
__memalign_hook@@GLIBC_2.2.5                      /lib/x86_64-linux-gnu/libc.so.6
__memalign_hook@GLIBC_2.2.5                       /lib/x86_64-linux-gnu/libc.so.6
__open                                            /lib/x86_64-linux-gnu/libc.so.6
__open64                                          /lib/x86_64-linux-gnu/libc.so.6
__open64@@GLIBC_2.2.5                             /lib/x86_64-linux-gnu/libc.so.6
                                                  /lib/x86_64-linux-gnu/libpthread.so.0
__open64@GLIBC_2.2.5                              /lib/x86_64-linux-gnu/libc.so.6
__open@@GLIBC_2.2.5                               /lib/x86_64-linux-gnu/libc.so.6
                                                  /lib/x86_64-linux-gnu/libpthread.so.0
__open@GLIBC_2.2.5                                /lib/x86_64-linux-gnu/libc.so.6
__open_nocancel                                   /lib/x86_64-linux-gnu/libc.so.6
__open_nocancel@@GLIBC_PRIVATE                    /lib/x86_64-linux-gnu/libc.so.6
__open_nocancel@GLIBC_PRIVATE                     /lib/x86_64-linux-gnu/libc.so.6
__pread64                                         /lib/x86_64-linux-gnu/libc.so.6
__pread64@@GLIBC_2.2.5                            /lib/x86_64-linux-gnu/libc.so.6
                                                  /lib/x86_64-linux-gnu/libpthread.so.0
__pread64@GLIBC_2.2.5                             /lib/x86_64-linux-gnu/libc.so.6
__pwrite64                                        /lib/x86_64-linux-gnu/libc.so.6
__pwrite64@@GLIBC_2.2.5                           /lib/x86_64-linux-gnu/libc.so.6
                                                  /lib/x86_64-linux-gnu/libpthread.so.0
__pwrite64@GLIBC_2.2.5                            /lib/x86_64-linux-gnu/libc.so.6
__realloc_hook                                    /lib/x86_64-linux-gnu/libc.so.6
__realloc_hook@@GLIBC_2.2.5                       /lib/x86_64-linux-gnu/libc.so.6
__realloc_hook@GLIBC_2.2.5                        /lib/x86_64-linux-gnu/libc.so.6
__recv                                            /lib/x86_64-linux-gnu/libc.so.6
__recv@@GLIBC_PRIVATE                             /lib/x86_64-linux-gnu/libc.so.6
__recv@GLIBC_PRIVATE                              /lib/x86_64-linux-gnu/libc.so.6
                                                  //lib/x86_64-linux-gnu/librt.so.1
__secure_getenv@GLIBC_2.2.5                       /lib/x86_64-linux-gnu/libc.so.6
__sigaction                                       /lib/x86_64-linux-gnu/libc.so.6
__sigaction@@GLIBC_2.2.5                          /lib/x86_64-linux-gnu/libc.so.6
                                                  /lib/x86_64-linux-gnu/libpthread.so.0
__sigaction@GLIBC_2.2.5                           /lib/x86_64-linux-gnu/libc.so.6
__strtoll_l                                       /lib/x86_64-linux-gnu/libc.so.6
__strtoll_l@@GLIBC_2.2.5                          /lib/x86_64-linux-gnu/libc.so.6
__strtoll_l@GLIBC_2.2.5                           /lib/x86_64-linux-gnu/libc.so.6
__strtoull_l                                      /lib/x86_64-linux-gnu/libc.so.6
__strtoull_l@@GLIBC_2.2.5                         /lib/x86_64-linux-gnu/libc.so.6
__strtoull_l@GLIBC_2.2.5                          /lib/x86_64-linux-gnu/libc.so.6
__toascii_l                                       /lib/x86_64-linux-gnu/libc.so.6
__toascii_l@@GLIBC_2.2.5                          /lib/x86_64-linux-gnu/libc.so.6
__toascii_l@GLIBC_2.2.5                           /lib/x86_64-linux-gnu/libc.so.6
__vsnprintf                                       /lib/x86_64-linux-gnu/libc.so.6
__vsnprintf@@GLIBC_2.2.5                          /lib/x86_64-linux-gnu/libc.so.6
__vsnprintf@GLIBC_2.2.5                           /lib/x86_64-linux-gnu/libc.so.6
__vsscanf                                         /lib/x86_64-linux-gnu/libc.so.6
__vsscanf@@GLIBC_2.2.5                            /lib/x86_64-linux-gnu/libc.so.6
__vsscanf@GLIBC_2.2.5                             /lib/x86_64-linux-gnu/libc.so.6
__wait                                            /lib/x86_64-linux-gnu/libc.so.6
__wait@@GLIBC_2.2.5                               /lib/x86_64-linux-gnu/libc.so.6
                                                  /lib/x86_64-linux-gnu/libpthread.so.0
__wait@GLIBC_2.2.5                                /lib/x86_64-linux-gnu/libc.so.6
__wcstoll_l                                       /lib/x86_64-linux-gnu/libc.so.6
__wcstoll_l@@GLIBC_2.2.5                          /lib/x86_64-linux-gnu/libc.so.6
__wcstoll_l@GLIBC_2.2.5                           /lib/x86_64-linux-gnu/libc.so.6
__wcstoull_l                                      /lib/x86_64-linux-gnu/libc.so.6
__wcstoull_l@@GLIBC_2.2.5                         /lib/x86_64-linux-gnu/libc.so.6
__wcstoull_l@GLIBC_2.2.5                          /lib/x86_64-linux-gnu/libc.so.6
__write                                           /lib/x86_64-linux-gnu/libc.so.6
__write@@GLIBC_2.2.5                              /lib/x86_64-linux-gnu/libc.so.6
                                                  /lib/x86_64-linux-gnu/libpthread.so.0
__write@GLIBC_2.2.5                               /lib/x86_64-linux-gnu/libc.so.6
__xpg_sigpause                                    /lib/x86_64-linux-gnu/libc.so.6
__xpg_sigpause@@GLIBC_2.2.5                       /lib/x86_64-linux-gnu/libc.so.6
__xpg_sigpause@GLIBC_2.2.5                        /lib/x86_64-linux-gnu/libc.so.6
_dl_starting_up                                   /lib/x86_64-linux-gnu/libc.so.6
_environ                                          /lib/x86_64-linux-gnu/libc.so.6
_environ@@GLIBC_2.2.5                             /lib/x86_64-linux-gnu/libc.so.6
_environ@GLIBC_2.2.5                              /lib/x86_64-linux-gnu/libc.so.6
                                                  /usr/lib/gcc/x86_64-linux-gnu/7/../../../x86_64-linux-gnu/libdl.so
_fini                                             /usr/lib/gcc/x86_64-linux-gnu/7/../../../x86_64-linux-gnu/crti.o
_flushlbf                                         /lib/x86_64-linux-gnu/libc.so.6
_flushlbf@@GLIBC_2.2.5                            /lib/x86_64-linux-gnu/libc.so.6
_flushlbf@GLIBC_2.2.5                             /lib/x86_64-linux-gnu/libc.so.6
_init                                             /usr/lib/gcc/x86_64-linux-gnu/7/../../../x86_64-linux-gnu/crti.o
                                                  /usr/lib/x86_64-linux-gnu/libc_nonshared.a(elf-init.oS)
_longjmp                                          /lib/x86_64-linux-gnu/libc.so.6
_longjmp@@GLIBC_2.2.5                             /lib/x86_64-linux-gnu/libc.so.6
_longjmp@GLIBC_2.2.5                              /lib/x86_64-linux-gnu/libc.so.6
_start                                            /usr/lib/gcc/x86_64-linux-gnu/7/../../../x86_64-linux-gnu/Scrt1.o
access                                            /lib/x86_64-linux-gnu/libc.so.6
access@@GLIBC_2.2.5                               /lib/x86_64-linux-gnu/libc.so.6
access@GLIBC_2.2.5                                /lib/x86_64-linux-gnu/libc.so.6
                                                  /users/lr499/dpdk-stable-17.11.10/x86_64-native-linuxapp-gcc/lib/librte_eal.so
addmntent                                         /lib/x86_64-linux-gnu/libc.so.6
addmntent@@GLIBC_2.2.5                            /lib/x86_64-linux-gnu/libc.so.6
addmntent@GLIBC_2.2.5                             /lib/x86_64-linux-gnu/libc.so.6
addseverity                                       /lib/x86_64-linux-gnu/libc.so.6
addseverity@@GLIBC_2.2.5                          /lib/x86_64-linux-gnu/libc.so.6
addseverity@GLIBC_2.2.5                           /lib/x86_64-linux-gnu/libc.so.6
adjtime                                           /lib/x86_64-linux-gnu/libc.so.6
adjtime@@GLIBC_2.2.5                              /lib/x86_64-linux-gnu/libc.so.6
adjtime@GLIBC_2.2.5                               /lib/x86_64-linux-gnu/libc.so.6
adjtimex                                          /lib/x86_64-linux-gnu/libc.so.6
adjtimex@@GLIBC_2.2.5                             /lib/x86_64-linux-gnu/libc.so.6
adjtimex@GLIBC_2.2.5                              /lib/x86_64-linux-gnu/libc.so.6
advance@GLIBC_2.2.5                               /lib/x86_64-linux-gnu/libc.so.6
aio_cancel64                                      //lib/x86_64-linux-gnu/librt.so.1
aio_cancel64@@GLIBC_2.2.5                         //lib/x86_64-linux-gnu/librt.so.1
aio_cancel64@GLIBC_2.2.5                          //lib/x86_64-linux-gnu/librt.so.1
aio_error64                                       //lib/x86_64-linux-gnu/librt.so.1
aio_error64@@GLIBC_2.2.5                          //lib/x86_64-linux-gnu/librt.so.1
aio_error64@GLIBC_2.2.5                           //lib/x86_64-linux-gnu/librt.so.1
aio_fsync64                                       //lib/x86_64-linux-gnu/librt.so.1
aio_fsync64@@GLIBC_2.2.5                          //lib/x86_64-linux-gnu/librt.so.1
aio_fsync64@GLIBC_2.2.5                           //lib/x86_64-linux-gnu/librt.so.1
aio_init                                          //lib/x86_64-linux-gnu/librt.so.1
aio_init@@GLIBC_2.2.5                             //lib/x86_64-linux-gnu/librt.so.1
aio_init@GLIBC_2.2.5                              //lib/x86_64-linux-gnu/librt.so.1
aio_read64                                        //lib/x86_64-linux-gnu/librt.so.1
aio_read64@@GLIBC_2.2.5                           //lib/x86_64-linux-gnu/librt.so.1
aio_read64@GLIBC_2.2.5                            //lib/x86_64-linux-gnu/librt.so.1
aio_return64                                      //lib/x86_64-linux-gnu/librt.so.1
aio_return64@@GLIBC_2.2.5                         //lib/x86_64-linux-gnu/librt.so.1
aio_return64@GLIBC_2.2.5                          //lib/x86_64-linux-gnu/librt.so.1
aio_suspend64                                     //lib/x86_64-linux-gnu/librt.so.1
aio_suspend64@@GLIBC_2.2.5                        //lib/x86_64-linux-gnu/librt.so.1
aio_suspend64@GLIBC_2.2.5                         //lib/x86_64-linux-gnu/librt.so.1
aio_write64                                       //lib/x86_64-linux-gnu/librt.so.1
aio_write64@@GLIBC_2.2.5                          //lib/x86_64-linux-gnu/librt.so.1
aio_write64@GLIBC_2.2.5                           //lib/x86_64-linux-gnu/librt.so.1
aligned_alloc                                     /lib/x86_64-linux-gnu/libc.so.6
aligned_alloc@@GLIBC_2.16                         /lib/x86_64-linux-gnu/libc.so.6
aligned_alloc@GLIBC_2.16                          /lib/x86_64-linux-gnu/libc.so.6
alphasort64                                       /lib/x86_64-linux-gnu/libc.so.6
alphasort64@@GLIBC_2.2.5                          /lib/x86_64-linux-gnu/libc.so.6
alphasort64@GLIBC_2.2.5                           /lib/x86_64-linux-gnu/libc.so.6
arch_prctl                                        /lib/x86_64-linux-gnu/libc.so.6
arch_prctl@@GLIBC_2.2.5                           /lib/x86_64-linux-gnu/libc.so.6
arch_prctl@GLIBC_2.2.5                            /lib/x86_64-linux-gnu/libc.so.6
argp_error                                        /lib/x86_64-linux-gnu/libc.so.6
argp_error@@GLIBC_2.2.5                           /lib/x86_64-linux-gnu/libc.so.6
argp_error@GLIBC_2.2.5                            /lib/x86_64-linux-gnu/libc.so.6
argp_failure                                      /lib/x86_64-linux-gnu/libc.so.6
argp_failure@@GLIBC_2.2.5                         /lib/x86_64-linux-gnu/libc.so.6
argp_failure@GLIBC_2.2.5                          /lib/x86_64-linux-gnu/libc.so.6
argp_help                                         /lib/x86_64-linux-gnu/libc.so.6
argp_help@@GLIBC_2.2.5                            /lib/x86_64-linux-gnu/libc.so.6
argp_help@GLIBC_2.2.5                             /lib/x86_64-linux-gnu/libc.so.6
argp_parse                                        /lib/x86_64-linux-gnu/libc.so.6
argp_parse@@GLIBC_2.2.5                           /lib/x86_64-linux-gnu/libc.so.6
argp_parse@GLIBC_2.2.5                            /lib/x86_64-linux-gnu/libc.so.6
argp_state_help                                   /lib/x86_64-linux-gnu/libc.so.6
argp_state_help@@GLIBC_2.2.5                      /lib/x86_64-linux-gnu/libc.so.6
argp_state_help@GLIBC_2.2.5                       /lib/x86_64-linux-gnu/libc.so.6
argp_usage                                        /lib/x86_64-linux-gnu/libc.so.6
argp_usage@@GLIBC_2.2.5                           /lib/x86_64-linux-gnu/libc.so.6
argp_usage@GLIBC_2.2.5                            /lib/x86_64-linux-gnu/libc.so.6
argz_add                                          /lib/x86_64-linux-gnu/libc.so.6
argz_add@@GLIBC_2.2.5                             /lib/x86_64-linux-gnu/libc.so.6
argz_add@GLIBC_2.2.5                              /lib/x86_64-linux-gnu/libc.so.6
argz_add_sep                                      /lib/x86_64-linux-gnu/libc.so.6
argz_add_sep@@GLIBC_2.2.5                         /lib/x86_64-linux-gnu/libc.so.6
argz_add_sep@GLIBC_2.2.5                          /lib/x86_64-linux-gnu/libc.so.6
argz_append                                       /lib/x86_64-linux-gnu/libc.so.6
argz_append@@GLIBC_2.2.5                          /lib/x86_64-linux-gnu/libc.so.6
argz_append@GLIBC_2.2.5                           /lib/x86_64-linux-gnu/libc.so.6
argz_count                                        /lib/x86_64-linux-gnu/libc.so.6
argz_count@@GLIBC_2.2.5                           /lib/x86_64-linux-gnu/libc.so.6
argz_count@GLIBC_2.2.5                            /lib/x86_64-linux-gnu/libc.so.6
argz_create                                       /lib/x86_64-linux-gnu/libc.so.6
argz_create@@GLIBC_2.2.5                          /lib/x86_64-linux-gnu/libc.so.6
argz_create@GLIBC_2.2.5                           /lib/x86_64-linux-gnu/libc.so.6
argz_create_sep                                   /lib/x86_64-linux-gnu/libc.so.6
argz_create_sep@@GLIBC_2.2.5                      /lib/x86_64-linux-gnu/libc.so.6
argz_create_sep@GLIBC_2.2.5                       /lib/x86_64-linux-gnu/libc.so.6
argz_extract                                      /lib/x86_64-linux-gnu/libc.so.6
argz_extract@@GLIBC_2.2.5                         /lib/x86_64-linux-gnu/libc.so.6
argz_extract@GLIBC_2.2.5                          /lib/x86_64-linux-gnu/libc.so.6
argz_insert                                       /lib/x86_64-linux-gnu/libc.so.6
argz_insert@@GLIBC_2.2.5                          /lib/x86_64-linux-gnu/libc.so.6
argz_insert@GLIBC_2.2.5                           /lib/x86_64-linux-gnu/libc.so.6
argz_next                                         /lib/x86_64-linux-gnu/libc.so.6
argz_next@@GLIBC_2.2.5                            /lib/x86_64-linux-gnu/libc.so.6
argz_next@GLIBC_2.2.5                             /lib/x86_64-linux-gnu/libc.so.6
argz_replace                                      /lib/x86_64-linux-gnu/libc.so.6
argz_replace@@GLIBC_2.2.5                         /lib/x86_64-linux-gnu/libc.so.6
argz_replace@GLIBC_2.2.5                          /lib/x86_64-linux-gnu/libc.so.6
argz_stringify                                    /lib/x86_64-linux-gnu/libc.so.6
argz_stringify@@GLIBC_2.2.5                       /lib/x86_64-linux-gnu/libc.so.6
argz_stringify@GLIBC_2.2.5                        /lib/x86_64-linux-gnu/libc.so.6
asctime_r                                         /lib/x86_64-linux-gnu/libc.so.6
asctime_r@@GLIBC_2.2.5                            /lib/x86_64-linux-gnu/libc.so.6
asctime_r@GLIBC_2.2.5                             /lib/x86_64-linux-gnu/libc.so.6
asprintf                                          /lib/x86_64-linux-gnu/libc.so.6
asprintf@@GLIBC_2.2.5                             /lib/x86_64-linux-gnu/libc.so.6
asprintf@GLIBC_2.2.5                              /lib/x86_64-linux-gnu/libc.so.6
backtrace                                         /lib/x86_64-linux-gnu/libc.so.6
backtrace@@GLIBC_2.2.5                            /lib/x86_64-linux-gnu/libc.so.6
backtrace@GLIBC_2.2.5                             /lib/x86_64-linux-gnu/libc.so.6
                                                  /users/lr499/dpdk-stable-17.11.10/x86_64-native-linuxapp-gcc/lib/librte_eal.so
backtrace_symbols                                 /lib/x86_64-linux-gnu/libc.so.6
backtrace_symbols@@GLIBC_2.2.5                    /lib/x86_64-linux-gnu/libc.so.6
backtrace_symbols@GLIBC_2.2.5                     /lib/x86_64-linux-gnu/libc.so.6
                                                  /users/lr499/dpdk-stable-17.11.10/x86_64-native-linuxapp-gcc/lib/librte_eal.so
backtrace_symbols_fd                              /lib/x86_64-linux-gnu/libc.so.6
backtrace_symbols_fd@@GLIBC_2.2.5                 /lib/x86_64-linux-gnu/libc.so.6
backtrace_symbols_fd@GLIBC_2.2.5                  /lib/x86_64-linux-gnu/libc.so.6
basename                                          /lib/x86_64-linux-gnu/libc.so.6
basename@@GLIBC_2.2.5                             /lib/x86_64-linux-gnu/libc.so.6
basename@GLIBC_2.2.5                              /lib/x86_64-linux-gnu/libc.so.6
bcmp                                              /lib/x86_64-linux-gnu/libc.so.6
bcmp@@GLIBC_2.2.5                                 /lib/x86_64-linux-gnu/libc.so.6
bcmp@GLIBC_2.2.5                                  /lib/x86_64-linux-gnu/libc.so.6
bind                                              /lib/x86_64-linux-gnu/libc.so.6
bind@@GLIBC_2.2.5                                 /lib/x86_64-linux-gnu/libc.so.6
bind@GLIBC_2.2.5                                  /lib/x86_64-linux-gnu/libc.so.6
                                                  /users/lr499/dpdk-stable-17.11.10/x86_64-native-linuxapp-gcc/lib/librte_eal.so
bind_textdomain_codeset                           /lib/x86_64-linux-gnu/libc.so.6
bind_textdomain_codeset@@GLIBC_2.2.5              /lib/x86_64-linux-gnu/libc.so.6
bind_textdomain_codeset@GLIBC_2.2.5               /lib/x86_64-linux-gnu/libc.so.6
bindtextdomain                                    /lib/x86_64-linux-gnu/libc.so.6
bindtextdomain@@GLIBC_2.2.5                       /lib/x86_64-linux-gnu/libc.so.6
bindtextdomain@GLIBC_2.2.5                        /lib/x86_64-linux-gnu/libc.so.6
brk                                               /lib/x86_64-linux-gnu/libc.so.6
brk@@GLIBC_2.2.5                                  /lib/x86_64-linux-gnu/libc.so.6
brk@GLIBC_2.2.5                                   /lib/x86_64-linux-gnu/libc.so.6
bsd_signal                                        /lib/x86_64-linux-gnu/libc.so.6
bsd_signal@@GLIBC_2.2.5                           /lib/x86_64-linux-gnu/libc.so.6
bsd_signal@GLIBC_2.2.5                            /lib/x86_64-linux-gnu/libc.so.6
btowc                                             /lib/x86_64-linux-gnu/libc.so.6
btowc@@GLIBC_2.2.5                                /lib/x86_64-linux-gnu/libc.so.6
btowc@GLIBC_2.2.5                                 /lib/x86_64-linux-gnu/libc.so.6
bzero                                             /lib/x86_64-linux-gnu/libc.so.6
bzero@@GLIBC_2.2.5                                /lib/x86_64-linux-gnu/libc.so.6
bzero@GLIBC_2.2.5                                 /lib/x86_64-linux-gnu/libc.so.6
c32rtomb                                          /lib/x86_64-linux-gnu/libc.so.6
c32rtomb@@GLIBC_2.16                              /lib/x86_64-linux-gnu/libc.so.6
c32rtomb@GLIBC_2.16                               /lib/x86_64-linux-gnu/libc.so.6
calloc                                            /lib/x86_64-linux-gnu/libc.so.6
calloc@@GLIBC_2.2.5                               /lib/x86_64-linux-gnu/libc.so.6
                                                  /lib/x86_64-linux-gnu/ld-linux-x86-64.so.2
calloc@GLIBC_2.2.5                                /lib/x86_64-linux-gnu/libc.so.6
                                                  //usr/lib/x86_64-linux-gnu/libnuma.so.1
                                                  //lib/x86_64-linux-gnu/librt.so.1
                                                  /lib/x86_64-linux-gnu/libpthread.so.0
                                                  /usr/lib/gcc/x86_64-linux-gnu/7/../../../x86_64-linux-gnu/libdl.so
                                                  /users/lr499/dpdk-stable-17.11.10/x86_64-native-linuxapp-gcc/lib/librte_ethdev.so
                                                  /users/lr499/dpdk-stable-17.11.10/x86_64-native-linuxapp-gcc/lib/librte_eal.so
canonicalize_file_name                            /lib/x86_64-linux-gnu/libc.so.6
canonicalize_file_name@@GLIBC_2.2.5               /lib/x86_64-linux-gnu/libc.so.6
canonicalize_file_name@GLIBC_2.2.5                /lib/x86_64-linux-gnu/libc.so.6
chdir                                             /lib/x86_64-linux-gnu/libc.so.6
chdir@@GLIBC_2.2.5                                /lib/x86_64-linux-gnu/libc.so.6
chdir@GLIBC_2.2.5                                 /lib/x86_64-linux-gnu/libc.so.6
chmod                                             /lib/x86_64-linux-gnu/libc.so.6
chmod@@GLIBC_2.2.5                                /lib/x86_64-linux-gnu/libc.so.6
chmod@GLIBC_2.2.5                                 /lib/x86_64-linux-gnu/libc.so.6
chown                                             /lib/x86_64-linux-gnu/libc.so.6
chown@@GLIBC_2.2.5                                /lib/x86_64-linux-gnu/libc.so.6
chown@GLIBC_2.2.5                                 /lib/x86_64-linux-gnu/libc.so.6
clearenv                                          /lib/x86_64-linux-gnu/libc.so.6
clearenv@@GLIBC_2.2.5                             /lib/x86_64-linux-gnu/libc.so.6
clearenv@GLIBC_2.2.5                              /lib/x86_64-linux-gnu/libc.so.6
clock_getcpuclockid                               /lib/x86_64-linux-gnu/libc.so.6
clock_getcpuclockid@@GLIBC_2.17                   /lib/x86_64-linux-gnu/libc.so.6
clock_getcpuclockid@@GLIBC_2.2.5                  //lib/x86_64-linux-gnu/librt.so.1
clock_getcpuclockid@GLIBC_2.17                    /lib/x86_64-linux-gnu/libc.so.6
clock_getcpuclockid@GLIBC_2.2.5                   //lib/x86_64-linux-gnu/librt.so.1
clock_getres                                      /lib/x86_64-linux-gnu/libc.so.6
clock_getres@@GLIBC_2.17                          /lib/x86_64-linux-gnu/libc.so.6
clock_getres@@GLIBC_2.2.5                         //lib/x86_64-linux-gnu/librt.so.1
clock_getres@GLIBC_2.17                           /lib/x86_64-linux-gnu/libc.so.6
clock_getres@GLIBC_2.2.5                          //lib/x86_64-linux-gnu/librt.so.1
clock_gettime                                     /lib/x86_64-linux-gnu/libc.so.6
clock_gettime@@GLIBC_2.17                         /lib/x86_64-linux-gnu/libc.so.6
clock_gettime@@GLIBC_2.2.5                        //lib/x86_64-linux-gnu/librt.so.1
clock_gettime@GLIBC_2.17                          /lib/x86_64-linux-gnu/libc.so.6
clock_gettime@GLIBC_2.2.5                         //lib/x86_64-linux-gnu/librt.so.1
                                                  /users/lr499/dpdk-stable-17.11.10/x86_64-native-linuxapp-gcc/lib/librte_eal.so
clock_nanosleep                                   /lib/x86_64-linux-gnu/libc.so.6
clock_nanosleep@@GLIBC_2.17                       /lib/x86_64-linux-gnu/libc.so.6
clock_nanosleep@@GLIBC_2.2.5                      //lib/x86_64-linux-gnu/librt.so.1
clock_nanosleep@GLIBC_2.17                        /lib/x86_64-linux-gnu/libc.so.6
clock_nanosleep@GLIBC_2.2.5                       //lib/x86_64-linux-gnu/librt.so.1
clock_settime                                     /lib/x86_64-linux-gnu/libc.so.6
clock_settime@@GLIBC_2.17                         /lib/x86_64-linux-gnu/libc.so.6
clock_settime@@GLIBC_2.2.5                        //lib/x86_64-linux-gnu/librt.so.1
clock_settime@GLIBC_2.17                          /lib/x86_64-linux-gnu/libc.so.6
clock_settime@GLIBC_2.2.5                         //lib/x86_64-linux-gnu/librt.so.1
clone                                             /lib/x86_64-linux-gnu/libc.so.6
clone@@GLIBC_2.2.5                                /lib/x86_64-linux-gnu/libc.so.6
clone@GLIBC_2.2.5                                 /lib/x86_64-linux-gnu/libc.so.6
close                                             /lib/x86_64-linux-gnu/libc.so.6
close@@GLIBC_2.2.5                                /lib/x86_64-linux-gnu/libc.so.6
                                                  /lib/x86_64-linux-gnu/libpthread.so.0
close@GLIBC_2.2.5                                 /lib/x86_64-linux-gnu/libc.so.6
                                                  //usr/lib/x86_64-linux-gnu/libnuma.so.1
                                                  /users/lr499/dpdk-stable-17.11.10/x86_64-native-linuxapp-gcc/lib/librte_eal.so
closedir                                          /lib/x86_64-linux-gnu/libc.so.6
closedir@@GLIBC_2.2.5                             /lib/x86_64-linux-gnu/libc.so.6
closedir@GLIBC_2.2.5                              /lib/x86_64-linux-gnu/libc.so.6
                                                  //usr/lib/x86_64-linux-gnu/libnuma.so.1
                                                  /users/lr499/dpdk-stable-17.11.10/x86_64-native-linuxapp-gcc/lib/librte_eal.so
connect                                           /lib/x86_64-linux-gnu/libc.so.6
connect@@GLIBC_2.2.5                              /lib/x86_64-linux-gnu/libc.so.6
                                                  /lib/x86_64-linux-gnu/libpthread.so.0
connect@GLIBC_2.2.5                               /lib/x86_64-linux-gnu/libc.so.6
                                                  /users/lr499/dpdk-stable-17.11.10/x86_64-native-linuxapp-gcc/lib/librte_eal.so
copysign                                          /lib/x86_64-linux-gnu/libc.so.6
copysign@@GLIBC_2.2.5                             /lib/x86_64-linux-gnu/libc.so.6
copysign@GLIBC_2.2.5                              /lib/x86_64-linux-gnu/libc.so.6
copysignf                                         /lib/x86_64-linux-gnu/libc.so.6
copysignf@@GLIBC_2.2.5                            /lib/x86_64-linux-gnu/libc.so.6
copysignf@GLIBC_2.2.5                             /lib/x86_64-linux-gnu/libc.so.6
copysignl                                         /lib/x86_64-linux-gnu/libc.so.6
copysignl@@GLIBC_2.2.5                            /lib/x86_64-linux-gnu/libc.so.6
copysignl@GLIBC_2.2.5                             /lib/x86_64-linux-gnu/libc.so.6
creat                                             /lib/x86_64-linux-gnu/libc.so.6
creat64                                           /lib/x86_64-linux-gnu/libc.so.6
creat64@@GLIBC_2.2.5                              /lib/x86_64-linux-gnu/libc.so.6
creat64@GLIBC_2.2.5                               /lib/x86_64-linux-gnu/libc.so.6
creat@@GLIBC_2.2.5                                /lib/x86_64-linux-gnu/libc.so.6
creat@GLIBC_2.2.5                                 /lib/x86_64-linux-gnu/libc.so.6
data_start                                        /usr/lib/gcc/x86_64-linux-gnu/7/../../../x86_64-linux-gnu/Scrt1.o
daylight                                          /lib/x86_64-linux-gnu/libc.so.6
daylight@@GLIBC_2.2.5                             /lib/x86_64-linux-gnu/libc.so.6
daylight@GLIBC_2.2.5                              /lib/x86_64-linux-gnu/libc.so.6
dcgettext                                         /lib/x86_64-linux-gnu/libc.so.6
[...]
unlink@@GLIBC_2.2.5                               /lib/x86_64-linux-gnu/libc.so.6
unlink@GLIBC_2.2.5                                /lib/x86_64-linux-gnu/libc.so.6
                                                  //lib/x86_64-linux-gnu/librt.so.1
                                                  /lib/x86_64-linux-gnu/libpthread.so.0
                                                  /users/lr499/dpdk-stable-17.11.10/x86_64-native-linuxapp-gcc/lib/librte_eal.so
unsetenv                                          /lib/x86_64-linux-gnu/libc.so.6
unsetenv@@GLIBC_2.2.5                             /lib/x86_64-linux-gnu/libc.so.6
unsetenv@GLIBC_2.2.5                              /lib/x86_64-linux-gnu/libc.so.6
updwtmp                                           /lib/x86_64-linux-gnu/libc.so.6
updwtmp@@GLIBC_2.2.5                              /lib/x86_64-linux-gnu/libc.so.6
updwtmp@GLIBC_2.2.5                               /lib/x86_64-linux-gnu/libc.so.6
uselocale                                         /lib/x86_64-linux-gnu/libc.so.6
uselocale@@GLIBC_2.3                              /lib/x86_64-linux-gnu/libc.so.6
uselocale@GLIBC_2.3                               /lib/x86_64-linux-gnu/libc.so.6
utimes                                            /lib/x86_64-linux-gnu/libc.so.6
utimes@@GLIBC_2.2.5                               /lib/x86_64-linux-gnu/libc.so.6
utimes@GLIBC_2.2.5                                /lib/x86_64-linux-gnu/libc.so.6
utmpname                                          /lib/x86_64-linux-gnu/libc.so.6
utmpname@@GLIBC_2.2.5                             /lib/x86_64-linux-gnu/libc.so.6
utmpname@GLIBC_2.2.5                              /lib/x86_64-linux-gnu/libc.so.6
valloc                                            /lib/x86_64-linux-gnu/libc.so.6
valloc@@GLIBC_2.2.5                               /lib/x86_64-linux-gnu/libc.so.6
valloc@GLIBC_2.2.5                                /lib/x86_64-linux-gnu/libc.so.6
vasprintf                                         /lib/x86_64-linux-gnu/libc.so.6
vasprintf@@GLIBC_2.2.5                            /lib/x86_64-linux-gnu/libc.so.6
vasprintf@GLIBC_2.2.5                             /lib/x86_64-linux-gnu/libc.so.6
vdprintf                                          /lib/x86_64-linux-gnu/libc.so.6
vdprintf@@GLIBC_2.2.5                             /lib/x86_64-linux-gnu/libc.so.6
vdprintf@GLIBC_2.2.5                              /lib/x86_64-linux-gnu/libc.so.6
versionsort64                                     /lib/x86_64-linux-gnu/libc.so.6
versionsort64@@GLIBC_2.2.5                        /lib/x86_64-linux-gnu/libc.so.6
versionsort64@GLIBC_2.2.5                         /lib/x86_64-linux-gnu/libc.so.6
vfork                                             /lib/x86_64-linux-gnu/libc.so.6
vfork@@GLIBC_2.2.5                                /lib/x86_64-linux-gnu/libc.so.6
vfork@GLIBC_2.2.5                                 /lib/x86_64-linux-gnu/libc.so.6
                                                  /lib/x86_64-linux-gnu/libpthread.so.0
vfscanf                                           /lib/x86_64-linux-gnu/libc.so.6
vfscanf@@GLIBC_2.2.5                              /lib/x86_64-linux-gnu/libc.so.6
vfscanf@GLIBC_2.2.5                               /lib/x86_64-linux-gnu/libc.so.6
vfwprintf                                         /lib/x86_64-linux-gnu/libc.so.6
vfwprintf@@GLIBC_2.2.5                            /lib/x86_64-linux-gnu/libc.so.6
vfwprintf@GLIBC_2.2.5                             /lib/x86_64-linux-gnu/libc.so.6
vfwscanf                                          /lib/x86_64-linux-gnu/libc.so.6
vfwscanf@@GLIBC_2.2.5                             /lib/x86_64-linux-gnu/libc.so.6
vfwscanf@GLIBC_2.2.5                              /lib/x86_64-linux-gnu/libc.so.6
vscanf                                            /lib/x86_64-linux-gnu/libc.so.6
vscanf@@GLIBC_2.2.5                               /lib/x86_64-linux-gnu/libc.so.6
vscanf@GLIBC_2.2.5                                /lib/x86_64-linux-gnu/libc.so.6
vsnprintf                                         /lib/x86_64-linux-gnu/libc.so.6
vsnprintf@@GLIBC_2.2.5                            /lib/x86_64-linux-gnu/libc.so.6
vsnprintf@GLIBC_2.2.5                             /lib/x86_64-linux-gnu/libc.so.6
vsprintf                                          /lib/x86_64-linux-gnu/libc.so.6
vsprintf@@GLIBC_2.2.5                             /lib/x86_64-linux-gnu/libc.so.6
vsprintf@GLIBC_2.2.5                              /lib/x86_64-linux-gnu/libc.so.6
vsscanf                                           /lib/x86_64-linux-gnu/libc.so.6
vsscanf@@GLIBC_2.2.5                              /lib/x86_64-linux-gnu/libc.so.6
vsscanf@GLIBC_2.2.5                               /lib/x86_64-linux-gnu/libc.so.6
vswprintf                                         /lib/x86_64-linux-gnu/libc.so.6
vswprintf@@GLIBC_2.2.5                            /lib/x86_64-linux-gnu/libc.so.6
vswprintf@GLIBC_2.2.5                             /lib/x86_64-linux-gnu/libc.so.6
wait                                              /lib/x86_64-linux-gnu/libc.so.6
wait3                                             /lib/x86_64-linux-gnu/libc.so.6
wait3@@GLIBC_2.2.5                                /lib/x86_64-linux-gnu/libc.so.6
wait3@GLIBC_2.2.5                                 /lib/x86_64-linux-gnu/libc.so.6
wait4                                             /lib/x86_64-linux-gnu/libc.so.6
wait4@@GLIBC_2.2.5                                /lib/x86_64-linux-gnu/libc.so.6
wait4@GLIBC_2.2.5                                 /lib/x86_64-linux-gnu/libc.so.6
wait@@GLIBC_2.2.5                                 /lib/x86_64-linux-gnu/libc.so.6
                                                  /lib/x86_64-linux-gnu/libpthread.so.0
wait@GLIBC_2.2.5                                  /lib/x86_64-linux-gnu/libc.so.6
waitid                                            /lib/x86_64-linux-gnu/libc.so.6
waitid@@GLIBC_2.2.5                               /lib/x86_64-linux-gnu/libc.so.6
waitid@GLIBC_2.2.5                                /lib/x86_64-linux-gnu/libc.so.6
waitpid                                           /lib/x86_64-linux-gnu/libc.so.6
waitpid@@GLIBC_2.2.5                              /lib/x86_64-linux-gnu/libc.so.6
                                                  /lib/x86_64-linux-gnu/libpthread.so.0
waitpid@GLIBC_2.2.5                               /lib/x86_64-linux-gnu/libc.so.6
wcpcpy                                            /lib/x86_64-linux-gnu/libc.so.6
wcpcpy@@GLIBC_2.2.5                               /lib/x86_64-linux-gnu/libc.so.6
wcpcpy@GLIBC_2.2.5                                /lib/x86_64-linux-gnu/libc.so.6
wcpncpy                                           /lib/x86_64-linux-gnu/libc.so.6
wcpncpy@@GLIBC_2.2.5                              /lib/x86_64-linux-gnu/libc.so.6
wcpncpy@GLIBC_2.2.5                               /lib/x86_64-linux-gnu/libc.so.6
wcrtomb                                           /lib/x86_64-linux-gnu/libc.so.6
wcrtomb@@GLIBC_2.2.5                              /lib/x86_64-linux-gnu/libc.so.6
wcrtomb@GLIBC_2.2.5                               /lib/x86_64-linux-gnu/libc.so.6
wcscasecmp                                        /lib/x86_64-linux-gnu/libc.so.6
wcscasecmp@@GLIBC_2.2.5                           /lib/x86_64-linux-gnu/libc.so.6
wcscasecmp@GLIBC_2.2.5                            /lib/x86_64-linux-gnu/libc.so.6
wcscasecmp_l                                      /lib/x86_64-linux-gnu/libc.so.6
wcscasecmp_l@@GLIBC_2.3                           /lib/x86_64-linux-gnu/libc.so.6
wcscasecmp_l@GLIBC_2.3                            /lib/x86_64-linux-gnu/libc.so.6
wcscat                                            /lib/x86_64-linux-gnu/libc.so.6
wcscat@@GLIBC_2.2.5                               /lib/x86_64-linux-gnu/libc.so.6
wcscat@GLIBC_2.2.5                                /lib/x86_64-linux-gnu/libc.so.6
wcschr                                            /lib/x86_64-linux-gnu/libc.so.6
wcschr@@GLIBC_2.2.5                               /lib/x86_64-linux-gnu/libc.so.6
wcschr@GLIBC_2.2.5                                /lib/x86_64-linux-gnu/libc.so.6
wcschrnul                                         /lib/x86_64-linux-gnu/libc.so.6
wcschrnul@@GLIBC_2.2.5                            /lib/x86_64-linux-gnu/libc.so.6
wcschrnul@GLIBC_2.2.5                             /lib/x86_64-linux-gnu/libc.so.6
wcscmp                                            /lib/x86_64-linux-gnu/libc.so.6
wcscmp@@GLIBC_2.2.5                               /lib/x86_64-linux-gnu/libc.so.6
wcscmp@GLIBC_2.2.5                                /lib/x86_64-linux-gnu/libc.so.6
wcscoll                                           /lib/x86_64-linux-gnu/libc.so.6
wcscoll@@GLIBC_2.2.5                              /lib/x86_64-linux-gnu/libc.so.6
wcscoll@GLIBC_2.2.5                               /lib/x86_64-linux-gnu/libc.so.6
wcscoll_l                                         /lib/x86_64-linux-gnu/libc.so.6
wcscoll_l@@GLIBC_2.3                              /lib/x86_64-linux-gnu/libc.so.6
wcscoll_l@GLIBC_2.3                               /lib/x86_64-linux-gnu/libc.so.6
wcsftime_l                                        /lib/x86_64-linux-gnu/libc.so.6
wcsftime_l@@GLIBC_2.3                             /lib/x86_64-linux-gnu/libc.so.6
wcsftime_l@GLIBC_2.3                              /lib/x86_64-linux-gnu/libc.so.6
wcslen                                            /lib/x86_64-linux-gnu/libc.so.6
wcslen@@GLIBC_2.2.5                               /lib/x86_64-linux-gnu/libc.so.6
wcslen@GLIBC_2.2.5                                /lib/x86_64-linux-gnu/libc.so.6
wcsncasecmp                                       /lib/x86_64-linux-gnu/libc.so.6
wcsncasecmp@@GLIBC_2.2.5                          /lib/x86_64-linux-gnu/libc.so.6
wcsncasecmp@GLIBC_2.2.5                           /lib/x86_64-linux-gnu/libc.so.6
wcsncasecmp_l                                     /lib/x86_64-linux-gnu/libc.so.6
wcsncasecmp_l@@GLIBC_2.3                          /lib/x86_64-linux-gnu/libc.so.6
wcsncasecmp_l@GLIBC_2.3                           /lib/x86_64-linux-gnu/libc.so.6
wcsncpy                                           /lib/x86_64-linux-gnu/libc.so.6
wcsncpy@@GLIBC_2.2.5                              /lib/x86_64-linux-gnu/libc.so.6
wcsncpy@GLIBC_2.2.5                               /lib/x86_64-linux-gnu/libc.so.6
wcsnlen                                           /lib/x86_64-linux-gnu/libc.so.6
wcsnlen@@GLIBC_2.2.5                              /lib/x86_64-linux-gnu/libc.so.6
wcsnlen@GLIBC_2.2.5                               /lib/x86_64-linux-gnu/libc.so.6
wcsnrtombs                                        /lib/x86_64-linux-gnu/libc.so.6
wcsnrtombs@@GLIBC_2.2.5                           /lib/x86_64-linux-gnu/libc.so.6
wcsnrtombs@GLIBC_2.2.5                            /lib/x86_64-linux-gnu/libc.so.6
wcsrtombs                                         /lib/x86_64-linux-gnu/libc.so.6
wcsrtombs@@GLIBC_2.2.5                            /lib/x86_64-linux-gnu/libc.so.6
wcsrtombs@GLIBC_2.2.5                             /lib/x86_64-linux-gnu/libc.so.6
wcstod_l                                          /lib/x86_64-linux-gnu/libc.so.6
wcstod_l@@GLIBC_2.3                               /lib/x86_64-linux-gnu/libc.so.6
wcstod_l@GLIBC_2.3                                /lib/x86_64-linux-gnu/libc.so.6
wcstof128_l                                       /lib/x86_64-linux-gnu/libc.so.6
wcstof128_l@@GLIBC_2.26                           /lib/x86_64-linux-gnu/libc.so.6
wcstof128_l@GLIBC_2.26                            /lib/x86_64-linux-gnu/libc.so.6
wcstof32                                          /lib/x86_64-linux-gnu/libc.so.6
wcstof32@@GLIBC_2.27                              /lib/x86_64-linux-gnu/libc.so.6
wcstof32@GLIBC_2.27                               /lib/x86_64-linux-gnu/libc.so.6
wcstof32_l                                        /lib/x86_64-linux-gnu/libc.so.6
wcstof32_l@@GLIBC_2.27                            /lib/x86_64-linux-gnu/libc.so.6
wcstof32_l@GLIBC_2.27                             /lib/x86_64-linux-gnu/libc.so.6
wcstof32x                                         /lib/x86_64-linux-gnu/libc.so.6
wcstof32x@@GLIBC_2.27                             /lib/x86_64-linux-gnu/libc.so.6
wcstof32x@GLIBC_2.27                              /lib/x86_64-linux-gnu/libc.so.6
wcstof32x_l                                       /lib/x86_64-linux-gnu/libc.so.6
wcstof32x_l@@GLIBC_2.27                           /lib/x86_64-linux-gnu/libc.so.6
wcstof32x_l@GLIBC_2.27                            /lib/x86_64-linux-gnu/libc.so.6
wcstof64                                          /lib/x86_64-linux-gnu/libc.so.6
wcstof64@@GLIBC_2.27                              /lib/x86_64-linux-gnu/libc.so.6
wcstof64@GLIBC_2.27                               /lib/x86_64-linux-gnu/libc.so.6
wcstof64_l                                        /lib/x86_64-linux-gnu/libc.so.6
wcstof64_l@@GLIBC_2.27                            /lib/x86_64-linux-gnu/libc.so.6
wcstof64_l@GLIBC_2.27                             /lib/x86_64-linux-gnu/libc.so.6
wcstof64x                                         /lib/x86_64-linux-gnu/libc.so.6
wcstof64x@@GLIBC_2.27                             /lib/x86_64-linux-gnu/libc.so.6
wcstof64x@GLIBC_2.27                              /lib/x86_64-linux-gnu/libc.so.6
wcstof64x_l                                       /lib/x86_64-linux-gnu/libc.so.6
wcstof64x_l@@GLIBC_2.27                           /lib/x86_64-linux-gnu/libc.so.6
wcstof64x_l@GLIBC_2.27                            /lib/x86_64-linux-gnu/libc.so.6
wcstof_l                                          /lib/x86_64-linux-gnu/libc.so.6
wcstof_l@@GLIBC_2.3                               /lib/x86_64-linux-gnu/libc.so.6
wcstof_l@GLIBC_2.3                                /lib/x86_64-linux-gnu/libc.so.6
wcstol                                            /lib/x86_64-linux-gnu/libc.so.6
wcstol@@GLIBC_2.2.5                               /lib/x86_64-linux-gnu/libc.so.6
wcstol@GLIBC_2.2.5                                /lib/x86_64-linux-gnu/libc.so.6
wcstol_l                                          /lib/x86_64-linux-gnu/libc.so.6
wcstol_l@@GLIBC_2.3                               /lib/x86_64-linux-gnu/libc.so.6
wcstol_l@GLIBC_2.3                                /lib/x86_64-linux-gnu/libc.so.6
wcstold_l                                         /lib/x86_64-linux-gnu/libc.so.6
wcstold_l@@GLIBC_2.3                              /lib/x86_64-linux-gnu/libc.so.6
wcstold_l@GLIBC_2.3                               /lib/x86_64-linux-gnu/libc.so.6
wcstoll                                           /lib/x86_64-linux-gnu/libc.so.6
wcstoll@@GLIBC_2.2.5                              /lib/x86_64-linux-gnu/libc.so.6
wcstoll@GLIBC_2.2.5                               /lib/x86_64-linux-gnu/libc.so.6
wcstoll_l                                         /lib/x86_64-linux-gnu/libc.so.6
wcstoll_l@@GLIBC_2.3                              /lib/x86_64-linux-gnu/libc.so.6
wcstoll_l@GLIBC_2.3                               /lib/x86_64-linux-gnu/libc.so.6
wcstoq                                            /lib/x86_64-linux-gnu/libc.so.6
wcstoq@@GLIBC_2.2.5                               /lib/x86_64-linux-gnu/libc.so.6
wcstoq@GLIBC_2.2.5                                /lib/x86_64-linux-gnu/libc.so.6
wcstoul                                           /lib/x86_64-linux-gnu/libc.so.6
wcstoul@@GLIBC_2.2.5                              /lib/x86_64-linux-gnu/libc.so.6
wcstoul@GLIBC_2.2.5                               /lib/x86_64-linux-gnu/libc.so.6
wcstoul_l                                         /lib/x86_64-linux-gnu/libc.so.6
wcstoul_l@@GLIBC_2.3                              /lib/x86_64-linux-gnu/libc.so.6
wcstoul_l@GLIBC_2.3                               /lib/x86_64-linux-gnu/libc.so.6
wcstoull                                          /lib/x86_64-linux-gnu/libc.so.6
wcstoull@@GLIBC_2.2.5                             /lib/x86_64-linux-gnu/libc.so.6
wcstoull@GLIBC_2.2.5                              /lib/x86_64-linux-gnu/libc.so.6
wcstoull_l                                        /lib/x86_64-linux-gnu/libc.so.6
wcstoull_l@@GLIBC_2.3                             /lib/x86_64-linux-gnu/libc.so.6
wcstoull_l@GLIBC_2.3                              /lib/x86_64-linux-gnu/libc.so.6
wcstouq                                           /lib/x86_64-linux-gnu/libc.so.6
wcstouq@@GLIBC_2.2.5                              /lib/x86_64-linux-gnu/libc.so.6
wcstouq@GLIBC_2.2.5                               /lib/x86_64-linux-gnu/libc.so.6
wcswcs                                            /lib/x86_64-linux-gnu/libc.so.6
wcswcs@@GLIBC_2.2.5                               /lib/x86_64-linux-gnu/libc.so.6
wcswcs@GLIBC_2.2.5                                /lib/x86_64-linux-gnu/libc.so.6
wcsxfrm_l                                         /lib/x86_64-linux-gnu/libc.so.6
wcsxfrm_l@@GLIBC_2.3                              /lib/x86_64-linux-gnu/libc.so.6
wcsxfrm_l@GLIBC_2.3                               /lib/x86_64-linux-gnu/libc.so.6
wctrans                                           /lib/x86_64-linux-gnu/libc.so.6
wctrans@@GLIBC_2.2.5                              /lib/x86_64-linux-gnu/libc.so.6
wctrans@GLIBC_2.2.5                               /lib/x86_64-linux-gnu/libc.so.6
wctrans_l                                         /lib/x86_64-linux-gnu/libc.so.6
wctrans_l@@GLIBC_2.3                              /lib/x86_64-linux-gnu/libc.so.6
wctrans_l@GLIBC_2.3                               /lib/x86_64-linux-gnu/libc.so.6
wctype                                            /lib/x86_64-linux-gnu/libc.so.6
wctype@@GLIBC_2.2.5                               /lib/x86_64-linux-gnu/libc.so.6
wctype@GLIBC_2.2.5                                /lib/x86_64-linux-gnu/libc.so.6
wctype_l                                          /lib/x86_64-linux-gnu/libc.so.6
wctype_l@@GLIBC_2.3                               /lib/x86_64-linux-gnu/libc.so.6
wctype_l@GLIBC_2.3                                /lib/x86_64-linux-gnu/libc.so.6
wmemchr                                           /lib/x86_64-linux-gnu/libc.so.6
wmemchr@@GLIBC_2.2.5                              /lib/x86_64-linux-gnu/libc.so.6
wmemchr@GLIBC_2.2.5                               /lib/x86_64-linux-gnu/libc.so.6
wmemcpy                                           /lib/x86_64-linux-gnu/libc.so.6
wmemcpy@@GLIBC_2.2.5                              /lib/x86_64-linux-gnu/libc.so.6
wmemcpy@GLIBC_2.2.5                               /lib/x86_64-linux-gnu/libc.so.6
wmemmove                                          /lib/x86_64-linux-gnu/libc.so.6
wmemmove@@GLIBC_2.2.5                             /lib/x86_64-linux-gnu/libc.so.6
wmemmove@GLIBC_2.2.5                              /lib/x86_64-linux-gnu/libc.so.6
wmempcpy                                          /lib/x86_64-linux-gnu/libc.so.6
wmempcpy@@GLIBC_2.2.5                             /lib/x86_64-linux-gnu/libc.so.6
wmempcpy@GLIBC_2.2.5                              /lib/x86_64-linux-gnu/libc.so.6
wmemset                                           /lib/x86_64-linux-gnu/libc.so.6
wmemset@@GLIBC_2.2.5                              /lib/x86_64-linux-gnu/libc.so.6
wmemset@GLIBC_2.2.5                               /lib/x86_64-linux-gnu/libc.so.6
write                                             /lib/x86_64-linux-gnu/libc.so.6
write@@GLIBC_2.2.5                                /lib/x86_64-linux-gnu/libc.so.6
                                                  /lib/x86_64-linux-gnu/libpthread.so.0
write@GLIBC_2.2.5                                 /lib/x86_64-linux-gnu/libc.so.6
                                                  //lib/x86_64-linux-gnu/librt.so.1
                                                  /users/lr499/dpdk-stable-17.11.10/x86_64-native-linuxapp-gcc/lib/librte_eal.so
writev                                            /lib/x86_64-linux-gnu/libc.so.6
writev@@GLIBC_2.2.5                               /lib/x86_64-linux-gnu/libc.so.6
writev@GLIBC_2.2.5                                /lib/x86_64-linux-gnu/libc.so.6
