Archive member included to satisfy reference by file (symbol)

/usr/lib/x86_64-linux-gnu/libc_nonshared.a(elf-init.oS)
                              /usr/lib/gcc/x86_64-linux-gnu/7/../../../x86_64-linux-gnu/Scrt1.o (__libc_csu_init)

As-needed library included to satisfy reference by file (symbol)

librte_pmd_crypto_scheduler.so.1.1
                              main.o (rte_cryptodev_scheduler_mode_get@@DPDK_17.05)
librte_cryptodev.so.4.1       main.o (rte_cryptodev_queue_pair_setup@@DPDK_16.04)
librte_mempool.so.3.1         cperf_test_common.o (rte_mempool_set_ops_byname@@DPDK_16.07)
librte_eal.so.6.1             main.o (rte_eal_wait_lcore@@DPDK_2.0)
libpthread.so.0               cperf_options_parsing.o (__errno_location@@GLIBC_2.2.5)
libc.so.6                     cperf_test_vector_parsing.o (strcpy@@GLIBC_2.2.5)
ld-linux-x86-64.so.2          cperf_test_throughput.o (__tls_get_addr@@GLIBC_2.3)

Discarded input sections

 .note.GNU-stack
                0x0000000000000000        0x0 /usr/lib/gcc/x86_64-linux-gnu/7/../../../x86_64-linux-gnu/Scrt1.o
 .note.GNU-stack
                0x0000000000000000        0x0 /usr/lib/gcc/x86_64-linux-gnu/7/../../../x86_64-linux-gnu/crti.o
 .note.GNU-stack
                0x0000000000000000        0x0 /usr/lib/gcc/x86_64-linux-gnu/7/crtbeginS.o
 .note.GNU-stack
                0x0000000000000000        0x0 main.o
 .note.GNU-stack
                0x0000000000000000        0x0 cperf_ops.o
 .note.GNU-stack
                0x0000000000000000        0x0 cperf_options_parsing.o
 .note.GNU-stack
                0x0000000000000000        0x0 cperf_test_vectors.o
 .note.GNU-stack
                0x0000000000000000        0x0 cperf_test_throughput.o
 .note.GNU-stack
                0x0000000000000000        0x0 cperf_test_latency.o
 .note.GNU-stack
                0x0000000000000000        0x0 cperf_test_pmd_cyclecount.o
 .note.GNU-stack
                0x0000000000000000        0x0 cperf_test_verify.o
 .note.GNU-stack
                0x0000000000000000        0x0 cperf_test_vector_parsing.o
 .note.GNU-stack
                0x0000000000000000        0x0 cperf_test_common.o
 .note.GNU-stack
                0x0000000000000000        0x0 /usr/lib/x86_64-linux-gnu/libc_nonshared.a(elf-init.oS)
 .note.GNU-stack
                0x0000000000000000        0x0 /usr/lib/gcc/x86_64-linux-gnu/7/crtendS.o
 .note.GNU-stack
                0x0000000000000000        0x0 /usr/lib/gcc/x86_64-linux-gnu/7/../../../x86_64-linux-gnu/crtn.o

Memory Configuration

Name             Origin             Length             Attributes
*default*        0x0000000000000000 0xffffffffffffffff

Linker script and memory map

LOAD /usr/lib/gcc/x86_64-linux-gnu/7/../../../x86_64-linux-gnu/Scrt1.o
LOAD /usr/lib/gcc/x86_64-linux-gnu/7/../../../x86_64-linux-gnu/crti.o
LOAD /usr/lib/gcc/x86_64-linux-gnu/7/crtbeginS.o
LOAD main.o
LOAD cperf_ops.o
LOAD cperf_options_parsing.o
LOAD cperf_test_vectors.o
LOAD cperf_test_throughput.o
LOAD cperf_test_latency.o
LOAD cperf_test_pmd_cyclecount.o
LOAD cperf_test_verify.o
LOAD cperf_test_vector_parsing.o
LOAD cperf_test_common.o
LOAD /users/lr499/dpdk-stable-17.11.10/x86_64-native-linuxapp-gcc/lib/librte_pmd_crypto_scheduler.so
LOAD /users/lr499/dpdk-stable-17.11.10/x86_64-native-linuxapp-gcc/lib/librte_flow_classify.so
LOAD /users/lr499/dpdk-stable-17.11.10/x86_64-native-linuxapp-gcc/lib/librte_pipeline.so
LOAD /users/lr499/dpdk-stable-17.11.10/x86_64-native-linuxapp-gcc/lib/librte_table.so
LOAD /users/lr499/dpdk-stable-17.11.10/x86_64-native-linuxapp-gcc/lib/librte_port.so
LOAD /users/lr499/dpdk-stable-17.11.10/x86_64-native-linuxapp-gcc/lib/librte_pdump.so
LOAD /users/lr499/dpdk-stable-17.11.10/x86_64-native-linuxapp-gcc/lib/librte_distributor.so
LOAD /users/lr499/dpdk-stable-17.11.10/x86_64-native-linuxapp-gcc/lib/librte_ip_frag.so
LOAD /users/lr499/dpdk-stable-17.11.10/x86_64-native-linuxapp-gcc/lib/librte_gro.so
LOAD /users/lr499/dpdk-stable-17.11.10/x86_64-native-linuxapp-gcc/lib/librte_gso.so
LOAD /users/lr499/dpdk-stable-17.11.10/x86_64-native-linuxapp-gcc/lib/librte_meter.so
LOAD /users/lr499/dpdk-stable-17.11.10/x86_64-native-linuxapp-gcc/lib/librte_lpm.so
LOAD /users/lr499/dpdk-stable-17.11.10/x86_64-native-linuxapp-gcc/lib/librte_acl.so
LOAD /users/lr499/dpdk-stable-17.11.10/x86_64-native-linuxapp-gcc/lib/librte_jobstats.so
LOAD /users/lr499/dpdk-stable-17.11.10/x86_64-native-linuxapp-gcc/lib/librte_metrics.so
LOAD /users/lr499/dpdk-stable-17.11.10/x86_64-native-linuxapp-gcc/lib/librte_bitratestats.so
LOAD /users/lr499/dpdk-stable-17.11.10/x86_64-native-linuxapp-gcc/lib/librte_latencystats.so
LOAD /users/lr499/dpdk-stable-17.11.10/x86_64-native-linuxapp-gcc/lib/librte_power.so
LOAD /users/lr499/dpdk-stable-17.11.10/x86_64-native-linuxapp-gcc/lib/librte_timer.so
LOAD /users/lr499/dpdk-stable-17.11.10/x86_64-native-linuxapp-gcc/lib/librte_efd.so
LOAD /users/lr499/dpdk-stable-17.11.10/x86_64-native-linuxapp-gcc/lib/librte_cfgfile.so
LOAD /users/lr499/dpdk-stable-17.11.10/x86_64-native-linuxapp-gcc/lib/librte_hash.so
LOAD /users/lr499/dpdk-stable-17.11.10/x86_64-native-linuxapp-gcc/lib/librte_member.so
LOAD /users/lr499/dpdk-stable-17.11.10/x86_64-native-linuxapp-gcc/lib/librte_vhost.so
LOAD /users/lr499/dpdk-stable-17.11.10/x86_64-native-linuxapp-gcc/lib/librte_kvargs.so
LOAD /users/lr499/dpdk-stable-17.11.10/x86_64-native-linuxapp-gcc/lib/librte_mbuf.so
LOAD /users/lr499/dpdk-stable-17.11.10/x86_64-native-linuxapp-gcc/lib/librte_net.so
LOAD /users/lr499/dpdk-stable-17.11.10/x86_64-native-linuxapp-gcc/lib/librte_ethdev.so
LOAD /users/lr499/dpdk-stable-17.11.10/x86_64-native-linuxapp-gcc/lib/librte_cryptodev.so
LOAD /users/lr499/dpdk-stable-17.11.10/x86_64-native-linuxapp-gcc/lib/librte_security.so
LOAD /users/lr499/dpdk-stable-17.11.10/x86_64-native-linuxapp-gcc/lib/librte_eventdev.so
LOAD /users/lr499/dpdk-stable-17.11.10/x86_64-native-linuxapp-gcc/lib/librte_mempool.so
LOAD /users/lr499/dpdk-stable-17.11.10/x86_64-native-linuxapp-gcc/lib/librte_mempool_ring.so
LOAD /users/lr499/dpdk-stable-17.11.10/x86_64-native-linuxapp-gcc/lib/librte_ring.so
LOAD /users/lr499/dpdk-stable-17.11.10/x86_64-native-linuxapp-gcc/lib/librte_pci.so
LOAD /users/lr499/dpdk-stable-17.11.10/x86_64-native-linuxapp-gcc/lib/librte_eal.so
LOAD /users/lr499/dpdk-stable-17.11.10/x86_64-native-linuxapp-gcc/lib/librte_cmdline.so
LOAD /users/lr499/dpdk-stable-17.11.10/x86_64-native-linuxapp-gcc/lib/librte_reorder.so
LOAD /users/lr499/dpdk-stable-17.11.10/x86_64-native-linuxapp-gcc/lib/librte_sched.so
LOAD /users/lr499/dpdk-stable-17.11.10/x86_64-native-linuxapp-gcc/lib/librte_kni.so
LOAD /users/lr499/dpdk-stable-17.11.10/x86_64-native-linuxapp-gcc/lib/librte_bus_pci.so
LOAD /users/lr499/dpdk-stable-17.11.10/x86_64-native-linuxapp-gcc/lib/librte_bus_vdev.so
LOAD /usr/lib/gcc/x86_64-linux-gnu/7/libgcc_s.so
START GROUP
LOAD /usr/lib/gcc/x86_64-linux-gnu/7/libgcc_s.so.1
LOAD /usr/lib/gcc/x86_64-linux-gnu/7/libgcc.a
END GROUP
LOAD /usr/lib/gcc/x86_64-linux-gnu/7/../../../x86_64-linux-gnu/libdl.so
LOAD /usr/lib/gcc/x86_64-linux-gnu/7/libgcc.a
LOAD /usr/lib/gcc/x86_64-linux-gnu/7/libgcc_s.so
START GROUP
LOAD /usr/lib/gcc/x86_64-linux-gnu/7/libgcc_s.so.1
LOAD /usr/lib/gcc/x86_64-linux-gnu/7/libgcc.a
END GROUP
LOAD /usr/lib/gcc/x86_64-linux-gnu/7/../../../x86_64-linux-gnu/libpthread.so
START GROUP
LOAD /lib/x86_64-linux-gnu/libpthread.so.0
LOAD /usr/lib/x86_64-linux-gnu/libpthread_nonshared.a
END GROUP
LOAD /usr/lib/gcc/x86_64-linux-gnu/7/../../../x86_64-linux-gnu/libc.so
START GROUP
LOAD /lib/x86_64-linux-gnu/libc.so.6
LOAD /usr/lib/x86_64-linux-gnu/libc_nonshared.a
LOAD /lib/x86_64-linux-gnu/ld-linux-x86-64.so.2
END GROUP
LOAD /usr/lib/gcc/x86_64-linux-gnu/7/libgcc.a
LOAD /usr/lib/gcc/x86_64-linux-gnu/7/libgcc_s.so
START GROUP
LOAD /usr/lib/gcc/x86_64-linux-gnu/7/libgcc_s.so.1
LOAD /usr/lib/gcc/x86_64-linux-gnu/7/libgcc.a
END GROUP
LOAD /usr/lib/gcc/x86_64-linux-gnu/7/crtendS.o
LOAD /usr/lib/gcc/x86_64-linux-gnu/7/../../../x86_64-linux-gnu/crtn.o
                [!provide]                        PROVIDE (__executable_start = SEGMENT_START ("text-segment", 0x0))
                0x0000000000000238                . = (SEGMENT_START ("text-segment", 0x0) + SIZEOF_HEADERS)

.interp         0x0000000000000238       0x1c
 *(.interp)
 .interp        0x0000000000000238       0x1c /usr/lib/gcc/x86_64-linux-gnu/7/../../../x86_64-linux-gnu/Scrt1.o

.note.ABI-tag   0x0000000000000254       0x20
 .note.ABI-tag  0x0000000000000254       0x20 /usr/lib/gcc/x86_64-linux-gnu/7/../../../x86_64-linux-gnu/Scrt1.o

.note.gnu.build-id
                0x0000000000000274       0x24
 *(.note.gnu.build-id)
 .note.gnu.build-id
                0x0000000000000274       0x24 /usr/lib/gcc/x86_64-linux-gnu/7/../../../x86_64-linux-gnu/Scrt1.o

.hash
 *(.hash)

.gnu.hash       0x0000000000000298      0x178
 *(.gnu.hash)
 .gnu.hash      0x0000000000000298      0x178 /usr/lib/gcc/x86_64-linux-gnu/7/../../../x86_64-linux-gnu/Scrt1.o

.dynsym         0x0000000000000410      0xc60
 *(.dynsym)
 .dynsym        0x0000000000000410      0xc60 /usr/lib/gcc/x86_64-linux-gnu/7/../../../x86_64-linux-gnu/Scrt1.o

.dynstr         0x0000000000001070      0xa9d
 *(.dynstr)
 .dynstr        0x0000000000001070      0xa9d /usr/lib/gcc/x86_64-linux-gnu/7/../../../x86_64-linux-gnu/Scrt1.o

.gnu.version    0x0000000000001b0e      0x108
 *(.gnu.version)
 .gnu.version   0x0000000000001b0e      0x108 /usr/lib/gcc/x86_64-linux-gnu/7/../../../x86_64-linux-gnu/Scrt1.o

.gnu.version_d  0x0000000000001c18        0x0
 *(.gnu.version_d)
 .gnu.version_d
                0x0000000000001c18        0x0 /usr/lib/gcc/x86_64-linux-gnu/7/../../../x86_64-linux-gnu/Scrt1.o

.gnu.version_r  0x0000000000001c18      0x170
 *(.gnu.version_r)
 .gnu.version_r
                0x0000000000001c18      0x170 /usr/lib/gcc/x86_64-linux-gnu/7/../../../x86_64-linux-gnu/Scrt1.o

.rela.dyn       0x0000000000001d88      0xc30
 *(.rela.init)
 *(.rela.text .rela.text.* .rela.gnu.linkonce.t.*)
 .rela.text     0x0000000000001d88        0x0 /usr/lib/gcc/x86_64-linux-gnu/7/../../../x86_64-linux-gnu/Scrt1.o
 *(.rela.fini)
 *(.rela.rodata .rela.rodata.* .rela.gnu.linkonce.r.*)
 *(.rela.data .rela.data.* .rela.gnu.linkonce.d.*)
 .rela.data.rel.ro
                0x0000000000001d88      0x120 /usr/lib/gcc/x86_64-linux-gnu/7/../../../x86_64-linux-gnu/Scrt1.o
 .rela.data.rel.local
                0x0000000000001ea8      0x3c0 /usr/lib/gcc/x86_64-linux-gnu/7/../../../x86_64-linux-gnu/Scrt1.o
 .rela.data     0x0000000000002268      0x5a0 /usr/lib/gcc/x86_64-linux-gnu/7/../../../x86_64-linux-gnu/Scrt1.o
 *(.rela.tdata .rela.tdata.* .rela.gnu.linkonce.td.*)
 *(.rela.tbss .rela.tbss.* .rela.gnu.linkonce.tb.*)
 *(.rela.ctors)
 *(.rela.dtors)
 *(.rela.got)
 .rela.got      0x0000000000002808      0x180 /usr/lib/gcc/x86_64-linux-gnu/7/../../../x86_64-linux-gnu/Scrt1.o
 *(.rela.bss .rela.bss.* .rela.gnu.linkonce.b.*)
 .rela.bss      0x0000000000002988        0x0 /usr/lib/gcc/x86_64-linux-gnu/7/../../../x86_64-linux-gnu/Scrt1.o
 *(.rela.ldata .rela.ldata.* .rela.gnu.linkonce.l.*)
 *(.rela.lbss .rela.lbss.* .rela.gnu.linkonce.lb.*)
 *(.rela.lrodata .rela.lrodata.* .rela.gnu.linkonce.lr.*)
 *(.rela.ifunc)
 .rela.ifunc    0x0000000000002988        0x0 /usr/lib/gcc/x86_64-linux-gnu/7/../../../x86_64-linux-gnu/Scrt1.o
 .rela.fini_array
                0x0000000000002988       0x18 /usr/lib/gcc/x86_64-linux-gnu/7/../../../x86_64-linux-gnu/Scrt1.o
 .rela.init_array
                0x00000000000029a0       0x18 /usr/lib/gcc/x86_64-linux-gnu/7/../../../x86_64-linux-gnu/Scrt1.o

.rela.plt       0x00000000000029b8      0x690
 *(.rela.plt)
 .rela.plt      0x00000000000029b8      0x690 /usr/lib/gcc/x86_64-linux-gnu/7/../../../x86_64-linux-gnu/Scrt1.o
                [!provide]                        PROVIDE (__rela_iplt_start = .)
 *(.rela.iplt)
                [!provide]                        PROVIDE (__rela_iplt_end = .)

.init           0x0000000000003048       0x17
 *(SORT_NONE(.init))
 .init          0x0000000000003048       0x12 /usr/lib/gcc/x86_64-linux-gnu/7/../../../x86_64-linux-gnu/crti.o
                0x0000000000003048                _init
 .init          0x000000000000305a        0x5 /usr/lib/gcc/x86_64-linux-gnu/7/../../../x86_64-linux-gnu/crtn.o

.plt            0x0000000000003060      0x470
 *(.plt)
 .plt           0x0000000000003060      0x470 /usr/lib/gcc/x86_64-linux-gnu/7/../../../x86_64-linux-gnu/Scrt1.o
 *(.iplt)

.plt.got        0x00000000000034d0        0x8
 *(.plt.got)
 .plt.got       0x00000000000034d0        0x8 /usr/lib/gcc/x86_64-linux-gnu/7/../../../x86_64-linux-gnu/Scrt1.o

.plt.sec
 *(.plt.sec)

.text           0x00000000000034e0     0xf662
 *(.text.unlikely .text.*_unlikely .text.unlikely.*)
 *(.text.exit .text.exit.*)
 *(.text.startup .text.startup.*)
 *(.text.hot .text.hot.*)
 *(.text .stub .text.* .gnu.linkonce.t.*)
 .text          0x00000000000034e0       0x2b /usr/lib/gcc/x86_64-linux-gnu/7/../../../x86_64-linux-gnu/Scrt1.o
                0x00000000000034e0                _start
 .text          0x000000000000350b        0x0 /usr/lib/gcc/x86_64-linux-gnu/7/../../../x86_64-linux-gnu/crti.o
 *fill*         0x000000000000350b        0x5 
 .text          0x0000000000003510       0xda /usr/lib/gcc/x86_64-linux-gnu/7/crtbeginS.o
 .text          0x00000000000035ea     0x17a6 main.o
                0x0000000000004373                main
 .text          0x0000000000004d90     0x14eb cperf_ops.o
                0x000000000000615d                cperf_get_op_functions
 .text          0x000000000000627b     0x2071 cperf_options_parsing.o
                0x00000000000073fb                cperf_options_default
                0x00000000000076f3                cperf_options_parse
                0x0000000000007997                cperf_options_check
                0x0000000000007cee                cperf_options_dump
 .text          0x00000000000082ec      0x675 cperf_test_vectors.o
                0x00000000000082ec                cperf_test_vector_get_dummy
 .text          0x0000000000008961     0x1d0f cperf_test_throughput.o
                0x0000000000009416                cperf_throughput_test_constructor
                0x000000000000953f                cperf_throughput_test_runner
                0x000000000000a644                cperf_throughput_test_destructor
 .text          0x000000000000a670     0x25cc cperf_test_latency.o
                0x000000000000b135                cperf_latency_test_constructor
                0x000000000000b2f9                cperf_latency_test_runner
                0x000000000000cc10                cperf_latency_test_destructor
 .text          0x000000000000cc3c     0x20d1 cperf_test_pmd_cyclecount.o
                0x000000000000d72f                cperf_pmd_cyclecount_test_constructor
                0x000000000000e975                cperf_pmd_cyclecount_test_runner
                0x000000000000ece1                cperf_pmd_cyclecount_test_destructor
 .text          0x000000000000ed0d     0x1ee6 cperf_test_verify.o
                0x000000000000f77d                cperf_verify_test_constructor
                0x000000000000fc91                cperf_verify_test_runner
                0x0000000000010bc7                cperf_verify_test_destructor
 .text          0x0000000000010bf3     0x17b6 cperf_test_vector_parsing.o
                0x0000000000010bf3                free_test_vector
                0x0000000000010cc3                show_test_vector
                0x00000000000122d0                cperf_test_vector_get_from_file
 .text          0x00000000000123a9      0x718 cperf_test_common.o
                0x0000000000012759                cperf_alloc_common_memory
 *fill*         0x0000000000012ac1        0xf 
 .text          0x0000000000012ad0       0x72 /usr/lib/x86_64-linux-gnu/libc_nonshared.a(elf-init.oS)
                0x0000000000012ad0                __libc_csu_init
                0x0000000000012b40                __libc_csu_fini
 .text          0x0000000000012b42        0x0 /usr/lib/gcc/x86_64-linux-gnu/7/crtendS.o
 .text          0x0000000000012b42        0x0 /usr/lib/gcc/x86_64-linux-gnu/7/../../../x86_64-linux-gnu/crtn.o
 *(.gnu.warning)

.fini           0x0000000000012b44        0x9
 *(SORT_NONE(.fini))
 .fini          0x0000000000012b44        0x4 /usr/lib/gcc/x86_64-linux-gnu/7/../../../x86_64-linux-gnu/crti.o
                0x0000000000012b44                _fini
 .fini          0x0000000000012b48        0x5 /usr/lib/gcc/x86_64-linux-gnu/7/../../../x86_64-linux-gnu/crtn.o
                [!provide]                        PROVIDE (__etext = .)
                [!provide]                        PROVIDE (_etext = .)
                [!provide]                        PROVIDE (etext = .)

.rodata         0x0000000000012b50     0x23df
 *(.rodata .rodata.* .gnu.linkonce.r.*)
 .rodata.cst4   0x0000000000012b50        0x4 /usr/lib/gcc/x86_64-linux-gnu/7/../../../x86_64-linux-gnu/Scrt1.o
                0x0000000000012b50                _IO_stdin_used
 *fill*         0x0000000000012b54        0x4 
 .rodata        0x0000000000012b58      0x484 main.o
 *fill*         0x0000000000012fdc        0x4 
 .rodata        0x0000000000012fe0     0x10fe cperf_options_parsing.o
 *fill*         0x00000000000140de        0x2 
 .rodata        0x00000000000140e0      0x280 cperf_test_throughput.o
 .rodata        0x0000000000014360      0x2c4 cperf_test_latency.o
 *fill*         0x0000000000014624        0xc 
 .rodata        0x0000000000014630      0x244 cperf_test_pmd_cyclecount.o
 *fill*         0x0000000000014874        0xc 
 .rodata        0x0000000000014880      0x274 cperf_test_verify.o
 *fill*         0x0000000000014af4        0x4 
 .rodata        0x0000000000014af8      0x372 cperf_test_vector_parsing.o
 *fill*         0x0000000000014e6a        0x6 
 .rodata        0x0000000000014e70       0xbf cperf_test_common.o

.rodata1
 *(.rodata1)

.eh_frame_hdr   0x0000000000014f30      0x51c
 *(.eh_frame_hdr)
 .eh_frame_hdr  0x0000000000014f30      0x51c /usr/lib/gcc/x86_64-linux-gnu/7/../../../x86_64-linux-gnu/Scrt1.o
                0x0000000000014f30                __GNU_EH_FRAME_HDR
 *(.eh_frame_entry .eh_frame_entry.*)

.eh_frame       0x0000000000015450     0x1510
 *(.eh_frame)
 .eh_frame      0x0000000000015450       0x30 /usr/lib/gcc/x86_64-linux-gnu/7/../../../x86_64-linux-gnu/Scrt1.o
                                         0x2c (size before relaxing)
 *fill*         0x0000000000015480        0x0 
 .eh_frame      0x0000000000015480       0x40 /usr/lib/gcc/x86_64-linux-gnu/7/../../../x86_64-linux-gnu/Scrt1.o
 .eh_frame      0x00000000000154c0       0x18 /usr/lib/gcc/x86_64-linux-gnu/7/../../../x86_64-linux-gnu/Scrt1.o
                                         0x30 (size before relaxing)
 .eh_frame      0x00000000000154d8      0x108 main.o
                                        0x120 (size before relaxing)
 .eh_frame      0x00000000000155e0      0x140 cperf_ops.o
                                        0x158 (size before relaxing)
 .eh_frame      0x0000000000015720      0x540 cperf_options_parsing.o
                                        0x558 (size before relaxing)
 .eh_frame      0x0000000000015c60       0x20 cperf_test_vectors.o
                                         0x38 (size before relaxing)
 .eh_frame      0x0000000000015c80      0x280 cperf_test_throughput.o
                                        0x298 (size before relaxing)
 .eh_frame      0x0000000000015f00      0x2a0 cperf_test_latency.o
                                        0x2b8 (size before relaxing)
 .eh_frame      0x00000000000161a0      0x318 cperf_test_pmd_cyclecount.o
                                        0x330 (size before relaxing)
 .eh_frame      0x00000000000164b8      0x280 cperf_test_verify.o
                                        0x298 (size before relaxing)
 .eh_frame      0x0000000000016738       0xe8 cperf_test_vector_parsing.o
                                        0x100 (size before relaxing)
 .eh_frame      0x0000000000016820       0xe0 cperf_test_common.o
                                         0xf8 (size before relaxing)
 .eh_frame      0x0000000000016900       0x5c /usr/lib/x86_64-linux-gnu/libc_nonshared.a(elf-init.oS)
                                         0x78 (size before relaxing)
 .eh_frame      0x000000000001695c        0x4 /usr/lib/gcc/x86_64-linux-gnu/7/crtendS.o
 *(.eh_frame.*)

.gcc_except_table
 *(.gcc_except_table .gcc_except_table.*)

.gnu_extab
 *(.gnu_extab*)

.exception_ranges
 *(.exception_ranges .exception_ranges*)
                0x0000000000216a70                . = DATA_SEGMENT_ALIGN (CONSTANT (MAXPAGESIZE), CONSTANT (COMMONPAGESIZE))

.eh_frame
 *(.eh_frame)
 *(.eh_frame.*)

.gnu_extab
 *(.gnu_extab)

.gcc_except_table
 *(.gcc_except_table .gcc_except_table.*)

.exception_ranges
 *(.exception_ranges .exception_ranges*)

.tdata
 *(.tdata .tdata.* .gnu.linkonce.td.*)

.tbss
 *(.tbss .tbss.* .gnu.linkonce.tb.*)
 *(.tcommon)

.preinit_array  0x0000000000216a70        0x0
                [!provide]                        PROVIDE (__preinit_array_start = .)
 *(.preinit_array)
                [!provide]                        PROVIDE (__preinit_array_end = .)

.init_array     0x0000000000216a70        0x8
                0x0000000000216a70                PROVIDE (__init_array_start = .)
 *(SORT_BY_INIT_PRIORITY(.init_array.*) SORT_BY_INIT_PRIORITY(.ctors.*))
 *(.init_array EXCLUDE_FILE(*crtend?.o *crtend.o *crtbegin?.o *crtbegin.o) .ctors)
 .init_array    0x0000000000216a70        0x8 /usr/lib/gcc/x86_64-linux-gnu/7/crtbeginS.o
                0x0000000000216a78                PROVIDE (__init_array_end = .)

.fini_array     0x0000000000216a78        0x8
                [!provide]                        PROVIDE (__fini_array_start = .)
 *(SORT_BY_INIT_PRIORITY(.fini_array.*) SORT_BY_INIT_PRIORITY(.dtors.*))
 *(.fini_array EXCLUDE_FILE(*crtend?.o *crtend.o *crtbegin?.o *crtbegin.o) .dtors)
 .fini_array    0x0000000000216a78        0x8 /usr/lib/gcc/x86_64-linux-gnu/7/crtbeginS.o
                [!provide]                        PROVIDE (__fini_array_end = .)

.ctors
 *crtbegin.o(.ctors)
 *crtbegin?.o(.ctors)
 *(EXCLUDE_FILE(*crtend?.o *crtend.o) .ctors)
 *(SORT_BY_NAME(.ctors.*))
 *(.ctors)

.dtors
 *crtbegin.o(.dtors)
 *crtbegin?.o(.dtors)
 *(EXCLUDE_FILE(*crtend?.o *crtend.o) .dtors)
 *(SORT_BY_NAME(.dtors.*))
 *(.dtors)

.jcr
 *(.jcr)

.data.rel.ro    0x0000000000216a80       0x60
 *(.data.rel.ro.local* .gnu.linkonce.d.rel.ro.local.*)
 *(.data.rel.ro .data.rel.ro.* .gnu.linkonce.d.rel.ro.*)
 .data.rel.ro   0x0000000000216a80        0x0 /usr/lib/gcc/x86_64-linux-gnu/7/../../../x86_64-linux-gnu/Scrt1.o
 .data.rel.ro   0x0000000000216a80       0x60 main.o
                0x0000000000216a80                cperf_testmap

.dynamic        0x0000000000216ae0      0x250
 *(.dynamic)
 .dynamic       0x0000000000216ae0      0x250 /usr/lib/gcc/x86_64-linux-gnu/7/../../../x86_64-linux-gnu/Scrt1.o
                0x0000000000216ae0                _DYNAMIC

.got            0x0000000000216d30      0x2c8
 *(.got.plt)
 .got.plt       0x0000000000216d30      0x248 /usr/lib/gcc/x86_64-linux-gnu/7/../../../x86_64-linux-gnu/Scrt1.o
                0x0000000000216d30                _GLOBAL_OFFSET_TABLE_
 *(.igot.plt)
 *(.got)
 .got           0x0000000000216f78       0x80 /usr/lib/gcc/x86_64-linux-gnu/7/../../../x86_64-linux-gnu/Scrt1.o
 *(.igot)
                0x0000000000217000                . = DATA_SEGMENT_RELRO_END (., 0x0)

.data           0x0000000000217000     0x1721
 *(.data .data.* .gnu.linkonce.d.*)
 .data          0x0000000000217000        0x4 /usr/lib/gcc/x86_64-linux-gnu/7/../../../x86_64-linux-gnu/Scrt1.o
                0x0000000000217000                data_start
                0x0000000000217000                __data_start
 .data          0x0000000000217004        0x0 /usr/lib/gcc/x86_64-linux-gnu/7/../../../x86_64-linux-gnu/crti.o
 .data          0x0000000000217004        0x0 /usr/lib/gcc/x86_64-linux-gnu/7/crtbeginS.o
 *fill*         0x0000000000217004        0x4 
 .data.rel.local
                0x0000000000217008        0x8 /usr/lib/gcc/x86_64-linux-gnu/7/crtbeginS.o
                0x0000000000217008                __dso_handle
 .data          0x0000000000217010        0x0 main.o
 *fill*         0x0000000000217010       0x10 
 .data.rel.local
                0x0000000000217020       0x50 main.o
                0x0000000000217020                cperf_test_type_strs
                0x0000000000217040                cperf_op_type_strs
 .data          0x0000000000217070        0x0 cperf_ops.o
 *fill*         0x0000000000217070       0x10 
 .data          0x0000000000217080      0x1e0 cperf_options_parsing.o
 .data.rel.local
                0x0000000000217260      0x3e0 cperf_options_parsing.o
 .data          0x0000000000217640     0x10e0 cperf_test_vectors.o
                0x0000000000217640                plaintext
                0x0000000000217e40                ciphertext
                0x0000000000218640                aad
                0x0000000000218650                iv
                0x0000000000218660                cipher_key
                0x0000000000218680                auth_key
                0x0000000000218700                aead_key
 .data          0x0000000000218720        0x0 cperf_test_throughput.o
 .data          0x0000000000218720        0x0 cperf_test_latency.o
 .data          0x0000000000218720        0x1 cperf_test_pmd_cyclecount.o
 .data          0x0000000000218721        0x0 cperf_test_verify.o
 .data          0x0000000000218721        0x0 cperf_test_vector_parsing.o
 .data          0x0000000000218721        0x0 cperf_test_common.o
 .data          0x0000000000218721        0x0 /usr/lib/x86_64-linux-gnu/libc_nonshared.a(elf-init.oS)
 .data          0x0000000000218721        0x0 /usr/lib/gcc/x86_64-linux-gnu/7/crtendS.o
 .data          0x0000000000218721        0x0 /usr/lib/gcc/x86_64-linux-gnu/7/../../../x86_64-linux-gnu/crtn.o

.tm_clone_table
                0x0000000000218728        0x0
 .tm_clone_table
                0x0000000000218728        0x0 /usr/lib/gcc/x86_64-linux-gnu/7/crtbeginS.o
 .tm_clone_table
                0x0000000000218728        0x0 /usr/lib/gcc/x86_64-linux-gnu/7/crtendS.o

.data1
 *(.data1)
                0x0000000000218728                _edata = .
                [!provide]                        PROVIDE (edata = .)
                0x0000000000218728                . = .
                0x0000000000218728                __bss_start = .

.bss            0x0000000000218740      0x830
 *(.dynbss)
 .dynbss        0x0000000000218740        0x0 /usr/lib/gcc/x86_64-linux-gnu/7/../../../x86_64-linux-gnu/Scrt1.o
 *(.bss .bss.* .gnu.linkonce.b.*)
 .bss           0x0000000000218740        0x0 /usr/lib/gcc/x86_64-linux-gnu/7/../../../x86_64-linux-gnu/Scrt1.o
 .bss           0x0000000000218740        0x0 /usr/lib/gcc/x86_64-linux-gnu/7/../../../x86_64-linux-gnu/crti.o
 .bss           0x0000000000218740        0x1 /usr/lib/gcc/x86_64-linux-gnu/7/crtbeginS.o
 .bss           0x0000000000218741        0x0 main.o
 .bss           0x0000000000218741        0x0 cperf_ops.o
 .bss           0x0000000000218741        0x0 cperf_options_parsing.o
 *fill*         0x0000000000218741       0x1f 
 .bss           0x0000000000218760      0x800 cperf_test_vectors.o
                0x0000000000218760                digest
 .bss           0x0000000000218f60        0x4 cperf_test_throughput.o
 .bss           0x0000000000218f64        0x4 cperf_test_latency.o
 .bss           0x0000000000218f68        0x4 cperf_test_pmd_cyclecount.o
 .bss           0x0000000000218f6c        0x4 cperf_test_verify.o
 .bss           0x0000000000218f70        0x0 cperf_test_vector_parsing.o
 .bss           0x0000000000218f70        0x0 cperf_test_common.o
 .bss           0x0000000000218f70        0x0 /usr/lib/x86_64-linux-gnu/libc_nonshared.a(elf-init.oS)
 .bss           0x0000000000218f70        0x0 /usr/lib/gcc/x86_64-linux-gnu/7/crtendS.o
 .bss           0x0000000000218f70        0x0 /usr/lib/gcc/x86_64-linux-gnu/7/../../../x86_64-linux-gnu/crtn.o
 *(COMMON)
                0x0000000000218f70                . = ALIGN ((. != 0x0)?0x8:0x1)

.lbss
 *(.dynlbss)
 *(.lbss .lbss.* .gnu.linkonce.lb.*)
 *(LARGE_COMMON)
                0x0000000000218f70                . = ALIGN (0x8)
                0x0000000000218f70                . = SEGMENT_START ("ldata-segment", .)

.lrodata
 *(.lrodata .lrodata.* .gnu.linkonce.lr.*)

.ldata          0x0000000000618f70        0x0
 *(.ldata .ldata.* .gnu.linkonce.l.*)
                0x0000000000618f70                . = ALIGN ((. != 0x0)?0x8:0x1)
                0x0000000000618f70                . = ALIGN (0x8)
                0x0000000000618f70                _end = .
                [!provide]                        PROVIDE (end = .)
                0x0000000000618f70                . = DATA_SEGMENT_END (.)

.stab
 *(.stab)

.stabstr
 *(.stabstr)

.stab.excl
 *(.stab.excl)

.stab.exclstr
 *(.stab.exclstr)

.stab.index
 *(.stab.index)

.stab.indexstr
 *(.stab.indexstr)

.comment        0x0000000000000000       0x29
 *(.comment)
 .comment       0x0000000000000000       0x29 /usr/lib/gcc/x86_64-linux-gnu/7/crtbeginS.o
                                         0x2a (size before relaxing)
 .comment       0x0000000000000029       0x2a main.o
 .comment       0x0000000000000029       0x2a cperf_ops.o
 .comment       0x0000000000000029       0x2a cperf_options_parsing.o
 .comment       0x0000000000000029       0x2a cperf_test_vectors.o
 .comment       0x0000000000000029       0x2a cperf_test_throughput.o
 .comment       0x0000000000000029       0x2a cperf_test_latency.o
 .comment       0x0000000000000029       0x2a cperf_test_pmd_cyclecount.o
 .comment       0x0000000000000029       0x2a cperf_test_verify.o
 .comment       0x0000000000000029       0x2a cperf_test_vector_parsing.o
 .comment       0x0000000000000029       0x2a cperf_test_common.o
 .comment       0x0000000000000029       0x2a /usr/lib/gcc/x86_64-linux-gnu/7/crtendS.o

.debug
 *(.debug)

.line
 *(.line)

.debug_srcinfo
 *(.debug_srcinfo)

.debug_sfnames
 *(.debug_sfnames)

.debug_aranges
 *(.debug_aranges)

.debug_pubnames
 *(.debug_pubnames)

.debug_info
 *(.debug_info .gnu.linkonce.wi.*)

.debug_abbrev
 *(.debug_abbrev)

.debug_line
 *(.debug_line .debug_line.* .debug_line_end)

.debug_frame
 *(.debug_frame)

.debug_str
 *(.debug_str)

.debug_loc
 *(.debug_loc)

.debug_macinfo
 *(.debug_macinfo)

.debug_weaknames
 *(.debug_weaknames)

.debug_funcnames
 *(.debug_funcnames)

.debug_typenames
 *(.debug_typenames)

.debug_varnames
 *(.debug_varnames)

.debug_pubtypes
 *(.debug_pubtypes)

.debug_ranges
 *(.debug_ranges)

.debug_macro
 *(.debug_macro)

.debug_addr
 *(.debug_addr)

.gnu.attributes
 *(.gnu.attributes)

/DISCARD/
 *(.note.GNU-stack)
 *(.gnu_debuglink)
 *(.gnu.lto_*)
OUTPUT(dpdk-test-crypto-perf elf64-x86-64)

Cross Reference Table

Symbol                                            File
DPDK_16.04                                        /users/lr499/dpdk-stable-17.11.10/x86_64-native-linuxapp-gcc/lib/librte_cryptodev.so
                                                  /users/lr499/dpdk-stable-17.11.10/x86_64-native-linuxapp-gcc/lib/librte_eal.so
DPDK_16.07                                        /users/lr499/dpdk-stable-17.11.10/x86_64-native-linuxapp-gcc/lib/librte_mempool.so
                                                  /users/lr499/dpdk-stable-17.11.10/x86_64-native-linuxapp-gcc/lib/librte_eal.so
DPDK_16.11                                        /users/lr499/dpdk-stable-17.11.10/x86_64-native-linuxapp-gcc/lib/librte_eal.so
DPDK_17.02                                        /users/lr499/dpdk-stable-17.11.10/x86_64-native-linuxapp-gcc/lib/librte_pmd_crypto_scheduler.so
                                                  /users/lr499/dpdk-stable-17.11.10/x86_64-native-linuxapp-gcc/lib/librte_eal.so
                                                  /users/lr499/dpdk-stable-17.11.10/x86_64-native-linuxapp-gcc/lib/librte_cryptodev.so
DPDK_17.05                                        /users/lr499/dpdk-stable-17.11.10/x86_64-native-linuxapp-gcc/lib/librte_pmd_crypto_scheduler.so
                                                  /users/lr499/dpdk-stable-17.11.10/x86_64-native-linuxapp-gcc/lib/librte_eal.so
                                                  /users/lr499/dpdk-stable-17.11.10/x86_64-native-linuxapp-gcc/lib/librte_cryptodev.so
DPDK_17.08                                        /users/lr499/dpdk-stable-17.11.10/x86_64-native-linuxapp-gcc/lib/librte_cryptodev.so
                                                  /users/lr499/dpdk-stable-17.11.10/x86_64-native-linuxapp-gcc/lib/librte_eal.so
DPDK_17.11                                        /users/lr499/dpdk-stable-17.11.10/x86_64-native-linuxapp-gcc/lib/librte_cryptodev.so
                                                  /users/lr499/dpdk-stable-17.11.10/x86_64-native-linuxapp-gcc/lib/librte_bus_vdev.so
                                                  /users/lr499/dpdk-stable-17.11.10/x86_64-native-linuxapp-gcc/lib/librte_eal.so
                                                  /users/lr499/dpdk-stable-17.11.10/x86_64-native-linuxapp-gcc/lib/librte_mempool.so
DPDK_2.0                                          /users/lr499/dpdk-stable-17.11.10/x86_64-native-linuxapp-gcc/lib/librte_mempool.so
                                                  /users/lr499/dpdk-stable-17.11.10/x86_64-native-linuxapp-gcc/lib/librte_kvargs.so
                                                  /users/lr499/dpdk-stable-17.11.10/x86_64-native-linuxapp-gcc/lib/librte_ring.so
                                                  /users/lr499/dpdk-stable-17.11.10/x86_64-native-linuxapp-gcc/lib/librte_eal.so
DPDK_2.1                                          /users/lr499/dpdk-stable-17.11.10/x86_64-native-linuxapp-gcc/lib/librte_eal.so
DPDK_2.2                                          /users/lr499/dpdk-stable-17.11.10/x86_64-native-linuxapp-gcc/lib/librte_eal.so
                                                  /users/lr499/dpdk-stable-17.11.10/x86_64-native-linuxapp-gcc/lib/librte_ring.so
EXPERIMENTAL                                      /users/lr499/dpdk-stable-17.11.10/x86_64-native-linuxapp-gcc/lib/librte_eal.so
GLIBC_2.10                                        /lib/x86_64-linux-gnu/libc.so.6
GLIBC_2.11                                        /lib/x86_64-linux-gnu/libpthread.so.0
                                                  /lib/x86_64-linux-gnu/libc.so.6
GLIBC_2.12                                        /lib/x86_64-linux-gnu/libpthread.so.0
                                                  /lib/x86_64-linux-gnu/libc.so.6
GLIBC_2.13                                        /lib/x86_64-linux-gnu/libc.so.6
GLIBC_2.14                                        /lib/x86_64-linux-gnu/libc.so.6
GLIBC_2.15                                        /lib/x86_64-linux-gnu/libc.so.6
GLIBC_2.16                                        /lib/x86_64-linux-gnu/libc.so.6
GLIBC_2.17                                        /lib/x86_64-linux-gnu/libc.so.6
GLIBC_2.18                                        /lib/x86_64-linux-gnu/libpthread.so.0
                                                  /lib/x86_64-linux-gnu/libc.so.6
GLIBC_2.2.5                                       /lib/x86_64-linux-gnu/libpthread.so.0
                                                  //lib/x86_64-linux-gnu/librt.so.1
                                                  /usr/lib/gcc/x86_64-linux-gnu/7/../../../x86_64-linux-gnu/libdl.so
                                                  /lib/x86_64-linux-gnu/ld-linux-x86-64.so.2
                                                  /lib/x86_64-linux-gnu/libc.so.6
GLIBC_2.2.6                                       /lib/x86_64-linux-gnu/libpthread.so.0
                                                  /lib/x86_64-linux-gnu/libc.so.6
GLIBC_2.22                                        /lib/x86_64-linux-gnu/libc.so.6
GLIBC_2.23                                        /lib/x86_64-linux-gnu/libc.so.6
GLIBC_2.24                                        /lib/x86_64-linux-gnu/libc.so.6
GLIBC_2.25                                        /lib/x86_64-linux-gnu/libc.so.6
GLIBC_2.26                                        /lib/x86_64-linux-gnu/libc.so.6
GLIBC_2.27                                        /lib/x86_64-linux-gnu/libc.so.6
GLIBC_2.3                                         /lib/x86_64-linux-gnu/libc.so.6
                                                  /lib/x86_64-linux-gnu/ld-linux-x86-64.so.2
GLIBC_2.3.2                                       /lib/x86_64-linux-gnu/libpthread.so.0
                                                  /lib/x86_64-linux-gnu/libc.so.6
GLIBC_2.3.3                                       /lib/x86_64-linux-gnu/libpthread.so.0
                                                  //lib/x86_64-linux-gnu/librt.so.1
                                                  /usr/lib/gcc/x86_64-linux-gnu/7/../../../x86_64-linux-gnu/libdl.so
                                                  /lib/x86_64-linux-gnu/libc.so.6
GLIBC_2.3.4                                       /lib/x86_64-linux-gnu/libpthread.so.0
                                                  //lib/x86_64-linux-gnu/librt.so.1
                                                  /usr/lib/gcc/x86_64-linux-gnu/7/../../../x86_64-linux-gnu/libdl.so
                                                  /lib/x86_64-linux-gnu/libc.so.6
GLIBC_2.4                                         /lib/x86_64-linux-gnu/libpthread.so.0
                                                  //lib/x86_64-linux-gnu/librt.so.1
                                                  /lib/x86_64-linux-gnu/ld-linux-x86-64.so.2
                                                  /lib/x86_64-linux-gnu/libc.so.6
GLIBC_2.5                                         /lib/x86_64-linux-gnu/libc.so.6
GLIBC_2.6                                         /lib/x86_64-linux-gnu/libc.so.6
GLIBC_2.7                                         /lib/x86_64-linux-gnu/libc.so.6
                                                  //lib/x86_64-linux-gnu/librt.so.1
GLIBC_2.8                                         /lib/x86_64-linux-gnu/libc.so.6
GLIBC_2.9                                         /lib/x86_64-linux-gnu/libc.so.6
GLIBC_PRIVATE                                     /lib/x86_64-linux-gnu/libpthread.so.0
                                                  /usr/lib/gcc/x86_64-linux-gnu/7/../../../x86_64-linux-gnu/libdl.so
                                                  /lib/x86_64-linux-gnu/ld-linux-x86-64.so.2
                                                  /lib/x86_64-linux-gnu/libc.so.6
_DYNAMIC                                          /usr/lib/gcc/x86_64-linux-gnu/7/../../../x86_64-linux-gnu/Scrt1.o
_Exit                                             /lib/x86_64-linux-gnu/libc.so.6
_Exit@@GLIBC_2.2.5                                /lib/x86_64-linux-gnu/libc.so.6
_Exit@GLIBC_2.2.5                                 /lib/x86_64-linux-gnu/libc.so.6
_GLOBAL_OFFSET_TABLE_                             /usr/lib/gcc/x86_64-linux-gnu/7/../../../x86_64-linux-gnu/Scrt1.o
                                                  /usr/lib/x86_64-linux-gnu/libc_nonshared.a(elf-init.oS)
                                                  cperf_test_common.o
                                                  cperf_test_vector_parsing.o
                                                  cperf_test_verify.o
                                                  cperf_test_pmd_cyclecount.o
                                                  cperf_test_latency.o
                                                  cperf_test_throughput.o
                                                  cperf_test_vectors.o
                                                  cperf_options_parsing.o
                                                  cperf_ops.o
                                                  main.o
                                                  /usr/lib/gcc/x86_64-linux-gnu/7/crtbeginS.o
                                                  /usr/lib/gcc/x86_64-linux-gnu/7/../../../x86_64-linux-gnu/crti.o
_IO_fprintf                                       /lib/x86_64-linux-gnu/libc.so.6
_IO_fprintf@@GLIBC_2.2.5                          /lib/x86_64-linux-gnu/libc.so.6
_IO_fprintf@GLIBC_2.2.5                           /lib/x86_64-linux-gnu/libc.so.6
_IO_stdin_used                                    /usr/lib/gcc/x86_64-linux-gnu/7/../../../x86_64-linux-gnu/Scrt1.o
_ITM_deregisterTMCloneTable                       //usr/lib/x86_64-linux-gnu/libnuma.so.1
                                                  //lib/x86_64-linux-gnu/librt.so.1
                                                  /usr/lib/gcc/x86_64-linux-gnu/7/../../../x86_64-linux-gnu/libdl.so
                                                  /users/lr499/dpdk-stable-17.11.10/x86_64-native-linuxapp-gcc/lib/librte_bus_vdev.so
                                                  /users/lr499/dpdk-stable-17.11.10/x86_64-native-linuxapp-gcc/lib/librte_kvargs.so
                                                  /users/lr499/dpdk-stable-17.11.10/x86_64-native-linuxapp-gcc/lib/librte_ring.so
                                                  /lib/x86_64-linux-gnu/libpthread.so.0
                                                  /users/lr499/dpdk-stable-17.11.10/x86_64-native-linuxapp-gcc/lib/librte_eal.so
                                                  /users/lr499/dpdk-stable-17.11.10/x86_64-native-linuxapp-gcc/lib/librte_mempool.so
                                                  /users/lr499/dpdk-stable-17.11.10/x86_64-native-linuxapp-gcc/lib/librte_cryptodev.so
                                                  /users/lr499/dpdk-stable-17.11.10/x86_64-native-linuxapp-gcc/lib/librte_pmd_crypto_scheduler.so
                                                  /usr/lib/gcc/x86_64-linux-gnu/7/crtbeginS.o
_ITM_registerTMCloneTable                         //usr/lib/x86_64-linux-gnu/libnuma.so.1
                                                  //lib/x86_64-linux-gnu/librt.so.1
                                                  /usr/lib/gcc/x86_64-linux-gnu/7/../../../x86_64-linux-gnu/libdl.so
                                                  /users/lr499/dpdk-stable-17.11.10/x86_64-native-linuxapp-gcc/lib/librte_bus_vdev.so
                                                  /users/lr499/dpdk-stable-17.11.10/x86_64-native-linuxapp-gcc/lib/librte_kvargs.so
                                                  /users/lr499/dpdk-stable-17.11.10/x86_64-native-linuxapp-gcc/lib/librte_ring.so
                                                  /lib/x86_64-linux-gnu/libpthread.so.0
                                                  /users/lr499/dpdk-stable-17.11.10/x86_64-native-linuxapp-gcc/lib/librte_eal.so
                                                  /users/lr499/dpdk-stable-17.11.10/x86_64-native-linuxapp-gcc/lib/librte_mempool.so
                                                  /users/lr499/dpdk-stable-17.11.10/x86_64-native-linuxapp-gcc/lib/librte_cryptodev.so
                                                  /users/lr499/dpdk-stable-17.11.10/x86_64-native-linuxapp-gcc/lib/librte_pmd_crypto_scheduler.so
                                                  /usr/lib/gcc/x86_64-linux-gnu/7/crtbeginS.o
__GNU_EH_FRAME_HDR                                dpdk-test-crypto-perf
__TMC_END__                                       /usr/lib/gcc/x86_64-linux-gnu/7/crtendS.o
                                                  /usr/lib/gcc/x86_64-linux-gnu/7/crtbeginS.o
__after_morecore_hook                             /lib/x86_64-linux-gnu/libc.so.6
__after_morecore_hook@@GLIBC_2.2.5                /lib/x86_64-linux-gnu/libc.so.6
__after_morecore_hook@GLIBC_2.2.5                 /lib/x86_64-linux-gnu/libc.so.6
__compat_bdflush                                  /lib/x86_64-linux-gnu/libc.so.6
__connect                                         /lib/x86_64-linux-gnu/libpthread.so.0
__connect@@GLIBC_2.2.5                            /lib/x86_64-linux-gnu/libpthread.so.0
                                                  /lib/x86_64-linux-gnu/libc.so.6
__connect@GLIBC_2.2.5                             /lib/x86_64-linux-gnu/libpthread.so.0
__ctype_get_mb_cur_max                            /lib/x86_64-linux-gnu/libc.so.6
__ctype_get_mb_cur_max@@GLIBC_2.2.5               /lib/x86_64-linux-gnu/libc.so.6
__ctype_get_mb_cur_max@GLIBC_2.2.5                /lib/x86_64-linux-gnu/libc.so.6
__data_start                                      /usr/lib/gcc/x86_64-linux-gnu/7/../../../x86_64-linux-gnu/Scrt1.o
__dso_handle                                      /usr/lib/gcc/x86_64-linux-gnu/7/crtbeginS.o
__fcntl                                           /lib/x86_64-linux-gnu/libpthread.so.0
__fcntl@@GLIBC_2.2.5                              /lib/x86_64-linux-gnu/libpthread.so.0
                                                  /lib/x86_64-linux-gnu/libc.so.6
__fcntl@GLIBC_2.2.5                               /lib/x86_64-linux-gnu/libpthread.so.0
__free_hook                                       /lib/x86_64-linux-gnu/libc.so.6
__free_hook@@GLIBC_2.2.5                          /lib/x86_64-linux-gnu/libc.so.6
__free_hook@GLIBC_2.2.5                           /lib/x86_64-linux-gnu/libc.so.6
__getdelim                                        /lib/x86_64-linux-gnu/libc.so.6
__getdelim@@GLIBC_2.2.5                           /lib/x86_64-linux-gnu/libc.so.6
__getdelim@GLIBC_2.2.5                            /lib/x86_64-linux-gnu/libc.so.6
                                                  //usr/lib/x86_64-linux-gnu/libnuma.so.1
                                                  /lib/x86_64-linux-gnu/libpthread.so.0
__gmon_start__                                    //usr/lib/x86_64-linux-gnu/libnuma.so.1
                                                  //lib/x86_64-linux-gnu/librt.so.1
                                                  /usr/lib/gcc/x86_64-linux-gnu/7/../../../x86_64-linux-gnu/libdl.so
                                                  /users/lr499/dpdk-stable-17.11.10/x86_64-native-linuxapp-gcc/lib/librte_bus_vdev.so
                                                  /users/lr499/dpdk-stable-17.11.10/x86_64-native-linuxapp-gcc/lib/librte_kvargs.so
                                                  /users/lr499/dpdk-stable-17.11.10/x86_64-native-linuxapp-gcc/lib/librte_ring.so
                                                  /users/lr499/dpdk-stable-17.11.10/x86_64-native-linuxapp-gcc/lib/librte_eal.so
                                                  /users/lr499/dpdk-stable-17.11.10/x86_64-native-linuxapp-gcc/lib/librte_mempool.so
                                                  /users/lr499/dpdk-stable-17.11.10/x86_64-native-linuxapp-gcc/lib/librte_cryptodev.so
                                                  /users/lr499/dpdk-stable-17.11.10/x86_64-native-linuxapp-gcc/lib/librte_pmd_crypto_scheduler.so
                                                  /usr/lib/gcc/x86_64-linux-gnu/7/../../../x86_64-linux-gnu/crti.o
__init_array_end                                  /usr/lib/x86_64-linux-gnu/libc_nonshared.a(elf-init.oS)
__init_array_start                                /usr/lib/x86_64-linux-gnu/libc_nonshared.a(elf-init.oS)
__isascii_l                                       /lib/x86_64-linux-gnu/libc.so.6
__isascii_l@@GLIBC_2.2.5                          /lib/x86_64-linux-gnu/libc.so.6
__isascii_l@GLIBC_2.2.5                           /lib/x86_64-linux-gnu/libc.so.6
__libc_csu_fini                                   /usr/lib/x86_64-linux-gnu/libc_nonshared.a(elf-init.oS)
                                                  /usr/lib/gcc/x86_64-linux-gnu/7/../../../x86_64-linux-gnu/Scrt1.o
__libc_csu_init                                   /usr/lib/x86_64-linux-gnu/libc_nonshared.a(elf-init.oS)
                                                  /usr/lib/gcc/x86_64-linux-gnu/7/../../../x86_64-linux-gnu/Scrt1.o
__libc_secure_getenv                              /lib/x86_64-linux-gnu/libc.so.6
__libc_secure_getenv@@GLIBC_PRIVATE               /lib/x86_64-linux-gnu/libc.so.6
__libc_secure_getenv@GLIBC_PRIVATE                /lib/x86_64-linux-gnu/libc.so.6
__lseek                                           /lib/x86_64-linux-gnu/libpthread.so.0
__lseek@@GLIBC_2.2.5                              /lib/x86_64-linux-gnu/libpthread.so.0
                                                  /lib/x86_64-linux-gnu/libc.so.6
__lseek@GLIBC_2.2.5                               /lib/x86_64-linux-gnu/libpthread.so.0
__malloc_hook                                     /lib/x86_64-linux-gnu/libc.so.6
__malloc_hook@@GLIBC_2.2.5                        /lib/x86_64-linux-gnu/libc.so.6
__malloc_hook@GLIBC_2.2.5                         /lib/x86_64-linux-gnu/libc.so.6
__malloc_initialize_hook@GLIBC_2.2.5              /lib/x86_64-linux-gnu/libc.so.6
__memalign_hook                                   /lib/x86_64-linux-gnu/libc.so.6
__memalign_hook@@GLIBC_2.2.5                      /lib/x86_64-linux-gnu/libc.so.6
__memalign_hook@GLIBC_2.2.5                       /lib/x86_64-linux-gnu/libc.so.6
__open_nocancel                                   /lib/x86_64-linux-gnu/libc.so.6
__open_nocancel@@GLIBC_PRIVATE                    /lib/x86_64-linux-gnu/libc.so.6
__open_nocancel@GLIBC_PRIVATE                     /lib/x86_64-linux-gnu/libc.so.6
__pread64                                         /lib/x86_64-linux-gnu/libpthread.so.0
__pread64@@GLIBC_2.2.5                            /lib/x86_64-linux-gnu/libpthread.so.0
                                                  /lib/x86_64-linux-gnu/libc.so.6
__pread64@GLIBC_2.2.5                             /lib/x86_64-linux-gnu/libpthread.so.0
__pwrite64                                        /lib/x86_64-linux-gnu/libpthread.so.0
__pwrite64@@GLIBC_2.2.5                           /lib/x86_64-linux-gnu/libpthread.so.0
                                                  /lib/x86_64-linux-gnu/libc.so.6
__pwrite64@GLIBC_2.2.5                            /lib/x86_64-linux-gnu/libpthread.so.0
__read                                            /lib/x86_64-linux-gnu/libpthread.so.0
__read@@GLIBC_2.2.5                               /lib/x86_64-linux-gnu/libpthread.so.0
                                                  /lib/x86_64-linux-gnu/libc.so.6
__read@GLIBC_2.2.5                                /lib/x86_64-linux-gnu/libpthread.so.0
__realloc_hook                                    /lib/x86_64-linux-gnu/libc.so.6
__realloc_hook@@GLIBC_2.2.5                       /lib/x86_64-linux-gnu/libc.so.6
__realloc_hook@GLIBC_2.2.5                        /lib/x86_64-linux-gnu/libc.so.6
__recv                                            /lib/x86_64-linux-gnu/libc.so.6
__recv@@GLIBC_PRIVATE                             /lib/x86_64-linux-gnu/libc.so.6
__recv@GLIBC_PRIVATE                              /lib/x86_64-linux-gnu/libc.so.6
                                                  //lib/x86_64-linux-gnu/librt.so.1
__secure_getenv@GLIBC_2.2.5                       /lib/x86_64-linux-gnu/libc.so.6
__send                                            /lib/x86_64-linux-gnu/libpthread.so.0
__send@@GLIBC_2.2.5                               /lib/x86_64-linux-gnu/libpthread.so.0
                                                  /lib/x86_64-linux-gnu/libc.so.6
__send@GLIBC_2.2.5                                /lib/x86_64-linux-gnu/libpthread.so.0
__strtoll_l                                       /lib/x86_64-linux-gnu/libc.so.6
__strtoll_l@@GLIBC_2.2.5                          /lib/x86_64-linux-gnu/libc.so.6
__strtoll_l@GLIBC_2.2.5                           /lib/x86_64-linux-gnu/libc.so.6
__strtoull_l                                      /lib/x86_64-linux-gnu/libc.so.6
__strtoull_l@@GLIBC_2.2.5                         /lib/x86_64-linux-gnu/libc.so.6
__strtoull_l@GLIBC_2.2.5                          /lib/x86_64-linux-gnu/libc.so.6
__toascii_l                                       /lib/x86_64-linux-gnu/libc.so.6
__toascii_l@@GLIBC_2.2.5                          /lib/x86_64-linux-gnu/libc.so.6
__toascii_l@GLIBC_2.2.5                           /lib/x86_64-linux-gnu/libc.so.6
__vsnprintf                                       /lib/x86_64-linux-gnu/libc.so.6
__vsnprintf@@GLIBC_2.2.5                          /lib/x86_64-linux-gnu/libc.so.6
__vsnprintf@GLIBC_2.2.5                           /lib/x86_64-linux-gnu/libc.so.6
__vsscanf                                         /lib/x86_64-linux-gnu/libc.so.6
__vsscanf@@GLIBC_2.2.5                            /lib/x86_64-linux-gnu/libc.so.6
__vsscanf@GLIBC_2.2.5                             /lib/x86_64-linux-gnu/libc.so.6
__wait                                            /lib/x86_64-linux-gnu/libpthread.so.0
__wait@@GLIBC_2.2.5                               /lib/x86_64-linux-gnu/libpthread.so.0
                                                  /lib/x86_64-linux-gnu/libc.so.6
__wait@GLIBC_2.2.5                                /lib/x86_64-linux-gnu/libpthread.so.0
__wcstoll_l                                       /lib/x86_64-linux-gnu/libc.so.6
__wcstoll_l@@GLIBC_2.2.5                          /lib/x86_64-linux-gnu/libc.so.6
__wcstoll_l@GLIBC_2.2.5                           /lib/x86_64-linux-gnu/libc.so.6
__wcstoull_l                                      /lib/x86_64-linux-gnu/libc.so.6
__wcstoull_l@@GLIBC_2.2.5                         /lib/x86_64-linux-gnu/libc.so.6
__wcstoull_l@GLIBC_2.2.5                          /lib/x86_64-linux-gnu/libc.so.6
__write                                           /lib/x86_64-linux-gnu/libpthread.so.0
__write@@GLIBC_2.2.5                              /lib/x86_64-linux-gnu/libpthread.so.0
                                                  /lib/x86_64-linux-gnu/libc.so.6
__write@GLIBC_2.2.5                               /lib/x86_64-linux-gnu/libpthread.so.0
__xpg_sigpause                                    /lib/x86_64-linux-gnu/libc.so.6
__xpg_sigpause@@GLIBC_2.2.5                       /lib/x86_64-linux-gnu/libc.so.6
__xpg_sigpause@GLIBC_2.2.5                        /lib/x86_64-linux-gnu/libc.so.6
_dl_starting_up                                   /lib/x86_64-linux-gnu/libc.so.6
_environ                                          /lib/x86_64-linux-gnu/libc.so.6
_environ@@GLIBC_2.2.5                             /lib/x86_64-linux-gnu/libc.so.6
_environ@GLIBC_2.2.5                              /lib/x86_64-linux-gnu/libc.so.6
                                                  /usr/lib/gcc/x86_64-linux-gnu/7/../../../x86_64-linux-gnu/libdl.so
_fini                                             /usr/lib/gcc/x86_64-linux-gnu/7/../../../x86_64-linux-gnu/crti.o
                                                  /users/lr499/dpdk-stable-17.11.10/x86_64-native-linuxapp-gcc/lib/librte_pmd_crypto_scheduler.so
_flushlbf                                         /lib/x86_64-linux-gnu/libc.so.6
_flushlbf@@GLIBC_2.2.5                            /lib/x86_64-linux-gnu/libc.so.6
_flushlbf@GLIBC_2.2.5                             /lib/x86_64-linux-gnu/libc.so.6
_init                                             /usr/lib/gcc/x86_64-linux-gnu/7/../../../x86_64-linux-gnu/crti.o
                                                  /usr/lib/x86_64-linux-gnu/libc_nonshared.a(elf-init.oS)
                                                  /users/lr499/dpdk-stable-17.11.10/x86_64-native-linuxapp-gcc/lib/librte_pmd_crypto_scheduler.so
_longjmp                                          /lib/x86_64-linux-gnu/libc.so.6
_longjmp@@GLIBC_2.2.5                             /lib/x86_64-linux-gnu/libc.so.6
_longjmp@GLIBC_2.2.5                              /lib/x86_64-linux-gnu/libc.so.6
_start                                            /usr/lib/gcc/x86_64-linux-gnu/7/../../../x86_64-linux-gnu/Scrt1.o
aad                                               cperf_test_vectors.o
accept                                            /lib/x86_64-linux-gnu/libpthread.so.0
accept@@GLIBC_2.2.5                               /lib/x86_64-linux-gnu/libpthread.so.0
                                                  /lib/x86_64-linux-gnu/libc.so.6
accept@GLIBC_2.2.5                                /lib/x86_64-linux-gnu/libpthread.so.0
                                                  /users/lr499/dpdk-stable-17.11.10/x86_64-native-linuxapp-gcc/lib/librte_eal.so
access                                            /lib/x86_64-linux-gnu/libc.so.6
                                                  cperf_options_parsing.o
access@@GLIBC_2.2.5                               /lib/x86_64-linux-gnu/libc.so.6
access@GLIBC_2.2.5                                /lib/x86_64-linux-gnu/libc.so.6
                                                  /users/lr499/dpdk-stable-17.11.10/x86_64-native-linuxapp-gcc/lib/librte_eal.so
addmntent                                         /lib/x86_64-linux-gnu/libc.so.6
addmntent@@GLIBC_2.2.5                            /lib/x86_64-linux-gnu/libc.so.6
addmntent@GLIBC_2.2.5                             /lib/x86_64-linux-gnu/libc.so.6
addseverity                                       /lib/x86_64-linux-gnu/libc.so.6
addseverity@@GLIBC_2.2.5                          /lib/x86_64-linux-gnu/libc.so.6
addseverity@GLIBC_2.2.5                           /lib/x86_64-linux-gnu/libc.so.6
adjtime                                           /lib/x86_64-linux-gnu/libc.so.6
adjtime@@GLIBC_2.2.5                              /lib/x86_64-linux-gnu/libc.so.6
adjtime@GLIBC_2.2.5                               /lib/x86_64-linux-gnu/libc.so.6
adjtimex                                          /lib/x86_64-linux-gnu/libc.so.6
adjtimex@@GLIBC_2.2.5                             /lib/x86_64-linux-gnu/libc.so.6
adjtimex@GLIBC_2.2.5                              /lib/x86_64-linux-gnu/libc.so.6
advance@GLIBC_2.2.5                               /lib/x86_64-linux-gnu/libc.so.6
aead_key                                          cperf_test_vectors.o
aio_cancel64                                      //lib/x86_64-linux-gnu/librt.so.1
aio_cancel64@@GLIBC_2.2.5                         //lib/x86_64-linux-gnu/librt.so.1
aio_cancel64@GLIBC_2.2.5                          //lib/x86_64-linux-gnu/librt.so.1
aio_error64                                       //lib/x86_64-linux-gnu/librt.so.1
aio_error64@@GLIBC_2.2.5                          //lib/x86_64-linux-gnu/librt.so.1
aio_error64@GLIBC_2.2.5                           //lib/x86_64-linux-gnu/librt.so.1
aio_fsync64                                       //lib/x86_64-linux-gnu/librt.so.1
aio_fsync64@@GLIBC_2.2.5                          //lib/x86_64-linux-gnu/librt.so.1
aio_fsync64@GLIBC_2.2.5                           //lib/x86_64-linux-gnu/librt.so.1
aio_init                                          //lib/x86_64-linux-gnu/librt.so.1
aio_init@@GLIBC_2.2.5                             //lib/x86_64-linux-gnu/librt.so.1
aio_init@GLIBC_2.2.5                              //lib/x86_64-linux-gnu/librt.so.1
aio_read64                                        //lib/x86_64-linux-gnu/librt.so.1
aio_read64@@GLIBC_2.2.5                           //lib/x86_64-linux-gnu/librt.so.1
aio_read64@GLIBC_2.2.5                            //lib/x86_64-linux-gnu/librt.so.1
aio_return64                                      //lib/x86_64-linux-gnu/librt.so.1
aio_return64@@GLIBC_2.2.5                         //lib/x86_64-linux-gnu/librt.so.1
aio_return64@GLIBC_2.2.5                          //lib/x86_64-linux-gnu/librt.so.1
aio_suspend64                                     //lib/x86_64-linux-gnu/librt.so.1
aio_suspend64@@GLIBC_2.2.5                        //lib/x86_64-linux-gnu/librt.so.1
aio_suspend64@GLIBC_2.2.5                         //lib/x86_64-linux-gnu/librt.so.1
aio_write64                                       //lib/x86_64-linux-gnu/librt.so.1
aio_write64@@GLIBC_2.2.5                          //lib/x86_64-linux-gnu/librt.so.1
aio_write64@GLIBC_2.2.5                           //lib/x86_64-linux-gnu/librt.so.1
aligned_alloc                                     /lib/x86_64-linux-gnu/libc.so.6
aligned_alloc@@GLIBC_2.16                         /lib/x86_64-linux-gnu/libc.so.6
aligned_alloc@GLIBC_2.16                          /lib/x86_64-linux-gnu/libc.so.6
alphasort64                                       /lib/x86_64-linux-gnu/libc.so.6
alphasort64@@GLIBC_2.2.5                          /lib/x86_64-linux-gnu/libc.so.6
alphasort64@GLIBC_2.2.5                           /lib/x86_64-linux-gnu/libc.so.6
arch_prctl                                        /lib/x86_64-linux-gnu/libc.so.6
arch_prctl@@GLIBC_2.2.5                           /lib/x86_64-linux-gnu/libc.so.6
arch_prctl@GLIBC_2.2.5                            /lib/x86_64-linux-gnu/libc.so.6
argp_error                                        /lib/x86_64-linux-gnu/libc.so.6
argp_error@@GLIBC_2.2.5                           /lib/x86_64-linux-gnu/libc.so.6
argp_error@GLIBC_2.2.5                            /lib/x86_64-linux-gnu/libc.so.6
argp_failure                                      /lib/x86_64-linux-gnu/libc.so.6
argp_failure@@GLIBC_2.2.5                         /lib/x86_64-linux-gnu/libc.so.6
argp_failure@GLIBC_2.2.5                          /lib/x86_64-linux-gnu/libc.so.6
argp_help                                         /lib/x86_64-linux-gnu/libc.so.6
argp_help@@GLIBC_2.2.5                            /lib/x86_64-linux-gnu/libc.so.6
argp_help@GLIBC_2.2.5                             /lib/x86_64-linux-gnu/libc.so.6
argp_parse                                        /lib/x86_64-linux-gnu/libc.so.6
argp_parse@@GLIBC_2.2.5                           /lib/x86_64-linux-gnu/libc.so.6
argp_parse@GLIBC_2.2.5                            /lib/x86_64-linux-gnu/libc.so.6
argp_state_help                                   /lib/x86_64-linux-gnu/libc.so.6
argp_state_help@@GLIBC_2.2.5                      /lib/x86_64-linux-gnu/libc.so.6
argp_state_help@GLIBC_2.2.5                       /lib/x86_64-linux-gnu/libc.so.6
argp_usage                                        /lib/x86_64-linux-gnu/libc.so.6
argp_usage@@GLIBC_2.2.5                           /lib/x86_64-linux-gnu/libc.so.6
argp_usage@GLIBC_2.2.5                            /lib/x86_64-linux-gnu/libc.so.6
argz_add                                          /lib/x86_64-linux-gnu/libc.so.6
argz_add@@GLIBC_2.2.5                             /lib/x86_64-linux-gnu/libc.so.6
argz_add@GLIBC_2.2.5                              /lib/x86_64-linux-gnu/libc.so.6
argz_add_sep                                      /lib/x86_64-linux-gnu/libc.so.6
argz_add_sep@@GLIBC_2.2.5                         /lib/x86_64-linux-gnu/libc.so.6
argz_add_sep@GLIBC_2.2.5                          /lib/x86_64-linux-gnu/libc.so.6
argz_append                                       /lib/x86_64-linux-gnu/libc.so.6
argz_append@@GLIBC_2.2.5                          /lib/x86_64-linux-gnu/libc.so.6
argz_append@GLIBC_2.2.5                           /lib/x86_64-linux-gnu/libc.so.6
argz_count                                        /lib/x86_64-linux-gnu/libc.so.6
argz_count@@GLIBC_2.2.5                           /lib/x86_64-linux-gnu/libc.so.6
argz_count@GLIBC_2.2.5                            /lib/x86_64-linux-gnu/libc.so.6
argz_create                                       /lib/x86_64-linux-gnu/libc.so.6
argz_create@@GLIBC_2.2.5                          /lib/x86_64-linux-gnu/libc.so.6
argz_create@GLIBC_2.2.5                           /lib/x86_64-linux-gnu/libc.so.6
argz_create_sep                                   /lib/x86_64-linux-gnu/libc.so.6
argz_create_sep@@GLIBC_2.2.5                      /lib/x86_64-linux-gnu/libc.so.6
argz_create_sep@GLIBC_2.2.5                       /lib/x86_64-linux-gnu/libc.so.6
argz_extract                                      /lib/x86_64-linux-gnu/libc.so.6
argz_extract@@GLIBC_2.2.5                         /lib/x86_64-linux-gnu/libc.so.6
argz_extract@GLIBC_2.2.5                          /lib/x86_64-linux-gnu/libc.so.6
argz_insert                                       /lib/x86_64-linux-gnu/libc.so.6
argz_insert@@GLIBC_2.2.5                          /lib/x86_64-linux-gnu/libc.so.6
argz_insert@GLIBC_2.2.5                           /lib/x86_64-linux-gnu/libc.so.6
argz_next                                         /lib/x86_64-linux-gnu/libc.so.6
argz_next@@GLIBC_2.2.5                            /lib/x86_64-linux-gnu/libc.so.6
argz_next@GLIBC_2.2.5                             /lib/x86_64-linux-gnu/libc.so.6
argz_replace                                      /lib/x86_64-linux-gnu/libc.so.6
argz_replace@@GLIBC_2.2.5                         /lib/x86_64-linux-gnu/libc.so.6
argz_replace@GLIBC_2.2.5                          /lib/x86_64-linux-gnu/libc.so.6
argz_stringify                                    /lib/x86_64-linux-gnu/libc.so.6
argz_stringify@@GLIBC_2.2.5                       /lib/x86_64-linux-gnu/libc.so.6
argz_stringify@GLIBC_2.2.5                        /lib/x86_64-linux-gnu/libc.so.6
asctime_r                                         /lib/x86_64-linux-gnu/libc.so.6
asctime_r@@GLIBC_2.2.5                            /lib/x86_64-linux-gnu/libc.so.6
asctime_r@GLIBC_2.2.5                             /lib/x86_64-linux-gnu/libc.so.6
asprintf                                          /lib/x86_64-linux-gnu/libc.so.6
asprintf@@GLIBC_2.2.5                             /lib/x86_64-linux-gnu/libc.so.6
asprintf@GLIBC_2.2.5                              /lib/x86_64-linux-gnu/libc.so.6
auth_key                                          cperf_test_vectors.o
backtrace                                         /lib/x86_64-linux-gnu/libc.so.6
backtrace@@GLIBC_2.2.5                            /lib/x86_64-linux-gnu/libc.so.6
backtrace@GLIBC_2.2.5                             /lib/x86_64-linux-gnu/libc.so.6
                                                  /users/lr499/dpdk-stable-17.11.10/x86_64-native-linuxapp-gcc/lib/librte_eal.so
backtrace_symbols                                 /lib/x86_64-linux-gnu/libc.so.6
backtrace_symbols@@GLIBC_2.2.5                    /lib/x86_64-linux-gnu/libc.so.6
backtrace_symbols@GLIBC_2.2.5                     /lib/x86_64-linux-gnu/libc.so.6
                                                  /users/lr499/dpdk-stable-17.11.10/x86_64-native-linuxapp-gcc/lib/librte_eal.so
backtrace_symbols_fd                              /lib/x86_64-linux-gnu/libc.so.6
backtrace_symbols_fd@@GLIBC_2.2.5                 /lib/x86_64-linux-gnu/libc.so.6
backtrace_symbols_fd@GLIBC_2.2.5                  /lib/x86_64-linux-gnu/libc.so.6
basename                                          /lib/x86_64-linux-gnu/libc.so.6
basename@@GLIBC_2.2.5                             /lib/x86_64-linux-gnu/libc.so.6
basename@GLIBC_2.2.5                              /lib/x86_64-linux-gnu/libc.so.6
bcmp                                              /lib/x86_64-linux-gnu/libc.so.6
bcmp@@GLIBC_2.2.5                                 /lib/x86_64-linux-gnu/libc.so.6
bcmp@GLIBC_2.2.5                                  /lib/x86_64-linux-gnu/libc.so.6
bind                                              /lib/x86_64-linux-gnu/libc.so.6
bind@@GLIBC_2.2.5                                 /lib/x86_64-linux-gnu/libc.so.6
bind@GLIBC_2.2.5                                  /lib/x86_64-linux-gnu/libc.so.6
                                                  /users/lr499/dpdk-stable-17.11.10/x86_64-native-linuxapp-gcc/lib/librte_eal.so
bind_textdomain_codeset                           /lib/x86_64-linux-gnu/libc.so.6
bind_textdomain_codeset@@GLIBC_2.2.5              /lib/x86_64-linux-gnu/libc.so.6
bind_textdomain_codeset@GLIBC_2.2.5               /lib/x86_64-linux-gnu/libc.so.6
bindtextdomain                                    /lib/x86_64-linux-gnu/libc.so.6
bindtextdomain@@GLIBC_2.2.5                       /lib/x86_64-linux-gnu/libc.so.6
bindtextdomain@GLIBC_2.2.5                        /lib/x86_64-linux-gnu/libc.so.6
brk                                               /lib/x86_64-linux-gnu/libc.so.6
brk@@GLIBC_2.2.5                                  /lib/x86_64-linux-gnu/libc.so.6
brk@GLIBC_2.2.5                                   /lib/x86_64-linux-gnu/libc.so.6
bsd_signal                                        /lib/x86_64-linux-gnu/libc.so.6
bsd_signal@@GLIBC_2.2.5                           /lib/x86_64-linux-gnu/libc.so.6
bsd_signal@GLIBC_2.2.5                            /lib/x86_64-linux-gnu/libc.so.6
btowc                                             /lib/x86_64-linux-gnu/libc.so.6
btowc@@GLIBC_2.2.5                                /lib/x86_64-linux-gnu/libc.so.6
btowc@GLIBC_2.2.5                                 /lib/x86_64-linux-gnu/libc.so.6
bzero                                             /lib/x86_64-linux-gnu/libc.so.6
bzero@@GLIBC_2.2.5                                /lib/x86_64-linux-gnu/libc.so.6
bzero@GLIBC_2.2.5                                 /lib/x86_64-linux-gnu/libc.so.6
c32rtomb                                          /lib/x86_64-linux-gnu/libc.so.6
c32rtomb@@GLIBC_2.16                              /lib/x86_64-linux-gnu/libc.so.6
c32rtomb@GLIBC_2.16                               /lib/x86_64-linux-gnu/libc.so.6
calloc                                            /lib/x86_64-linux-gnu/libc.so.6
calloc@@GLIBC_2.2.5                               /lib/x86_64-linux-gnu/libc.so.6
                                                  /lib/x86_64-linux-gnu/ld-linux-x86-64.so.2
calloc@GLIBC_2.2.5                                /lib/x86_64-linux-gnu/libc.so.6
                                                  //usr/lib/x86_64-linux-gnu/libnuma.so.1
                                                  //lib/x86_64-linux-gnu/librt.so.1
                                                  /usr/lib/gcc/x86_64-linux-gnu/7/../../../x86_64-linux-gnu/libdl.so
                                                  /users/lr499/dpdk-stable-17.11.10/x86_64-native-linuxapp-gcc/lib/librte_bus_vdev.so
                                                  /users/lr499/dpdk-stable-17.11.10/x86_64-native-linuxapp-gcc/lib/librte_kvargs.so
                                                  /lib/x86_64-linux-gnu/libpthread.so.0
                                                  /users/lr499/dpdk-stable-17.11.10/x86_64-native-linuxapp-gcc/lib/librte_eal.so
canonicalize_file_name                            /lib/x86_64-linux-gnu/libc.so.6
canonicalize_file_name@@GLIBC_2.2.5               /lib/x86_64-linux-gnu/libc.so.6
canonicalize_file_name@GLIBC_2.2.5                /lib/x86_64-linux-gnu/libc.so.6
chdir                                             /lib/x86_64-linux-gnu/libc.so.6
chdir@@GLIBC_2.2.5                                /lib/x86_64-linux-gnu/libc.so.6
chdir@GLIBC_2.2.5                                 /lib/x86_64-linux-gnu/libc.so.6
chmod                                             /lib/x86_64-linux-gnu/libc.so.6
chmod@@GLIBC_2.2.5                                /lib/x86_64-linux-gnu/libc.so.6
chmod@GLIBC_2.2.5                                 /lib/x86_64-linux-gnu/libc.so.6
chown                                             /lib/x86_64-linux-gnu/libc.so.6
chown@@GLIBC_2.2.5                                /lib/x86_64-linux-gnu/libc.so.6
chown@GLIBC_2.2.5                                 /lib/x86_64-linux-gnu/libc.so.6
cipher_key                                        cperf_test_vectors.o
ciphertext                                        cperf_test_vectors.o
clearenv                                          /lib/x86_64-linux-gnu/libc.so.6
clearenv@@GLIBC_2.2.5                             /lib/x86_64-linux-gnu/libc.so.6
clearenv@GLIBC_2.2.5                              /lib/x86_64-linux-gnu/libc.so.6
clock_getcpuclockid                               /lib/x86_64-linux-gnu/libc.so.6
clock_getcpuclockid@@GLIBC_2.17                   /lib/x86_64-linux-gnu/libc.so.6
clock_getcpuclockid@@GLIBC_2.2.5                  //lib/x86_64-linux-gnu/librt.so.1
clock_getcpuclockid@GLIBC_2.17                    /lib/x86_64-linux-gnu/libc.so.6
clock_getcpuclockid@GLIBC_2.2.5                   //lib/x86_64-linux-gnu/librt.so.1
clock_getres                                      /lib/x86_64-linux-gnu/libc.so.6
clock_getres@@GLIBC_2.17                          /lib/x86_64-linux-gnu/libc.so.6
clock_getres@@GLIBC_2.2.5                         //lib/x86_64-linux-gnu/librt.so.1
clock_getres@GLIBC_2.17                           /lib/x86_64-linux-gnu/libc.so.6
clock_getres@GLIBC_2.2.5                          //lib/x86_64-linux-gnu/librt.so.1
clock_gettime                                     /lib/x86_64-linux-gnu/libc.so.6
clock_gettime@@GLIBC_2.17                         /lib/x86_64-linux-gnu/libc.so.6
clock_gettime@@GLIBC_2.2.5                        //lib/x86_64-linux-gnu/librt.so.1
clock_gettime@GLIBC_2.17                          /lib/x86_64-linux-gnu/libc.so.6
clock_gettime@GLIBC_2.2.5                         //lib/x86_64-linux-gnu/librt.so.1
                                                  /users/lr499/dpdk-stable-17.11.10/x86_64-native-linuxapp-gcc/lib/librte_eal.so
clock_nanosleep                                   /lib/x86_64-linux-gnu/libc.so.6
clock_nanosleep@@GLIBC_2.17                       /lib/x86_64-linux-gnu/libc.so.6
clock_nanosleep@@GLIBC_2.2.5                      //lib/x86_64-linux-gnu/librt.so.1
clock_nanosleep@GLIBC_2.17                        /lib/x86_64-linux-gnu/libc.so.6
clock_nanosleep@GLIBC_2.2.5                       //lib/x86_64-linux-gnu/librt.so.1
clock_settime                                     /lib/x86_64-linux-gnu/libc.so.6
clock_settime@@GLIBC_2.17                         /lib/x86_64-linux-gnu/libc.so.6
clock_settime@@GLIBC_2.2.5                        //lib/x86_64-linux-gnu/librt.so.1
clock_settime@GLIBC_2.17                          /lib/x86_64-linux-gnu/libc.so.6
clock_settime@GLIBC_2.2.5                         //lib/x86_64-linux-gnu/librt.so.1
clone                                             /lib/x86_64-linux-gnu/libc.so.6
clone@@GLIBC_2.2.5                                /lib/x86_64-linux-gnu/libc.so.6
clone@GLIBC_2.2.5                                 /lib/x86_64-linux-gnu/libc.so.6
close                                             /lib/x86_64-linux-gnu/libpthread.so.0
close@@GLIBC_2.2.5                                /lib/x86_64-linux-gnu/libpthread.so.0
                                                  /lib/x86_64-linux-gnu/libc.so.6
close@GLIBC_2.2.5                                 /lib/x86_64-linux-gnu/libpthread.so.0
                                                  //usr/lib/x86_64-linux-gnu/libnuma.so.1
                                                  /users/lr499/dpdk-stable-17.11.10/x86_64-native-linuxapp-gcc/lib/librte_eal.so
closedir                                          /lib/x86_64-linux-gnu/libc.so.6
closedir@@GLIBC_2.2.5                             /lib/x86_64-linux-gnu/libc.so.6
closedir@GLIBC_2.2.5                              /lib/x86_64-linux-gnu/libc.so.6
                                                  //usr/lib/x86_64-linux-gnu/libnuma.so.1
                                                  /users/lr499/dpdk-stable-17.11.10/x86_64-native-linuxapp-gcc/lib/librte_eal.so
connect                                           /lib/x86_64-linux-gnu/libpthread.so.0
connect@@GLIBC_2.2.5                              /lib/x86_64-linux-gnu/libpthread.so.0
                                                  /lib/x86_64-linux-gnu/libc.so.6
connect@GLIBC_2.2.5                               /lib/x86_64-linux-gnu/libpthread.so.0
                                                  /users/lr499/dpdk-stable-17.11.10/x86_64-native-linuxapp-gcc/lib/librte_eal.so
copysign                                          /lib/x86_64-linux-gnu/libc.so.6
copysign@@GLIBC_2.2.5                             /lib/x86_64-linux-gnu/libc.so.6
copysign@GLIBC_2.2.5                              /lib/x86_64-linux-gnu/libc.so.6
copysignf                                         /lib/x86_64-linux-gnu/libc.so.6
copysignf@@GLIBC_2.2.5                            /lib/x86_64-linux-gnu/libc.so.6
copysignf@GLIBC_2.2.5                             /lib/x86_64-linux-gnu/libc.so.6
copysignl                                         /lib/x86_64-linux-gnu/libc.so.6
copysignl@@GLIBC_2.2.5                            /lib/x86_64-linux-gnu/libc.so.6
copysignl@GLIBC_2.2.5                             /lib/x86_64-linux-gnu/libc.so.6
cperf_alloc_common_memory                         cperf_test_common.o
                                                  cperf_test_verify.o
                                                  cperf_test_pmd_cyclecount.o
                                                  cperf_test_latency.o
                                                  cperf_test_throughput.o
cperf_get_op_functions                            cperf_ops.o
                                                  main.o
cperf_latency_test_constructor                    cperf_test_latency.o
                                                  main.o
cperf_latency_test_destructor                     cperf_test_latency.o
                                                  main.o
cperf_latency_test_runner                         cperf_test_latency.o
                                                  main.o
cperf_op_type_strs                                main.o
                                                  cperf_options_parsing.o
cperf_options_check                               cperf_options_parsing.o
                                                  main.o
cperf_options_default                             cperf_options_parsing.o
                                                  main.o
cperf_options_dump                                cperf_options_parsing.o
                                                  main.o
cperf_options_parse                               cperf_options_parsing.o
                                                  main.o
cperf_pmd_cyclecount_test_constructor             cperf_test_pmd_cyclecount.o
                                                  main.o
cperf_pmd_cyclecount_test_destructor              cperf_test_pmd_cyclecount.o
                                                  main.o
cperf_pmd_cyclecount_test_runner                  cperf_test_pmd_cyclecount.o
                                                  main.o
cperf_test_type_strs                              main.o
                                                  cperf_options_parsing.o
cperf_test_vector_get_dummy                       cperf_test_vectors.o
                                                  main.o
cperf_test_vector_get_from_file                   cperf_test_vector_parsing.o
                                                  main.o
cperf_testmap                                     main.o
cperf_throughput_test_constructor                 cperf_test_throughput.o
                                                  main.o
cperf_throughput_test_destructor                  cperf_test_throughput.o
                                                  main.o
cperf_throughput_test_runner                      cperf_test_throughput.o
                                                  main.o
cperf_verify_test_constructor                     cperf_test_verify.o
                                                  main.o
cperf_verify_test_destructor                      cperf_test_verify.o
                                                  main.o
cperf_verify_test_runner                          cperf_test_verify.o
                                                  main.o
creat                                             /lib/x86_64-linux-gnu/libc.so.6
creat64                                           /lib/x86_64-linux-gnu/libc.so.6
creat64@@GLIBC_2.2.5                              /lib/x86_64-linux-gnu/libc.so.6
creat64@GLIBC_2.2.5                               /lib/x86_64-linux-gnu/libc.so.6
creat@@GLIBC_2.2.5                                /lib/x86_64-linux-gnu/libc.so.6
creat@GLIBC_2.2.5                                 /lib/x86_64-linux-gnu/libc.so.6
[...]
unlink                                            /lib/x86_64-linux-gnu/libc.so.6
unlink@@GLIBC_2.2.5                               /lib/x86_64-linux-gnu/libc.so.6
unlink@GLIBC_2.2.5                                /lib/x86_64-linux-gnu/libc.so.6
                                                  //lib/x86_64-linux-gnu/librt.so.1
                                                  /lib/x86_64-linux-gnu/libpthread.so.0
                                                  /users/lr499/dpdk-stable-17.11.10/x86_64-native-linuxapp-gcc/lib/librte_eal.so
unsetenv                                          /lib/x86_64-linux-gnu/libc.so.6
unsetenv@@GLIBC_2.2.5                             /lib/x86_64-linux-gnu/libc.so.6
unsetenv@GLIBC_2.2.5                              /lib/x86_64-linux-gnu/libc.so.6
updwtmp                                           /lib/x86_64-linux-gnu/libc.so.6
updwtmp@@GLIBC_2.2.5                              /lib/x86_64-linux-gnu/libc.so.6
updwtmp@GLIBC_2.2.5                               /lib/x86_64-linux-gnu/libc.so.6
uselocale                                         /lib/x86_64-linux-gnu/libc.so.6
uselocale@@GLIBC_2.3                              /lib/x86_64-linux-gnu/libc.so.6
uselocale@GLIBC_2.3                               /lib/x86_64-linux-gnu/libc.so.6
utimes                                            /lib/x86_64-linux-gnu/libc.so.6
utimes@@GLIBC_2.2.5                               /lib/x86_64-linux-gnu/libc.so.6
utimes@GLIBC_2.2.5                                /lib/x86_64-linux-gnu/libc.so.6
utmpname                                          /lib/x86_64-linux-gnu/libc.so.6
utmpname@@GLIBC_2.2.5                             /lib/x86_64-linux-gnu/libc.so.6
utmpname@GLIBC_2.2.5                              /lib/x86_64-linux-gnu/libc.so.6
valloc                                            /lib/x86_64-linux-gnu/libc.so.6
valloc@@GLIBC_2.2.5                               /lib/x86_64-linux-gnu/libc.so.6
valloc@GLIBC_2.2.5                                /lib/x86_64-linux-gnu/libc.so.6
vasprintf                                         /lib/x86_64-linux-gnu/libc.so.6
vasprintf@@GLIBC_2.2.5                            /lib/x86_64-linux-gnu/libc.so.6
vasprintf@GLIBC_2.2.5                             /lib/x86_64-linux-gnu/libc.so.6
vdprintf                                          /lib/x86_64-linux-gnu/libc.so.6
vdprintf@@GLIBC_2.2.5                             /lib/x86_64-linux-gnu/libc.so.6
vdprintf@GLIBC_2.2.5                              /lib/x86_64-linux-gnu/libc.so.6
versionsort64                                     /lib/x86_64-linux-gnu/libc.so.6
versionsort64@@GLIBC_2.2.5                        /lib/x86_64-linux-gnu/libc.so.6
versionsort64@GLIBC_2.2.5                         /lib/x86_64-linux-gnu/libc.so.6
vfork                                             /lib/x86_64-linux-gnu/libc.so.6
vfork@@GLIBC_2.2.5                                /lib/x86_64-linux-gnu/libc.so.6
vfscanf                                           /lib/x86_64-linux-gnu/libc.so.6
vfscanf@@GLIBC_2.2.5                              /lib/x86_64-linux-gnu/libc.so.6
vfscanf@GLIBC_2.2.5                               /lib/x86_64-linux-gnu/libc.so.6
vfwprintf                                         /lib/x86_64-linux-gnu/libc.so.6
vfwprintf@@GLIBC_2.2.5                            /lib/x86_64-linux-gnu/libc.so.6
vfwprintf@GLIBC_2.2.5                             /lib/x86_64-linux-gnu/libc.so.6
vfwscanf                                          /lib/x86_64-linux-gnu/libc.so.6
vfwscanf@@GLIBC_2.2.5                             /lib/x86_64-linux-gnu/libc.so.6
vfwscanf@GLIBC_2.2.5                              /lib/x86_64-linux-gnu/libc.so.6
vscanf                                            /lib/x86_64-linux-gnu/libc.so.6
vscanf@@GLIBC_2.2.5                               /lib/x86_64-linux-gnu/libc.so.6
vscanf@GLIBC_2.2.5                                /lib/x86_64-linux-gnu/libc.so.6
vsnprintf                                         /lib/x86_64-linux-gnu/libc.so.6
vsnprintf@@GLIBC_2.2.5                            /lib/x86_64-linux-gnu/libc.so.6
vsnprintf@GLIBC_2.2.5                             /lib/x86_64-linux-gnu/libc.so.6
vsprintf                                          /lib/x86_64-linux-gnu/libc.so.6
vsprintf@@GLIBC_2.2.5                             /lib/x86_64-linux-gnu/libc.so.6
vsprintf@GLIBC_2.2.5                              /lib/x86_64-linux-gnu/libc.so.6
vsscanf                                           /lib/x86_64-linux-gnu/libc.so.6
vsscanf@@GLIBC_2.2.5                              /lib/x86_64-linux-gnu/libc.so.6
vsscanf@GLIBC_2.2.5                               /lib/x86_64-linux-gnu/libc.so.6
vswprintf                                         /lib/x86_64-linux-gnu/libc.so.6
vswprintf@@GLIBC_2.2.5                            /lib/x86_64-linux-gnu/libc.so.6
vswprintf@GLIBC_2.2.5                             /lib/x86_64-linux-gnu/libc.so.6
wait                                              /lib/x86_64-linux-gnu/libpthread.so.0
wait3                                             /lib/x86_64-linux-gnu/libc.so.6
wait3@@GLIBC_2.2.5                                /lib/x86_64-linux-gnu/libc.so.6
wait3@GLIBC_2.2.5                                 /lib/x86_64-linux-gnu/libc.so.6
wait4                                             /lib/x86_64-linux-gnu/libc.so.6
wait4@@GLIBC_2.2.5                                /lib/x86_64-linux-gnu/libc.so.6
wait4@GLIBC_2.2.5                                 /lib/x86_64-linux-gnu/libc.so.6
wait@@GLIBC_2.2.5                                 /lib/x86_64-linux-gnu/libpthread.so.0
                                                  /lib/x86_64-linux-gnu/libc.so.6
wait@GLIBC_2.2.5                                  /lib/x86_64-linux-gnu/libpthread.so.0
waitid                                            /lib/x86_64-linux-gnu/libc.so.6
waitid@@GLIBC_2.2.5                               /lib/x86_64-linux-gnu/libc.so.6
waitid@GLIBC_2.2.5                                /lib/x86_64-linux-gnu/libc.so.6
waitpid                                           /lib/x86_64-linux-gnu/libpthread.so.0
waitpid@@GLIBC_2.2.5                              /lib/x86_64-linux-gnu/libpthread.so.0
                                                  /lib/x86_64-linux-gnu/libc.so.6
waitpid@GLIBC_2.2.5                               /lib/x86_64-linux-gnu/libpthread.so.0
wcpcpy                                            /lib/x86_64-linux-gnu/libc.so.6
wcpcpy@@GLIBC_2.2.5                               /lib/x86_64-linux-gnu/libc.so.6
wcpcpy@GLIBC_2.2.5                                /lib/x86_64-linux-gnu/libc.so.6
wcpncpy                                           /lib/x86_64-linux-gnu/libc.so.6
wcpncpy@@GLIBC_2.2.5                              /lib/x86_64-linux-gnu/libc.so.6
wcpncpy@GLIBC_2.2.5                               /lib/x86_64-linux-gnu/libc.so.6
wcrtomb                                           /lib/x86_64-linux-gnu/libc.so.6
wcrtomb@@GLIBC_2.2.5                              /lib/x86_64-linux-gnu/libc.so.6
wcrtomb@GLIBC_2.2.5                               /lib/x86_64-linux-gnu/libc.so.6
wcscasecmp                                        /lib/x86_64-linux-gnu/libc.so.6
wcscasecmp@@GLIBC_2.2.5                           /lib/x86_64-linux-gnu/libc.so.6
wcscasecmp@GLIBC_2.2.5                            /lib/x86_64-linux-gnu/libc.so.6
wcscasecmp_l                                      /lib/x86_64-linux-gnu/libc.so.6
wcscasecmp_l@@GLIBC_2.3                           /lib/x86_64-linux-gnu/libc.so.6
wcscasecmp_l@GLIBC_2.3                            /lib/x86_64-linux-gnu/libc.so.6
wcscat                                            /lib/x86_64-linux-gnu/libc.so.6
wcscat@@GLIBC_2.2.5                               /lib/x86_64-linux-gnu/libc.so.6
wcscat@GLIBC_2.2.5                                /lib/x86_64-linux-gnu/libc.so.6
wcschr                                            /lib/x86_64-linux-gnu/libc.so.6
wcschr@@GLIBC_2.2.5                               /lib/x86_64-linux-gnu/libc.so.6
wcschr@GLIBC_2.2.5                                /lib/x86_64-linux-gnu/libc.so.6
wcschrnul                                         /lib/x86_64-linux-gnu/libc.so.6
wcschrnul@@GLIBC_2.2.5                            /lib/x86_64-linux-gnu/libc.so.6
wcschrnul@GLIBC_2.2.5                             /lib/x86_64-linux-gnu/libc.so.6
wcscmp                                            /lib/x86_64-linux-gnu/libc.so.6
wcscmp@@GLIBC_2.2.5                               /lib/x86_64-linux-gnu/libc.so.6
wcscmp@GLIBC_2.2.5                                /lib/x86_64-linux-gnu/libc.so.6
wcscoll                                           /lib/x86_64-linux-gnu/libc.so.6
wcscoll@@GLIBC_2.2.5                              /lib/x86_64-linux-gnu/libc.so.6
wcscoll@GLIBC_2.2.5                               /lib/x86_64-linux-gnu/libc.so.6
wcscoll_l                                         /lib/x86_64-linux-gnu/libc.so.6
wcscoll_l@@GLIBC_2.3                              /lib/x86_64-linux-gnu/libc.so.6
wcscoll_l@GLIBC_2.3                               /lib/x86_64-linux-gnu/libc.so.6
wcsftime_l                                        /lib/x86_64-linux-gnu/libc.so.6
wcsftime_l@@GLIBC_2.3                             /lib/x86_64-linux-gnu/libc.so.6
wcsftime_l@GLIBC_2.3                              /lib/x86_64-linux-gnu/libc.so.6
wcslen                                            /lib/x86_64-linux-gnu/libc.so.6
wcslen@@GLIBC_2.2.5                               /lib/x86_64-linux-gnu/libc.so.6
wcslen@GLIBC_2.2.5                                /lib/x86_64-linux-gnu/libc.so.6
wcsncasecmp                                       /lib/x86_64-linux-gnu/libc.so.6
wcsncasecmp@@GLIBC_2.2.5                          /lib/x86_64-linux-gnu/libc.so.6
wcsncasecmp@GLIBC_2.2.5                           /lib/x86_64-linux-gnu/libc.so.6
wcsncasecmp_l                                     /lib/x86_64-linux-gnu/libc.so.6
wcsncasecmp_l@@GLIBC_2.3                          /lib/x86_64-linux-gnu/libc.so.6
wcsncasecmp_l@GLIBC_2.3                           /lib/x86_64-linux-gnu/libc.so.6
wcsncpy                                           /lib/x86_64-linux-gnu/libc.so.6
wcsncpy@@GLIBC_2.2.5                              /lib/x86_64-linux-gnu/libc.so.6
wcsncpy@GLIBC_2.2.5                               /lib/x86_64-linux-gnu/libc.so.6
wcsnlen                                           /lib/x86_64-linux-gnu/libc.so.6
wcsnlen@@GLIBC_2.2.5                              /lib/x86_64-linux-gnu/libc.so.6
wcsnlen@GLIBC_2.2.5                               /lib/x86_64-linux-gnu/libc.so.6
wcsnrtombs                                        /lib/x86_64-linux-gnu/libc.so.6
wcsnrtombs@@GLIBC_2.2.5                           /lib/x86_64-linux-gnu/libc.so.6
wcsnrtombs@GLIBC_2.2.5                            /lib/x86_64-linux-gnu/libc.so.6
wcsrtombs                                         /lib/x86_64-linux-gnu/libc.so.6
wcsrtombs@@GLIBC_2.2.5                            /lib/x86_64-linux-gnu/libc.so.6
wcsrtombs@GLIBC_2.2.5                             /lib/x86_64-linux-gnu/libc.so.6
wcstod_l                                          /lib/x86_64-linux-gnu/libc.so.6
wcstod_l@@GLIBC_2.3                               /lib/x86_64-linux-gnu/libc.so.6
wcstod_l@GLIBC_2.3                                /lib/x86_64-linux-gnu/libc.so.6
wcstof128_l                                       /lib/x86_64-linux-gnu/libc.so.6
wcstof128_l@@GLIBC_2.26                           /lib/x86_64-linux-gnu/libc.so.6
wcstof128_l@GLIBC_2.26                            /lib/x86_64-linux-gnu/libc.so.6
wcstof32                                          /lib/x86_64-linux-gnu/libc.so.6
wcstof32@@GLIBC_2.27                              /lib/x86_64-linux-gnu/libc.so.6
wcstof32@GLIBC_2.27                               /lib/x86_64-linux-gnu/libc.so.6
wcstof32_l                                        /lib/x86_64-linux-gnu/libc.so.6
wcstof32_l@@GLIBC_2.27                            /lib/x86_64-linux-gnu/libc.so.6
wcstof32_l@GLIBC_2.27                             /lib/x86_64-linux-gnu/libc.so.6
wcstof32x                                         /lib/x86_64-linux-gnu/libc.so.6
wcstof32x@@GLIBC_2.27                             /lib/x86_64-linux-gnu/libc.so.6
wcstof32x@GLIBC_2.27                              /lib/x86_64-linux-gnu/libc.so.6
wcstof32x_l                                       /lib/x86_64-linux-gnu/libc.so.6
wcstof32x_l@@GLIBC_2.27                           /lib/x86_64-linux-gnu/libc.so.6
wcstof32x_l@GLIBC_2.27                            /lib/x86_64-linux-gnu/libc.so.6
wcstof64                                          /lib/x86_64-linux-gnu/libc.so.6
wcstof64@@GLIBC_2.27                              /lib/x86_64-linux-gnu/libc.so.6
wcstof64@GLIBC_2.27                               /lib/x86_64-linux-gnu/libc.so.6
wcstof64_l                                        /lib/x86_64-linux-gnu/libc.so.6
wcstof64_l@@GLIBC_2.27                            /lib/x86_64-linux-gnu/libc.so.6
wcstof64_l@GLIBC_2.27                             /lib/x86_64-linux-gnu/libc.so.6
wcstof64x                                         /lib/x86_64-linux-gnu/libc.so.6
wcstof64x@@GLIBC_2.27                             /lib/x86_64-linux-gnu/libc.so.6
wcstof64x@GLIBC_2.27                              /lib/x86_64-linux-gnu/libc.so.6
wcstof64x_l                                       /lib/x86_64-linux-gnu/libc.so.6
wcstof64x_l@@GLIBC_2.27                           /lib/x86_64-linux-gnu/libc.so.6
wcstof64x_l@GLIBC_2.27                            /lib/x86_64-linux-gnu/libc.so.6
wcstof_l                                          /lib/x86_64-linux-gnu/libc.so.6
wcstof_l@@GLIBC_2.3                               /lib/x86_64-linux-gnu/libc.so.6
wcstof_l@GLIBC_2.3                                /lib/x86_64-linux-gnu/libc.so.6
wcstol                                            /lib/x86_64-linux-gnu/libc.so.6
wcstol@@GLIBC_2.2.5                               /lib/x86_64-linux-gnu/libc.so.6
wcstol@GLIBC_2.2.5                                /lib/x86_64-linux-gnu/libc.so.6
wcstol_l                                          /lib/x86_64-linux-gnu/libc.so.6
wcstol_l@@GLIBC_2.3                               /lib/x86_64-linux-gnu/libc.so.6
wcstol_l@GLIBC_2.3                                /lib/x86_64-linux-gnu/libc.so.6
wcstold_l                                         /lib/x86_64-linux-gnu/libc.so.6
wcstold_l@@GLIBC_2.3                              /lib/x86_64-linux-gnu/libc.so.6
wcstold_l@GLIBC_2.3                               /lib/x86_64-linux-gnu/libc.so.6
wcstoll                                           /lib/x86_64-linux-gnu/libc.so.6
wcstoll@@GLIBC_2.2.5                              /lib/x86_64-linux-gnu/libc.so.6
wcstoll@GLIBC_2.2.5                               /lib/x86_64-linux-gnu/libc.so.6
wcstoll_l                                         /lib/x86_64-linux-gnu/libc.so.6
wcstoll_l@@GLIBC_2.3                              /lib/x86_64-linux-gnu/libc.so.6
wcstoll_l@GLIBC_2.3                               /lib/x86_64-linux-gnu/libc.so.6
wcstoq                                            /lib/x86_64-linux-gnu/libc.so.6
wcstoq@@GLIBC_2.2.5                               /lib/x86_64-linux-gnu/libc.so.6
wcstoq@GLIBC_2.2.5                                /lib/x86_64-linux-gnu/libc.so.6
wcstoul                                           /lib/x86_64-linux-gnu/libc.so.6
wcstoul@@GLIBC_2.2.5                              /lib/x86_64-linux-gnu/libc.so.6
wcstoul@GLIBC_2.2.5                               /lib/x86_64-linux-gnu/libc.so.6
wcstoul_l                                         /lib/x86_64-linux-gnu/libc.so.6
wcstoul_l@@GLIBC_2.3                              /lib/x86_64-linux-gnu/libc.so.6
wcstoul_l@GLIBC_2.3                               /lib/x86_64-linux-gnu/libc.so.6
wcstoull                                          /lib/x86_64-linux-gnu/libc.so.6
wcstoull@@GLIBC_2.2.5                             /lib/x86_64-linux-gnu/libc.so.6
wcstoull@GLIBC_2.2.5                              /lib/x86_64-linux-gnu/libc.so.6
wcstoull_l                                        /lib/x86_64-linux-gnu/libc.so.6
wcstoull_l@@GLIBC_2.3                             /lib/x86_64-linux-gnu/libc.so.6
wcstoull_l@GLIBC_2.3                              /lib/x86_64-linux-gnu/libc.so.6
wcstouq                                           /lib/x86_64-linux-gnu/libc.so.6
wcstouq@@GLIBC_2.2.5                              /lib/x86_64-linux-gnu/libc.so.6
wcstouq@GLIBC_2.2.5                               /lib/x86_64-linux-gnu/libc.so.6
wcswcs                                            /lib/x86_64-linux-gnu/libc.so.6
wcswcs@@GLIBC_2.2.5                               /lib/x86_64-linux-gnu/libc.so.6
wcswcs@GLIBC_2.2.5                                /lib/x86_64-linux-gnu/libc.so.6
wcsxfrm_l                                         /lib/x86_64-linux-gnu/libc.so.6
wcsxfrm_l@@GLIBC_2.3                              /lib/x86_64-linux-gnu/libc.so.6
wcsxfrm_l@GLIBC_2.3                               /lib/x86_64-linux-gnu/libc.so.6
wctrans                                           /lib/x86_64-linux-gnu/libc.so.6
wctrans@@GLIBC_2.2.5                              /lib/x86_64-linux-gnu/libc.so.6
wctrans@GLIBC_2.2.5                               /lib/x86_64-linux-gnu/libc.so.6
wctrans_l                                         /lib/x86_64-linux-gnu/libc.so.6
wctrans_l@@GLIBC_2.3                              /lib/x86_64-linux-gnu/libc.so.6
wctrans_l@GLIBC_2.3                               /lib/x86_64-linux-gnu/libc.so.6
wctype                                            /lib/x86_64-linux-gnu/libc.so.6
wctype@@GLIBC_2.2.5                               /lib/x86_64-linux-gnu/libc.so.6
wctype@GLIBC_2.2.5                                /lib/x86_64-linux-gnu/libc.so.6
wctype_l                                          /lib/x86_64-linux-gnu/libc.so.6
wctype_l@@GLIBC_2.3                               /lib/x86_64-linux-gnu/libc.so.6
wctype_l@GLIBC_2.3                                /lib/x86_64-linux-gnu/libc.so.6
wmemchr                                           /lib/x86_64-linux-gnu/libc.so.6
wmemchr@@GLIBC_2.2.5                              /lib/x86_64-linux-gnu/libc.so.6
wmemchr@GLIBC_2.2.5                               /lib/x86_64-linux-gnu/libc.so.6
wmemcpy                                           /lib/x86_64-linux-gnu/libc.so.6
wmemcpy@@GLIBC_2.2.5                              /lib/x86_64-linux-gnu/libc.so.6
wmemcpy@GLIBC_2.2.5                               /lib/x86_64-linux-gnu/libc.so.6
wmemmove                                          /lib/x86_64-linux-gnu/libc.so.6
wmemmove@@GLIBC_2.2.5                             /lib/x86_64-linux-gnu/libc.so.6
wmemmove@GLIBC_2.2.5                              /lib/x86_64-linux-gnu/libc.so.6
wmempcpy                                          /lib/x86_64-linux-gnu/libc.so.6
wmempcpy@@GLIBC_2.2.5                             /lib/x86_64-linux-gnu/libc.so.6
wmempcpy@GLIBC_2.2.5                              /lib/x86_64-linux-gnu/libc.so.6
wmemset                                           /lib/x86_64-linux-gnu/libc.so.6
wmemset@@GLIBC_2.2.5                              /lib/x86_64-linux-gnu/libc.so.6
wmemset@GLIBC_2.2.5                               /lib/x86_64-linux-gnu/libc.so.6
write                                             /lib/x86_64-linux-gnu/libpthread.so.0
write@@GLIBC_2.2.5                                /lib/x86_64-linux-gnu/libpthread.so.0
                                                  /lib/x86_64-linux-gnu/libc.so.6
write@GLIBC_2.2.5                                 /lib/x86_64-linux-gnu/libpthread.so.0
                                                  //lib/x86_64-linux-gnu/librt.so.1
                                                  /users/lr499/dpdk-stable-17.11.10/x86_64-native-linuxapp-gcc/lib/librte_eal.so
writev                                            /lib/x86_64-linux-gnu/libc.so.6
writev@@GLIBC_2.2.5                               /lib/x86_64-linux-gnu/libc.so.6
writev@GLIBC_2.2.5                                /lib/x86_64-linux-gnu/libc.so.6
