Archive member included to satisfy reference by file (symbol)

/usr/lib/x86_64-linux-gnu/libc_nonshared.a(elf-init.oS)
                              /usr/lib/gcc/x86_64-linux-gnu/7/../../../x86_64-linux-gnu/Scrt1.o (__libc_csu_init)

As-needed library included to satisfy reference by file (symbol)

librte_pmd_bond.so.2.1        cmdline.o (rte_eth_bond_slaves_get@@DPDK_2.0)
librte_pmd_ixgbe.so.2.1       cmdline.o (rte_pmd_ixgbe_set_tc_bw_alloc@@DPDK_17.05)
librte_pmd_i40e.so.2.1        cmdline.o (rte_pmd_i40e_flow_type_mapping_update@@DPDK_17.11)
librte_pmd_bnxt.so.2.1        cmdline.o (rte_pmd_bnxt_set_vf_vlan_insert@@DPDK_17.08)
librte_pmd_softnic.so.1.1     tm.o (rte_pmd_softnic_run@@DPDK_17.11)
librte_pdump.so.2.1           testpmd.o (rte_pdump_init@@DPDK_16.07)
librte_gro.so.1.1             csumonly.o (rte_gro_timeout_flush@@DPDK_17.08)
librte_gso.so.1.1             csumonly.o (rte_gso_segment@@DPDK_17.11)
librte_metrics.so.1.1         testpmd.o (rte_metrics_init@@DPDK_17.05)
librte_bitratestats.so.2.1    testpmd.o (rte_stats_bitrate_create@@DPDK_17.05)
librte_latencystats.so.1.1    testpmd.o (rte_latencystats_update@@DPDK_17.05)
librte_mbuf.so.3.1            testpmd.o (rte_pktmbuf_pool_init@@DPDK_2.0)
librte_net.so.1.1             rxonly.o (rte_net_get_ptype@@DPDK_16.11)
librte_ethdev.so.8.1          config.o (rte_eth_dev_get_mtu@@DPDK_2.2)
librte_mempool.so.3.1         testpmd.o (rte_mempool_free@@DPDK_16.07)
librte_ring.so.1.1            cmdline.o (rte_ring_dump@@DPDK_2.0)
librte_eal.so.6.1             testpmd.o (rte_eal_init@@DPDK_2.0)
librte_cmdline.so.2.1         cmdline.o (cmdline_file_new@@DPDK_2.0)
libpthread.so.0               testpmd.o (read@@GLIBC_2.2.5)
libc.so.6                     testpmd.o (fflush@@GLIBC_2.2.5)
ld-linux-x86-64.so.2          testpmd.o (__tls_get_addr@@GLIBC_2.3)

Allocating common symbols
Common symbol       size              file

fwd_ports_ids       0x40              testpmd.o
gro_ports           0x300             testpmd.o
port_numa           0x20              testpmd.o
nb_cfg_ports        0x2               testpmd.o
rxring_numa         0x20              testpmd.o
bitrate_lcore_id    0x1               testpmd.o
nb_ports            0x2               testpmd.o
peer_eth_addrs      0xc0              testpmd.o
fwd_streams         0x8               testpmd.o
rx_queue_stats_mappings_array
                    0x40000           testpmd.o
ports               0x8               testpmd.o
fwd_lcores_cpuids   0x200             testpmd.o
flow_isolate_all    0x1               testpmd.o
bitrate_data        0x8               testpmd.o
nb_cfg_lcores       0x1               testpmd.o
gso_ports           0x20              testpmd.o
latencystats_enabled
                    0x1               testpmd.o
tx_queue_stats_mappings_array
                    0x10000           testpmd.o
nb_fwd_streams      0x2               testpmd.o
nb_fwd_lcores       0x1               testpmd.o
socket_ids          0x20              testpmd.o
f_quit              0x1               testpmd.o
nb_fwd_ports        0x2               testpmd.o
retry_enabled       0x4               testpmd.o
txring_numa         0x20              testpmd.o
nb_lcores           0x1               testpmd.o
tx_first            0x1               testpmd.o
stats_period        0x2               testpmd.o
cur_fwd_config      0x10              testpmd.o
xstats_hide_zero    0x1               testpmd.o
bitrate_enabled     0x1               testpmd.o
fwd_lcores          0x8               testpmd.o

Discarded input sections

 .note.GNU-stack
                0x0000000000000000        0x0 /usr/lib/gcc/x86_64-linux-gnu/7/../../../x86_64-linux-gnu/Scrt1.o
 .note.GNU-stack
                0x0000000000000000        0x0 /usr/lib/gcc/x86_64-linux-gnu/7/../../../x86_64-linux-gnu/crti.o
 .note.GNU-stack
                0x0000000000000000        0x0 /usr/lib/gcc/x86_64-linux-gnu/7/crtbeginS.o
 .note.GNU-stack
                0x0000000000000000        0x0 testpmd.o
 .note.GNU-stack
                0x0000000000000000        0x0 parameters.o
 .note.GNU-stack
                0x0000000000000000        0x0 cmdline.o
 .note.GNU-stack
                0x0000000000000000        0x0 cmdline_flow.o
 .note.GNU-stack
                0x0000000000000000        0x0 cmdline_mtr.o
 .note.GNU-stack
                0x0000000000000000        0x0 cmdline_tm.o
 .note.GNU-stack
                0x0000000000000000        0x0 config.o
 .note.GNU-stack
                0x0000000000000000        0x0 iofwd.o
 .note.GNU-stack
                0x0000000000000000        0x0 macfwd.o
 .note.GNU-stack
                0x0000000000000000        0x0 macswap.o
 .note.GNU-stack
                0x0000000000000000        0x0 flowgen.o
 .note.GNU-stack
                0x0000000000000000        0x0 rxonly.o
 .note.GNU-stack
                0x0000000000000000        0x0 txonly.o
 .note.GNU-stack
                0x0000000000000000        0x0 csumonly.o
 .note.GNU-stack
[...]
Memory Configuration

Name             Origin             Length             Attributes
*default*        0x0000000000000000 0xffffffffffffffff

Linker script and memory map

LOAD /usr/lib/gcc/x86_64-linux-gnu/7/../../../x86_64-linux-gnu/Scrt1.o
LOAD /usr/lib/gcc/x86_64-linux-gnu/7/../../../x86_64-linux-gnu/crti.o
LOAD /usr/lib/gcc/x86_64-linux-gnu/7/crtbeginS.o
LOAD testpmd.o
LOAD parameters.o
LOAD cmdline.o
LOAD cmdline_flow.o
LOAD cmdline_mtr.o
LOAD cmdline_tm.o
LOAD config.o
LOAD iofwd.o
LOAD macfwd.o
LOAD macswap.o
LOAD flowgen.o
LOAD rxonly.o
LOAD txonly.o
LOAD csumonly.o
LOAD icmpecho.o
LOAD tm.o
LOAD /users/lr499/dpdk-stable-17.11.10/x86_64-native-linuxapp-gcc/lib/librte_pmd_bond.so
LOAD /users/lr499/dpdk-stable-17.11.10/x86_64-native-linuxapp-gcc/lib/librte_pmd_ixgbe.so
LOAD /users/lr499/dpdk-stable-17.11.10/x86_64-native-linuxapp-gcc/lib/librte_pmd_i40e.so
LOAD /users/lr499/dpdk-stable-17.11.10/x86_64-native-linuxapp-gcc/lib/librte_pmd_bnxt.so
LOAD /users/lr499/dpdk-stable-17.11.10/x86_64-native-linuxapp-gcc/lib/librte_pmd_softnic.so
LOAD /users/lr499/dpdk-stable-17.11.10/x86_64-native-linuxapp-gcc/lib/librte_flow_classify.so
LOAD /users/lr499/dpdk-stable-17.11.10/x86_64-native-linuxapp-gcc/lib/librte_pipeline.so
LOAD /users/lr499/dpdk-stable-17.11.10/x86_64-native-linuxapp-gcc/lib/librte_table.so
LOAD /users/lr499/dpdk-stable-17.11.10/x86_64-native-linuxapp-gcc/lib/librte_port.so
LOAD /users/lr499/dpdk-stable-17.11.10/x86_64-native-linuxapp-gcc/lib/librte_pdump.so
LOAD /users/lr499/dpdk-stable-17.11.10/x86_64-native-linuxapp-gcc/lib/librte_distributor.so
LOAD /users/lr499/dpdk-stable-17.11.10/x86_64-native-linuxapp-gcc/lib/librte_ip_frag.so
LOAD /users/lr499/dpdk-stable-17.11.10/x86_64-native-linuxapp-gcc/lib/librte_gro.so
LOAD /users/lr499/dpdk-stable-17.11.10/x86_64-native-linuxapp-gcc/lib/librte_gso.so
LOAD /users/lr499/dpdk-stable-17.11.10/x86_64-native-linuxapp-gcc/lib/librte_meter.so
LOAD /users/lr499/dpdk-stable-17.11.10/x86_64-native-linuxapp-gcc/lib/librte_lpm.so
LOAD /users/lr499/dpdk-stable-17.11.10/x86_64-native-linuxapp-gcc/lib/librte_acl.so
LOAD /users/lr499/dpdk-stable-17.11.10/x86_64-native-linuxapp-gcc/lib/librte_jobstats.so
LOAD /users/lr499/dpdk-stable-17.11.10/x86_64-native-linuxapp-gcc/lib/librte_metrics.so
LOAD /users/lr499/dpdk-stable-17.11.10/x86_64-native-linuxapp-gcc/lib/librte_bitratestats.so
LOAD /users/lr499/dpdk-stable-17.11.10/x86_64-native-linuxapp-gcc/lib/librte_latencystats.so
LOAD /users/lr499/dpdk-stable-17.11.10/x86_64-native-linuxapp-gcc/lib/librte_power.so
LOAD /users/lr499/dpdk-stable-17.11.10/x86_64-native-linuxapp-gcc/lib/librte_timer.so
LOAD /users/lr499/dpdk-stable-17.11.10/x86_64-native-linuxapp-gcc/lib/librte_efd.so
LOAD /users/lr499/dpdk-stable-17.11.10/x86_64-native-linuxapp-gcc/lib/librte_cfgfile.so
LOAD /users/lr499/dpdk-stable-17.11.10/x86_64-native-linuxapp-gcc/lib/librte_hash.so
LOAD /users/lr499/dpdk-stable-17.11.10/x86_64-native-linuxapp-gcc/lib/librte_member.so
LOAD /users/lr499/dpdk-stable-17.11.10/x86_64-native-linuxapp-gcc/lib/librte_vhost.so
LOAD /users/lr499/dpdk-stable-17.11.10/x86_64-native-linuxapp-gcc/lib/librte_kvargs.so
LOAD /users/lr499/dpdk-stable-17.11.10/x86_64-native-linuxapp-gcc/lib/librte_mbuf.so
LOAD /users/lr499/dpdk-stable-17.11.10/x86_64-native-linuxapp-gcc/lib/librte_net.so
LOAD /users/lr499/dpdk-stable-17.11.10/x86_64-native-linuxapp-gcc/lib/librte_ethdev.so
LOAD /users/lr499/dpdk-stable-17.11.10/x86_64-native-linuxapp-gcc/lib/librte_cryptodev.so
LOAD /users/lr499/dpdk-stable-17.11.10/x86_64-native-linuxapp-gcc/lib/librte_security.so
LOAD /users/lr499/dpdk-stable-17.11.10/x86_64-native-linuxapp-gcc/lib/librte_eventdev.so
LOAD /users/lr499/dpdk-stable-17.11.10/x86_64-native-linuxapp-gcc/lib/librte_mempool.so
LOAD /users/lr499/dpdk-stable-17.11.10/x86_64-native-linuxapp-gcc/lib/librte_mempool_ring.so
LOAD /users/lr499/dpdk-stable-17.11.10/x86_64-native-linuxapp-gcc/lib/librte_ring.so
LOAD /users/lr499/dpdk-stable-17.11.10/x86_64-native-linuxapp-gcc/lib/librte_pci.so
LOAD /users/lr499/dpdk-stable-17.11.10/x86_64-native-linuxapp-gcc/lib/librte_eal.so
LOAD /users/lr499/dpdk-stable-17.11.10/x86_64-native-linuxapp-gcc/lib/librte_cmdline.so
LOAD /users/lr499/dpdk-stable-17.11.10/x86_64-native-linuxapp-gcc/lib/librte_reorder.so
LOAD /users/lr499/dpdk-stable-17.11.10/x86_64-native-linuxapp-gcc/lib/librte_sched.so
LOAD /users/lr499/dpdk-stable-17.11.10/x86_64-native-linuxapp-gcc/lib/librte_kni.so
LOAD /users/lr499/dpdk-stable-17.11.10/x86_64-native-linuxapp-gcc/lib/librte_bus_pci.so
LOAD /users/lr499/dpdk-stable-17.11.10/x86_64-native-linuxapp-gcc/lib/librte_bus_vdev.so
LOAD /usr/lib/gcc/x86_64-linux-gnu/7/libgcc_s.so
START GROUP
LOAD /usr/lib/gcc/x86_64-linux-gnu/7/libgcc_s.so.1
LOAD /usr/lib/gcc/x86_64-linux-gnu/7/libgcc.a
END GROUP
LOAD /usr/lib/gcc/x86_64-linux-gnu/7/../../../x86_64-linux-gnu/libdl.so
LOAD /usr/lib/gcc/x86_64-linux-gnu/7/libgcc.a
LOAD /usr/lib/gcc/x86_64-linux-gnu/7/libgcc_s.so
START GROUP
LOAD /usr/lib/gcc/x86_64-linux-gnu/7/libgcc_s.so.1
LOAD /usr/lib/gcc/x86_64-linux-gnu/7/libgcc.a
END GROUP
LOAD /usr/lib/gcc/x86_64-linux-gnu/7/../../../x86_64-linux-gnu/libpthread.so
START GROUP
LOAD /lib/x86_64-linux-gnu/libpthread.so.0
LOAD /usr/lib/x86_64-linux-gnu/libpthread_nonshared.a
END GROUP
LOAD /usr/lib/gcc/x86_64-linux-gnu/7/../../../x86_64-linux-gnu/libc.so
START GROUP
LOAD /lib/x86_64-linux-gnu/libc.so.6
LOAD /usr/lib/x86_64-linux-gnu/libc_nonshared.a
LOAD /lib/x86_64-linux-gnu/ld-linux-x86-64.so.2
END GROUP
LOAD /usr/lib/gcc/x86_64-linux-gnu/7/libgcc.a
LOAD /usr/lib/gcc/x86_64-linux-gnu/7/libgcc_s.so
START GROUP
LOAD /usr/lib/gcc/x86_64-linux-gnu/7/libgcc_s.so.1
LOAD /usr/lib/gcc/x86_64-linux-gnu/7/libgcc.a
END GROUP
LOAD /usr/lib/gcc/x86_64-linux-gnu/7/crtendS.o
LOAD /usr/lib/gcc/x86_64-linux-gnu/7/../../../x86_64-linux-gnu/crtn.o
                [!provide]                        PROVIDE (__executable_start = SEGMENT_START ("text-segment", 0x0))
                0x0000000000000238                . = (SEGMENT_START ("text-segment", 0x0) + SIZEOF_HEADERS)

.interp         0x0000000000000238       0x1c
 *(.interp)
 .interp        0x0000000000000238       0x1c /usr/lib/gcc/x86_64-linux-gnu/7/../../../x86_64-linux-gnu/Scrt1.o

.note.ABI-tag   0x0000000000000254       0x20
 .note.ABI-tag  0x0000000000000254       0x20 /usr/lib/gcc/x86_64-linux-gnu/7/../../../x86_64-linux-gnu/Scrt1.o

.note.gnu.build-id
                0x0000000000000274       0x24
 *(.note.gnu.build-id)
 .note.gnu.build-id
                0x0000000000000274       0x24 /usr/lib/gcc/x86_64-linux-gnu/7/../../../x86_64-linux-gnu/Scrt1.o

.hash
 *(.hash)

.gnu.hash       0x0000000000000298     0x325c
 *(.gnu.hash)
 .gnu.hash      0x0000000000000298     0x325c /usr/lib/gcc/x86_64-linux-gnu/7/../../../x86_64-linux-gnu/Scrt1.o

.dynsym         0x00000000000034f8     0xba78
 *(.dynsym)
 .dynsym        0x00000000000034f8     0xba78 /usr/lib/gcc/x86_64-linux-gnu/7/../../../x86_64-linux-gnu/Scrt1.o

.dynstr         0x000000000000ef70     0xc559
 *(.dynstr)
 .dynstr        0x000000000000ef70     0xc559 /usr/lib/gcc/x86_64-linux-gnu/7/../../../x86_64-linux-gnu/Scrt1.o

.gnu.version    0x000000000001b4ca      0xf8a
 *(.gnu.version)
 .gnu.version   0x000000000001b4ca      0xf8a /usr/lib/gcc/x86_64-linux-gnu/7/../../../x86_64-linux-gnu/Scrt1.o

.gnu.version_d  0x000000000001c458        0x0
 *(.gnu.version_d)
 .gnu.version_d
                0x000000000001c458        0x0 /usr/lib/gcc/x86_64-linux-gnu/7/../../../x86_64-linux-gnu/Scrt1.o

.gnu.version_r  0x000000000001c458      0x400
 *(.gnu.version_r)
 .gnu.version_r
                0x000000000001c458      0x400 /usr/lib/gcc/x86_64-linux-gnu/7/../../../x86_64-linux-gnu/Scrt1.o

.rela.dyn       0x000000000001c858    0x1f740
 *(.rela.init)
 *(.rela.text .rela.text.* .rela.gnu.linkonce.t.*)
 .rela.text     0x000000000001c858        0x0 /usr/lib/gcc/x86_64-linux-gnu/7/../../../x86_64-linux-gnu/Scrt1.o
 .rela.text.startup
                0x000000000001c858        0x0 /usr/lib/gcc/x86_64-linux-gnu/7/../../../x86_64-linux-gnu/Scrt1.o
 *(.rela.fini)
 *(.rela.rodata .rela.rodata.* .rela.gnu.linkonce.r.*)
 *(.rela.data .rela.data.* .rela.gnu.linkonce.d.*)
 .rela.data.rel.ro
                0x000000000001c858        0x0 /usr/lib/gcc/x86_64-linux-gnu/7/../../../x86_64-linux-gnu/Scrt1.o
 .rela.data.rel.local
                0x000000000001c858      0x930 /usr/lib/gcc/x86_64-linux-gnu/7/../../../x86_64-linux-gnu/Scrt1.o
 .rela.data.rel.ro.local
                0x000000000001d188     0x65a0 /usr/lib/gcc/x86_64-linux-gnu/7/../../../x86_64-linux-gnu/Scrt1.o
 .rela.data.rel
                0x0000000000023728    0x18588 /usr/lib/gcc/x86_64-linux-gnu/7/../../../x86_64-linux-gnu/Scrt1.o
 *(.rela.tdata .rela.tdata.* .rela.gnu.linkonce.td.*)
 *(.rela.tbss .rela.tbss.* .rela.gnu.linkonce.tb.*)
 *(.rela.ctors)
 *(.rela.dtors)
 *(.rela.got)
 .rela.got      0x000000000003bcb0      0x2b8 /usr/lib/gcc/x86_64-linux-gnu/7/../../../x86_64-linux-gnu/Scrt1.o
 *(.rela.bss .rela.bss.* .rela.gnu.linkonce.b.*)
 .rela.bss      0x000000000003bf68        0x0 /usr/lib/gcc/x86_64-linux-gnu/7/../../../x86_64-linux-gnu/Scrt1.o
 *(.rela.ldata .rela.ldata.* .rela.gnu.linkonce.l.*)
 *(.rela.lbss .rela.lbss.* .rela.gnu.linkonce.lb.*)
 *(.rela.lrodata .rela.lrodata.* .rela.gnu.linkonce.lr.*)
 *(.rela.ifunc)
 .rela.ifunc    0x000000000003bf68        0x0 /usr/lib/gcc/x86_64-linux-gnu/7/../../../x86_64-linux-gnu/Scrt1.o
 .rela.fini_array
                0x000000000003bf68       0x18 /usr/lib/gcc/x86_64-linux-gnu/7/../../../x86_64-linux-gnu/Scrt1.o
 .rela.init_array
                0x000000000003bf80       0x18 /usr/lib/gcc/x86_64-linux-gnu/7/../../../x86_64-linux-gnu/Scrt1.o

.rela.plt       0x000000000003bf98     0x1b60
 *(.rela.plt)
 .rela.plt      0x000000000003bf98     0x1b60 /usr/lib/gcc/x86_64-linux-gnu/7/../../../x86_64-linux-gnu/Scrt1.o
                [!provide]                        PROVIDE (__rela_iplt_start = .)
 *(.rela.iplt)
                [!provide]                        PROVIDE (__rela_iplt_end = .)

.init           0x000000000003daf8       0x17
 *(SORT_NONE(.init))
 .init          0x000000000003daf8       0x12 /usr/lib/gcc/x86_64-linux-gnu/7/../../../x86_64-linux-gnu/crti.o
                0x000000000003daf8                _init
 .init          0x000000000003db0a        0x5 /usr/lib/gcc/x86_64-linux-gnu/7/../../../x86_64-linux-gnu/crtn.o

.plt            0x000000000003db10     0x1250
 *(.plt)
 .plt           0x000000000003db10     0x1250 /usr/lib/gcc/x86_64-linux-gnu/7/../../../x86_64-linux-gnu/Scrt1.o
 *(.iplt)

.plt.got        0x000000000003ed60        0x8
 *(.plt.got)
 .plt.got       0x000000000003ed60        0x8 /usr/lib/gcc/x86_64-linux-gnu/7/../../../x86_64-linux-gnu/Scrt1.o

.plt.sec
 *(.plt.sec)

.text           0x000000000003ed70    0x34452
 *(.text.unlikely .text.*_unlikely .text.unlikely.*)
 .text.unlikely
                0x000000000003ed70      0x44d csumonly.o
 *(.text.exit .text.exit.*)
 *(.text.startup .text.startup.*)
 *fill*         0x000000000003f1bd        0x3 
 .text.startup  0x000000000003f1c0      0x9f2 testpmd.o
                0x000000000003f1c0                main
 *(.text.hot .text.hot.*)
 *(.text .stub .text.* .gnu.linkonce.t.*)
 *fill*         0x000000000003fbb2        0xe 
 .text          0x000000000003fbc0       0x2b /usr/lib/gcc/x86_64-linux-gnu/7/../../../x86_64-linux-gnu/Scrt1.o
                0x000000000003fbc0                _start
 .text          0x000000000003fbeb        0x0 /usr/lib/gcc/x86_64-linux-gnu/7/../../../x86_64-linux-gnu/crti.o
 *fill*         0x000000000003fbeb        0x5 
 .text          0x000000000003fbf0       0xda /usr/lib/gcc/x86_64-linux-gnu/7/crtbeginS.o
 *fill*         0x000000000003fcca        0x6 
 .text          0x000000000003fcd0     0x42e0 testpmd.o
                0x0000000000041790                new_socket_id
                0x0000000000041810                set_def_fwd_config
                0x0000000000041990                get_allowed_max_nb_rxq
                0x0000000000041a50                check_nb_rxq
                0x0000000000041ac0                get_allowed_max_nb_txq
                0x0000000000041b80                check_nb_txq
                0x0000000000041bf0                init_fwd_streams
                0x0000000000041f50                update_fwd_ports
                0x0000000000042030                start_packet_forwarding
                0x0000000000042410                stop_packet_forwarding
                0x0000000000042440                dev_set_link_up
                0x0000000000042470                dev_set_link_down
                0x00000000000424a0                all_ports_stopped
                0x0000000000042500                port_is_started
                0x0000000000042540                start_port
                0x0000000000042bc0                detach_port
                0x0000000000042cd0                init_port_config
                0x0000000000043020                reconfig
                0x0000000000043070                attach_port
                0x00000000000431d0                set_port_slave_flag
                0x00000000000431f0                clear_port_slave_flag
                0x0000000000043210                port_is_bonding_slave
                0x0000000000043260                stop_port
                0x0000000000043420                close_port
                0x00000000000436c0                pmd_test_exit
                0x0000000000043830                reset_port
                0x0000000000043a00                init_port_dcb_config
 .text          0x0000000000043fb0     0x2a4c parameters.o
                0x00000000000444e0                launch_args_parse
 *fill*         0x00000000000469fc        0x4 
 .text          0x0000000000046a00     0xd74a cmdline.o
                0x0000000000053830                parse_item_list
                0x0000000000053f50                cmdline_read_from_file
                0x0000000000053fd0                prompt
                0x0000000000054130                prompt_exit
 *fill*         0x000000000005414a        0x6 
 .text          0x0000000000054150     0x3564 cmdline_flow.o
 *fill*         0x00000000000576b4        0xc 
 .text          0x00000000000576c0     0x1276 cmdline_mtr.o
 *fill*         0x0000000000058936        0xa 
 .text          0x0000000000058940     0x2863 cmdline_tm.o
 *fill*         0x000000000005b1a3        0xd 
 .text          0x000000000005b1b0     0x7cc8 config.o
                0x000000000005b500                rx_queue_infos_display
                0x000000000005b700                tx_queue_infos_display
                0x000000000005b8c0                port_id_is_invalid
                0x000000000005b950                port_offload_cap_display
                0x000000000005c350                print_valid_ports
                0x000000000005c3c0                nic_stats_display
                0x000000000005c750                nic_stats_clear
                0x000000000005c790                nic_xstats_display
                0x000000000005c960                nic_xstats_clear
                0x000000000005c990                nic_stats_mapping_display
                0x000000000005cb70                port_infos_display
                0x000000000005d100                port_reg_bit_display
                0x000000000005d220                port_reg_bit_field_display
                0x000000000005d3d0                port_reg_display
                0x000000000005d490                port_reg_bit_set
                0x000000000005d5e0                port_reg_bit_field_set
                0x000000000005d7a0                port_reg_set
                0x000000000005d890                port_mtu_set
                0x000000000005d8e0                port_flow_validate
                0x000000000005da10                port_flow_create
                0x000000000005df60                port_flow_destroy
                0x000000000005e170                port_flow_flush
                0x000000000005e320                port_flow_query
                0x000000000005e5a0                port_flow_list
                0x000000000005e850                port_flow_isolate
                0x000000000005e9b0                rx_queue_id_is_invalid
                0x000000000005e9f0                tx_queue_id_is_invalid
                0x000000000005ea30                rx_ring_desc_display
                0x000000000005ec60                tx_ring_desc_display
                0x000000000005edc0                fwd_lcores_config_display
                0x000000000005ee40                rxtx_config_display
                0x000000000005f080                port_rss_reta_info
                0x000000000005f150                port_rss_hash_conf_show
                0x000000000005f3c0                port_rss_hash_key_update
                0x000000000005f4d0                fwd_config_setup
                0x000000000005fdc0                pkt_fwd_config_display
                0x0000000000060070                set_fwd_lcores_list
                0x00000000000601b0                set_fwd_lcores_mask
                0x0000000000060240                set_fwd_lcores_number
                0x0000000000060290                set_fwd_ports_list
                0x0000000000060360                set_fwd_ports_mask
                0x0000000000060440                set_fwd_ports_number
                0x0000000000060490                port_is_forwarding
                0x0000000000060500                set_nb_pkt_per_burst
                0x0000000000060550                set_tx_pkt_split
                0x00000000000605f0                show_tx_pkt_segments
                0x0000000000060710                set_tx_pkt_segments
                0x0000000000060c70                setup_gro
                0x0000000000060d70                setup_gro_flush_cycles
                0x0000000000060de0                show_gro
                0x0000000000060e90                setup_gso
                0x0000000000060f70                list_pkt_forwarding_modes
                0x00000000000610f0                list_pkt_forwarding_retry_modes
                0x0000000000061280                set_pkt_forwarding_mode
                0x0000000000061330                set_verbose_level
                0x0000000000061370                vlan_extend_set
                0x00000000000613d0                rx_vlan_strip_set
                0x0000000000061430                rx_vlan_strip_set_on_queue
                0x0000000000061490                rx_vlan_filter_set
                0x00000000000614f0                rx_vft_set
                0x0000000000061590                rx_vlan_all_filter_set
                0x00000000000615d0                vlan_tpid_set
                0x0000000000061630                tx_vlan_reset
                0x0000000000061670                tx_vlan_set
                0x0000000000061700                tx_qinq_set
                0x00000000000617e0                tx_vlan_pvid_set
                0x0000000000061820                set_qmap
                0x0000000000061990                set_xstats_hide_zero
                0x00000000000619a0                fdir_get_infos
                0x0000000000062080                fdir_set_flex_mask
                0x0000000000062120                fdir_set_flex_payload
                0x00000000000622b0                set_vf_traffic
                0x0000000000062310                set_queue_rate_limit
                0x00000000000623d0                set_vf_rate_limit
                0x0000000000062440                mcast_addr_add
                0x0000000000062600                mcast_addr_remove
                0x00000000000627b0                port_dcb_info_display
                0x0000000000062aa0                save_ddp_package_file
                0x0000000000062b50                close_ddp_package_file
                0x0000000000062b70                open_ddp_package_file
                0x0000000000062d10                port_queue_region_info_display
 *fill*         0x0000000000062e78        0x8 
 .text          0x0000000000062e80      0x879 iofwd.o
 *fill*         0x00000000000636f9        0x7 
 .text          0x0000000000063700      0x98d macfwd.o
 *fill*         0x000000000006408d        0x3 
 .text          0x0000000000064090      0x97d macswap.o
 *fill*         0x0000000000064a0d        0x3 
 .text          0x0000000000064a10     0x1197 flowgen.o
 *fill*         0x0000000000065ba7        0x9 
 .text          0x0000000000065bb0     0x10de rxonly.o
 *fill*         0x0000000000066c8e        0x2 
 .text          0x0000000000066c90     0x300b txonly.o
 *fill*         0x0000000000069c9b        0x5 
 .text          0x0000000000069ca0     0x547a csumonly.o
 *fill*         0x000000000006f11a        0x6 
 .text          0x000000000006f120     0x25c2 icmpecho.o
 *fill*         0x00000000000716e2        0xe 
 .text          0x00000000000716f0     0x1a5f tm.o
 *fill*         0x000000000007314f        0x1 
 .text          0x0000000000073150       0x72 /usr/lib/x86_64-linux-gnu/libc_nonshared.a(elf-init.oS)
                0x0000000000073150                __libc_csu_init
                0x00000000000731c0                __libc_csu_fini
 .text          0x00000000000731c2        0x0 /usr/lib/gcc/x86_64-linux-gnu/7/crtendS.o
 .text          0x00000000000731c2        0x0 /usr/lib/gcc/x86_64-linux-gnu/7/../../../x86_64-linux-gnu/crtn.o
 *(.gnu.warning)

.fini           0x00000000000731c4        0x9
 *(SORT_NONE(.fini))
 .fini          0x00000000000731c4        0x4 /usr/lib/gcc/x86_64-linux-gnu/7/../../../x86_64-linux-gnu/crti.o
                0x00000000000731c4                _fini
 .fini          0x00000000000731c8        0x5 /usr/lib/gcc/x86_64-linux-gnu/7/../../../x86_64-linux-gnu/crtn.o
                [!provide]                        PROVIDE (__etext = .)
                [!provide]                        PROVIDE (_etext = .)
                [!provide]                        PROVIDE (etext = .)

.rodata         0x00000000000731e0    0x18a80
 *(.rodata .rodata.* .gnu.linkonce.r.*)
 .rodata.cst4   0x00000000000731e0        0x4 /usr/lib/gcc/x86_64-linux-gnu/7/../../../x86_64-linux-gnu/Scrt1.o
                0x00000000000731e0                _IO_stdin_used
 *fill*         0x00000000000731e4        0x4 
 .rodata.str1.8
                0x00000000000731e8     0x1196 testpmd.o
 .rodata.str1.1
                0x000000000007437e      0x3f2 testpmd.o
                                        0x3fa (size before relaxing)
 *fill*         0x0000000000074770       0x10 
 .rodata        0x0000000000074780       0xa0 testpmd.o
                0x00000000000747e0                vlan_tags
 .rodata.str1.1
                0x0000000000074820      0x61d parameters.o
                                        0x667 (size before relaxing)
 *fill*         0x0000000000074e3d        0x3 
 .rodata.str1.8
                0x0000000000074e40     0x1cb1 parameters.o
 *fill*         0x0000000000076af1        0x7 
 .rodata.str1.8
                0x0000000000076af8     0xc5db cmdline.o
 .rodata.str1.1
                0x00000000000830d3     0x152a cmdline.o
                                       0x1813 (size before relaxing)
 *fill*         0x00000000000845fd        0x3 
 .rodata        0x0000000000084600      0x760 cmdline.o
 .rodata.str1.1
                0x0000000000084d60      0x85e cmdline_flow.o
                                        0x9a1 (size before relaxing)
 *fill*         0x00000000000855be        0x2 
 .rodata        0x00000000000855c0      0xe28 cmdline_flow.o
 .rodata.str1.8
                0x00000000000863e8      0x677 cmdline_flow.o
 .rodata.str1.1
                0x0000000000086a5f      0x251 cmdline_mtr.o
                                        0x29b (size before relaxing)
 .rodata.str1.8
                0x0000000000086cb0       0x77 cmdline_mtr.o
 .rodata.str1.1
                0x0000000000086d27      0x4a0 cmdline_tm.o
                                        0x571 (size before relaxing)
 *fill*         0x00000000000871c7        0x1 
 .rodata.str1.8
                0x00000000000871c8      0xc7c cmdline_tm.o
 .rodata        0x0000000000087e44       0x94 cmdline_tm.o
 .rodata.str1.1
                0x0000000000087ed8      0xb0b config.o
                                        0xc40 (size before relaxing)
 *fill*         0x00000000000889e3        0x5 
 .rodata.str1.8
                0x00000000000889e8     0x1fa7 config.o
                                       0x206f (size before relaxing)
 *fill*         0x000000000008a98f       0x11 
 .rodata        0x000000000008a9a0      0x380 config.o
 .rodata.cst16  0x000000000008ad20       0x60 config.o
 .rodata.cst32  0x000000000008ad80       0x20 config.o
 .rodata.str1.1
                0x000000000008ada0        0x3 iofwd.o
                                          0x9 (size before relaxing)
 .rodata.str1.8
                0x000000000008ada3       0x57 iofwd.o
 *fill*         0x000000000008ada3        0xd 
 .rodata        0x000000000008adb0       0x14 iofwd.o
 .rodata.str1.1
                0x000000000008adc4        0xa macfwd.o
 .rodata.str1.8
                0x000000000008adc4       0x57 macfwd.o
 *fill*         0x000000000008adc4        0xc 
 .rodata        0x000000000008add0       0x14 macfwd.o
 .rodata.str1.1
                0x000000000008ade4        0x8 macswap.o
                                          0xe (size before relaxing)
 .rodata.str1.8
                0x000000000008adec       0x57 macswap.o
 *fill*         0x000000000008adec        0x4 
 .rodata        0x000000000008adf0       0x14 macswap.o
 .rodata.str1.1
                0x000000000008ae04        0x8 flowgen.o
                                          0xe (size before relaxing)
 *fill*         0x000000000008ae0c        0x4 
 .rodata.str1.8
                0x000000000008ae10       0x3f flowgen.o
                                         0x97 (size before relaxing)
 *fill*         0x000000000008ae4f        0x1 
 .rodata        0x000000000008ae50       0x2e flowgen.o
 *fill*         0x000000000008ae7e        0x2 
 .rodata.str1.8
                0x000000000008ae80       0xc5 rxonly.o
                                        0x11d (size before relaxing)
 .rodata.str1.1
                0x000000000008af45      0x148 rxonly.o
                                        0x17f (size before relaxing)
 *fill*         0x000000000008b08d        0x3 
 .rodata        0x000000000008b090       0x14 rxonly.o
 .rodata.str1.1
                0x000000000008b0a4        0xd txonly.o
 *fill*         0x000000000008b0a4        0x4 
 .rodata.str1.8
                0x000000000008b0a8       0x3e txonly.o
                                         0xd6 (size before relaxing)
 *fill*         0x000000000008b0e6        0xa 
 .rodata        0x000000000008b0f0       0x22 txonly.o
 .rodata.str1.1
                0x000000000008b112       0x37 csumonly.o
                                         0x54 (size before relaxing)
 *fill*         0x000000000008b149        0x7 
 .rodata.str1.8
                0x000000000008b150      0x254 csumonly.o
                                        0x2ec (size before relaxing)
 *fill*         0x000000000008b3a4        0xc 
 .rodata        0x000000000008b3b0       0x24 csumonly.o
 .rodata.cst32  0x000000000008b3d4       0x20 csumonly.o
 .rodata.str1.1
                0x000000000008b3d4      0x2d7 icmpecho.o
                                        0x359 (size before relaxing)
 *fill*         0x000000000008b6ab        0x5 
 .rodata.str1.8
                0x000000000008b6b0       0x78 icmpecho.o
                                         0xd0 (size before relaxing)
 *fill*         0x000000000008b728        0x8 
 .rodata        0x000000000008b730       0x44 icmpecho.o
 *fill*         0x000000000008b774        0x4 
 .rodata.str1.8
                0x000000000008b778      0x2f8 tm.o
                                        0x34f (size before relaxing)
 .rodata.str1.1
                0x000000000008ba70       0xab tm.o
                                         0xb4 (size before relaxing)
 *fill*         0x000000000008bb1b        0x5 
 .rodata        0x000000000008bb20       0xb4 tm.o
 *fill*         0x000000000008bbd4        0xc 
 .rodata.cst32  0x000000000008bbe0       0x80 tm.o

.rodata1
 *(.rodata1)

.eh_frame_hdr   0x000000000008bc60      0xc34
 *(.eh_frame_hdr)
 .eh_frame_hdr  0x000000000008bc60      0xc34 /usr/lib/gcc/x86_64-linux-gnu/7/../../../x86_64-linux-gnu/Scrt1.o
                0x000000000008bc60                __GNU_EH_FRAME_HDR
 *(.eh_frame_entry .eh_frame_entry.*)

.eh_frame       0x000000000008c898     0x53f8
 *(.eh_frame)
 .eh_frame      0x000000000008c898       0x30 /usr/lib/gcc/x86_64-linux-gnu/7/../../../x86_64-linux-gnu/Scrt1.o
                                         0x2c (size before relaxing)
 *fill*         0x000000000008c8c8        0x0 
 .eh_frame      0x000000000008c8c8       0x40 /usr/lib/gcc/x86_64-linux-gnu/7/../../../x86_64-linux-gnu/Scrt1.o
 .eh_frame      0x000000000008c908       0x18 /usr/lib/gcc/x86_64-linux-gnu/7/../../../x86_64-linux-gnu/Scrt1.o
                                         0x30 (size before relaxing)
 .eh_frame      0x000000000008c920      0x930 testpmd.o
                                        0x948 (size before relaxing)
 .eh_frame      0x000000000008d250       0xd0 parameters.o
                                         0xe8 (size before relaxing)
 .eh_frame      0x000000000008d320     0x20a8 cmdline.o
                                       0x20c0 (size before relaxing)
 .eh_frame      0x000000000008f3c8      0x718 cmdline_flow.o
                                        0x730 (size before relaxing)
 .eh_frame      0x000000000008fae0      0x218 cmdline_mtr.o
                                        0x230 (size before relaxing)
 .eh_frame      0x000000000008fcf8      0x440 cmdline_tm.o
                                        0x458 (size before relaxing)
 .eh_frame      0x0000000000090138     0x1680 config.o
                                       0x1698 (size before relaxing)
 .eh_frame      0x00000000000917b8       0x50 iofwd.o
                                         0x68 (size before relaxing)
 .eh_frame      0x0000000000091808       0x50 macfwd.o
                                         0x68 (size before relaxing)
 .eh_frame      0x0000000000091858       0x50 macswap.o
                                         0x68 (size before relaxing)
 .eh_frame      0x00000000000918a8       0x50 flowgen.o
                                         0x68 (size before relaxing)
 .eh_frame      0x00000000000918f8       0x88 rxonly.o
                                         0xa0 (size before relaxing)
 .eh_frame      0x0000000000091980       0x60 txonly.o
                                         0x78 (size before relaxing)
 .eh_frame      0x00000000000919e0       0x98 csumonly.o
                                         0xb0 (size before relaxing)
 .eh_frame      0x0000000000091a78      0x100 icmpecho.o
                                        0x118 (size before relaxing)
 .eh_frame      0x0000000000091b78       0xb8 tm.o
                                         0xd0 (size before relaxing)
 .eh_frame      0x0000000000091c30       0x5c /usr/lib/x86_64-linux-gnu/libc_nonshared.a(elf-init.oS)
                                         0x78 (size before relaxing)
 .eh_frame      0x0000000000091c8c        0x4 /usr/lib/gcc/x86_64-linux-gnu/7/crtendS.o
 *(.eh_frame.*)

.gcc_except_table
 *(.gcc_except_table .gcc_except_table.*)

.gnu_extab
 *(.gnu_extab*)

.exception_ranges
 *(.exception_ranges .exception_ranges*)
                0x0000000000292810                . = DATA_SEGMENT_ALIGN (CONSTANT (MAXPAGESIZE), CONSTANT (COMMONPAGESIZE))

.eh_frame
 *(.eh_frame)
 *(.eh_frame.*)

.gnu_extab
 *(.gnu_extab)

.gcc_except_table
 *(.gcc_except_table .gcc_except_table.*)

.exception_ranges
 *(.exception_ranges .exception_ranges*)

.tdata
 *(.tdata .tdata.* .gnu.linkonce.td.*)

.tbss
 *(.tbss .tbss.* .gnu.linkonce.tb.*)
 *(.tcommon)

.preinit_array  0x0000000000292810        0x0
                [!provide]                        PROVIDE (__preinit_array_start = .)
 *(.preinit_array)
                [!provide]                        PROVIDE (__preinit_array_end = .)

.init_array     0x0000000000292810        0x8
                0x0000000000292810                PROVIDE (__init_array_start = .)
 *(SORT_BY_INIT_PRIORITY(.init_array.*) SORT_BY_INIT_PRIORITY(.ctors.*))
 *(.init_array EXCLUDE_FILE(*crtend?.o *crtend.o *crtbegin?.o *crtbegin.o) .ctors)
 .init_array    0x0000000000292810        0x8 /usr/lib/gcc/x86_64-linux-gnu/7/crtbeginS.o
                0x0000000000292818                PROVIDE (__init_array_end = .)

.fini_array     0x0000000000292818        0x8
                [!provide]                        PROVIDE (__fini_array_start = .)
 *(SORT_BY_INIT_PRIORITY(.fini_array.*) SORT_BY_INIT_PRIORITY(.dtors.*))
 *(.fini_array EXCLUDE_FILE(*crtend?.o *crtend.o *crtbegin?.o *crtbegin.o) .dtors)
 .fini_array    0x0000000000292818        0x8 /usr/lib/gcc/x86_64-linux-gnu/7/crtbeginS.o
                [!provide]                        PROVIDE (__fini_array_end = .)

.ctors
 *crtbegin.o(.ctors)
 *crtbegin?.o(.ctors)
 *(EXCLUDE_FILE(*crtend?.o *crtend.o) .ctors)
 *(SORT_BY_NAME(.ctors.*))
 *(.ctors)

.dtors
 *crtbegin.o(.dtors)
 *crtbegin?.o(.dtors)
 *(EXCLUDE_FILE(*crtend?.o *crtend.o) .dtors)
 *(SORT_BY_NAME(.dtors.*))
 *(.dtors)

.jcr
 *(.jcr)

.data.rel.ro    0x0000000000292820     0x3a88
 *(.data.rel.ro.local* .gnu.linkonce.d.rel.ro.local.*)
 .data.rel.ro.local
                0x0000000000292820       0x40 testpmd.o
 .data.rel.ro.local
                0x0000000000292860     0x3270 cmdline_flow.o
 *fill*         0x0000000000295ad0       0x10 
 .data.rel.ro.local
                0x0000000000295ae0       0x60 cmdline_mtr.o
 .data.rel.ro.local
                0x0000000000295b40      0x108 cmdline_tm.o
 *fill*         0x0000000000295c48       0x18 
 .data.rel.ro.local
                0x0000000000295c60      0x2f0 config.o
 *fill*         0x0000000000295f50       0x10 
 .data.rel.ro.local
                0x0000000000295f60      0x348 icmpecho.o
 *(.data.rel.ro .data.rel.ro.* .gnu.linkonce.d.rel.ro.*)
 .data.rel.ro   0x00000000002962a8        0x0 /usr/lib/gcc/x86_64-linux-gnu/7/../../../x86_64-linux-gnu/Scrt1.o

.dynamic        0x00000000002962a8      0x330
 *(.dynamic)
 .dynamic       0x00000000002962a8      0x330 /usr/lib/gcc/x86_64-linux-gnu/7/../../../x86_64-linux-gnu/Scrt1.o
                0x00000000002962a8                _DYNAMIC

.got            0x00000000002965d8      0xa20
 *(.got.plt)
 .got.plt       0x00000000002965d8      0x938 /usr/lib/gcc/x86_64-linux-gnu/7/../../../x86_64-linux-gnu/Scrt1.o
                0x00000000002965d8                _GLOBAL_OFFSET_TABLE_
 *(.igot.plt)
 *(.got)
 .got           0x0000000000296f10       0xe8 /usr/lib/gcc/x86_64-linux-gnu/7/../../../x86_64-linux-gnu/Scrt1.o
 *(.igot)
                0x0000000000297000                . = DATA_SEGMENT_RELRO_END (., 0x0)

.data           0x0000000000297000    0x101a0
 *(.data .data.* .gnu.linkonce.d.*)
 .data          0x0000000000297000        0x4 /usr/lib/gcc/x86_64-linux-gnu/7/../../../x86_64-linux-gnu/Scrt1.o
                0x0000000000297000                data_start
                0x0000000000297000                __data_start
 .data          0x0000000000297004        0x0 /usr/lib/gcc/x86_64-linux-gnu/7/../../../x86_64-linux-gnu/crti.o
 .data          0x0000000000297004        0x0 /usr/lib/gcc/x86_64-linux-gnu/7/crtbeginS.o
 *fill*         0x0000000000297004        0x4 
 .data.rel.local
                0x0000000000297008        0x8 /usr/lib/gcc/x86_64-linux-gnu/7/crtbeginS.o
                0x0000000000297008                __dso_handle
 *fill*         0x0000000000297010       0x10 
 .data          0x0000000000297020      0x5ae testpmd.o
                0x0000000000297020                gso_max_segment_size
                0x0000000000297022                gro_flush_cycles
                0x0000000000297024                test_done
                0x0000000000297040                fdir_conf
                0x0000000000297360                rx_mode
                0x0000000000297380                latencystats_lcore_id
                0x0000000000297384                event_print_mask
                0x0000000000297388                rmv_interrupt
                0x0000000000297389                lsc_interrupt
                0x0000000000297390                rss_hf
                0x0000000000297398                txq_flags
                0x000000000029739c                tx_rs_thresh
                0x000000000029739e                tx_free_thresh
                0x00000000002973a0                rx_drop_en
                0x00000000002973a2                rx_free_thresh
                0x00000000002973a4                tx_wthresh
                0x00000000002973a5                tx_hthresh
                0x00000000002973a6                tx_pthresh
                0x00000000002973a7                rx_wthresh
                0x00000000002973a8                rx_hthresh
                0x00000000002973a9                rx_pthresh
                0x00000000002973aa                nb_txd
                0x00000000002973ac                nb_rxd
                0x00000000002973ae                nb_txq
                0x00000000002973b0                nb_rxq
                0x00000000002973b2                mb_mempool_cache
                0x00000000002973b4                nb_pkt_per_burst
                0x00000000002973b6                tx_pkt_nb_segs
                0x00000000002973c0                tx_pkt_seg_lengths
                0x00000000002975be                tx_pkt_length
                0x00000000002975c0                mbuf_data_size
                0x00000000002975c4                burst_tx_retry_num
                0x00000000002975c8                burst_tx_delay_time
                0x00000000002975cc                socket_num
                0x00000000002975cd                numa_support
 *fill*         0x00000000002975ce       0x12 
 .data.rel      0x00000000002975e0       0x78 testpmd.o
                0x00000000002975e0                rx_queue_stats_mappings
                0x00000000002975e8                tx_queue_stats_mappings
                0x00000000002975f0                cur_fwd_eng
                0x0000000000297600                fwd_engines
 .data          0x0000000000297658        0x0 parameters.o
 *fill*         0x0000000000297658        0x8 
 .data.rel.local
                0x0000000000297660      0x8c0 parameters.o
 .data          0x0000000000297f20      0x132 cmdline.o
 *fill*         0x0000000000298052        0xe 
 .data.rel      0x0000000000298060     0xc1e8 cmdline.o
                0x0000000000298060                main_ctx
                0x0000000000298770                cmd_load_from_file
                0x00000000002987a0                cmd_load_cmdfile_filename
                0x00000000002987c0                cmd_load_cmdfile
                0x00000000002987e0                cmd_ptype_mapping_update
                0x0000000000298830                cmd_ptype_mapping_update_sw_ptype
                0x0000000000298850                cmd_ptype_mapping_update_hw_ptype
                0x0000000000298870                cmd_ptype_mapping_update_port_id
                0x0000000000298890                cmd_ptype_mapping_update_update
                0x00000000002988b0                cmd_ptype_mapping_update_mapping
                0x00000000002988d0                cmd_ptype_mapping_update_ptype
                0x00000000002988f0                cmd_ptype_mapping_reset
                0x0000000000298930                cmd_ptype_mapping_reset_port_id
                0x0000000000298950                cmd_ptype_mapping_reset_reset
                0x0000000000298970                cmd_ptype_mapping_reset_mapping
                0x0000000000298990                cmd_ptype_mapping_reset_ptype
                0x00000000002989b0                cmd_ptype_mapping_replace
                0x0000000000298a10                cmd_ptype_mapping_replace_pkt_type
                0x0000000000298a30                cmd_ptype_mapping_replace_mask
                0x0000000000298a50                cmd_ptype_mapping_replace_target
                0x0000000000298a70                cmd_ptype_mapping_replace_port_id
                0x0000000000298a90                cmd_ptype_mapping_replace_replace
                0x0000000000298ab0                cmd_ptype_mapping_replace_mapping
                0x0000000000298ad0                cmd_ptype_mapping_replace_ptype
                0x0000000000298af0                cmd_ptype_mapping_get
                0x0000000000298b40                cmd_ptype_mapping_get_valid_only
                0x0000000000298b60                cmd_ptype_mapping_get_port_id
                0x0000000000298b80                cmd_ptype_mapping_get_get
                0x0000000000298ba0                cmd_ptype_mapping_get_mapping
                0x0000000000298bc0                cmd_ptype_mapping_get_ptype
                0x0000000000298be0                cmd_pctype_mapping_update
                0x0000000000298c40                cmd_pctype_mapping_update_flow_type
                0x0000000000298c60                cmd_pctype_mapping_update_pc_type
                0x0000000000298c80                cmd_pctype_mapping_update_update
                0x0000000000298ca0                cmd_pctype_mapping_update_mapping
                0x0000000000298cc0                cmd_pctype_mapping_update_pctype
                0x0000000000298ce0                cmd_pctype_mapping_update_port_id
                0x0000000000298d00                cmd_pctype_mapping_update_config
                0x0000000000298d20                cmd_pctype_mapping_update_port
                0x0000000000298d40                cmd_pctype_mapping_get
                0x0000000000298d90                cmd_pctype_mapping_get_mapping
                0x0000000000298db0                cmd_pctype_mapping_get_pctype
                0x0000000000298dd0                cmd_pctype_mapping_get_port_id
                0x0000000000298df0                cmd_pctype_mapping_get_port
                0x0000000000298e10                cmd_pctype_mapping_get_show
                0x0000000000298e30                cmd_pctype_mapping_reset
                0x0000000000298e80                cmd_pctype_mapping_reset_reset
                0x0000000000298ea0                cmd_pctype_mapping_reset_mapping
                0x0000000000298ec0                cmd_pctype_mapping_reset_pctype
                0x0000000000298ee0                cmd_pctype_mapping_reset_port_id
                0x0000000000298f00                cmd_pctype_mapping_reset_config
                0x0000000000298f20                cmd_pctype_mapping_reset_port
                0x0000000000298f40                cmd_clear_vf_stats
                0x0000000000298f90                cmd_clear_vf_stats_vf_id
                0x0000000000298fb0                cmd_clear_vf_stats_port_id
                0x0000000000298fd0                cmd_clear_vf_stats_stats
                0x0000000000298ff0                cmd_clear_vf_stats_vf
                0x0000000000299010                cmd_clear_vf_stats_clear
                0x0000000000299030                cmd_show_vf_stats
                0x0000000000299080                cmd_show_vf_stats_vf_id
                0x00000000002990a0                cmd_show_vf_stats_port_id
                0x00000000002990c0                cmd_show_vf_stats_stats
                0x00000000002990e0                cmd_show_vf_stats_vf
                0x0000000000299100                cmd_show_vf_stats_show
                0x0000000000299120                cmd_ddp_get_list
                0x0000000000299160                cmd_ddp_get_list_port_id
                0x0000000000299180                cmd_ddp_get_list_list
                0x00000000002991a0                cmd_ddp_get_list_get
                0x00000000002991c0                cmd_ddp_get_list_ddp
                0x00000000002991e0                cmd_ddp_get_info
                0x0000000000299220                cmd_ddp_info_filepath
                0x0000000000299240                cmd_ddp_info_info
                0x0000000000299260                cmd_ddp_info_get
                0x0000000000299280                cmd_ddp_info_ddp
                0x00000000002992a0                cmd_ddp_del
                0x00000000002992e0                cmd_ddp_del_filepath
                0x0000000000299300                cmd_ddp_del_port_id
                0x0000000000299320                cmd_ddp_del_del
                0x0000000000299340                cmd_ddp_del_ddp
                0x0000000000299360                cmd_ddp_add
                0x00000000002993a0                cmd_ddp_add_filepath
                0x00000000002993c0                cmd_ddp_add_port_id
                0x00000000002993e0                cmd_ddp_add_add
                0x0000000000299400                cmd_ddp_add_ddp
                0x0000000000299420                cmd_strict_link_prio
                0x0000000000299470                cmd_set_port_tm_hierarchy_default
                0x00000000002994c0                cmd_set_port_tm_hierarchy_default_port_id
                0x00000000002994e0                cmd_set_port_tm_hierarchy_default_default
                0x0000000000299500                cmd_set_port_tm_hierarchy_default_hierarchy
                0x0000000000299520                cmd_set_port_tm_hierarchy_default_tm
                0x0000000000299540                cmd_set_port_tm_hierarchy_default_port
                0x0000000000299560                cmd_set_port_tm_hierarchy_default_set
                0x0000000000299580                cmd_vf_tc_max_bw
                0x00000000002995f0                cmd_tc_min_bw
                0x0000000000299640                cmd_vf_tc_min_bw
                0x00000000002996a0                cmd_vf_max_bw
                0x0000000000299700                cmd_vf_tc_bw_tc_map
                0x0000000000299720                cmd_vf_tc_bw_bw_list
                0x0000000000299740                cmd_vf_tc_bw_bw
                0x0000000000299760                cmd_vf_tc_bw_tc_no
                0x0000000000299780                cmd_vf_tc_bw_vf_id
                0x00000000002997a0                cmd_vf_tc_bw_port_id
                0x00000000002997c0                cmd_vf_tc_bw_max_bw
                0x00000000002997e0                cmd_vf_tc_bw_min_bw
                0x0000000000299800                cmd_vf_tc_bw_strict_link_prio
                0x0000000000299820                cmd_vf_tc_bw_tx
                0x0000000000299840                cmd_vf_tc_bw_tc
                0x0000000000299860                cmd_vf_tc_bw_vf
                0x0000000000299880                cmd_vf_tc_bw_set
                0x00000000002998a0                cmd_set_vf_vlan_tag
                0x0000000000299900                cmd_set_vf_vlan_tag_on_off
                0x0000000000299920                cmd_set_vf_vlan_tag_vf_id
                0x0000000000299940                cmd_set_vf_vlan_tag_port_id
                0x0000000000299960                cmd_set_vf_vlan_tag_tag
                0x0000000000299980                cmd_set_vf_vlan_tag_vlan
                0x00000000002999a0                cmd_set_vf_vlan_tag_vf
                0x00000000002999c0                cmd_set_vf_vlan_tag_set
                0x00000000002999e0                cmd_set_vf_broadcast
                0x0000000000299a30                cmd_set_vf_broadcast_on_off
                0x0000000000299a50                cmd_set_vf_broadcast_vf_id
                0x0000000000299a70                cmd_set_vf_broadcast_port_id
                0x0000000000299a90                cmd_set_vf_broadcast_broadcast
                0x0000000000299ab0                cmd_set_vf_broadcast_vf
                0x0000000000299ad0                cmd_set_vf_broadcast_set
                0x0000000000299af0                cmd_set_vf_allmulti
                0x0000000000299b40                cmd_vf_allmulti_on_off
                0x0000000000299b60                cmd_vf_allmulti_vf_id
                0x0000000000299b80                cmd_vf_allmulti_port_id
                0x0000000000299ba0                cmd_vf_allmulti_allmulti
                0x0000000000299bc0                cmd_vf_allmulti_vf
                0x0000000000299be0                cmd_vf_allmulti_set
                0x0000000000299c00                cmd_set_vf_promisc
                0x0000000000299c50                cmd_vf_promisc_on_off
                0x0000000000299c70                cmd_vf_promisc_vf_id
                0x0000000000299c90                cmd_vf_promisc_port_id
                0x0000000000299cb0                cmd_vf_promisc_promisc
                0x0000000000299cd0                cmd_vf_promisc_vf
                0x0000000000299cf0                cmd_vf_promisc_set
                0x0000000000299d10                cmd_set_macsec_sa
                0x0000000000299d80                cmd_macsec_sa_key
                0x0000000000299da0                cmd_macsec_sa_pn
                0x0000000000299dc0                cmd_macsec_sa_an
                0x0000000000299de0                cmd_macsec_sa_idx
                0x0000000000299e00                cmd_macsec_sa_port_id
                0x0000000000299e20                cmd_macsec_sa_tx_rx
                0x0000000000299e40                cmd_macsec_sa_sa
                0x0000000000299e60                cmd_macsec_sa_macsec
                0x0000000000299e80                cmd_macsec_sa_set
                0x0000000000299ea0                cmd_set_macsec_sc
                0x0000000000299f00                cmd_macsec_sc_pi
                0x0000000000299f20                cmd_macsec_sc_mac
                0x0000000000299f30                cmd_macsec_sc_port_id
                0x0000000000299f50                cmd_macsec_sc_tx_rx
                0x0000000000299f70                cmd_macsec_sc_sc
                0x0000000000299f90                cmd_macsec_sc_macsec
                0x0000000000299fb0                cmd_macsec_sc_set
                0x0000000000299fd0                cmd_set_macsec_offload_off
                0x000000000029a020                cmd_macsec_offload_off_off
                0x000000000029a040                cmd_macsec_offload_off_port_id
                0x000000000029a060                cmd_macsec_offload_off_offload
                0x000000000029a080                cmd_macsec_offload_off_macsec
                0x000000000029a0a0                cmd_macsec_offload_off_set
                0x000000000029a0c0                cmd_set_macsec_offload_on
                0x000000000029a130                cmd_macsec_offload_on_rp_on_off
                0x000000000029a150                cmd_macsec_offload_on_replay_protect
                0x000000000029a170                cmd_macsec_offload_on_en_on_off
                0x000000000029a190                cmd_macsec_offload_on_encrypt
                0x000000000029a1b0                cmd_macsec_offload_on_on
                0x000000000029a1d0                cmd_macsec_offload_on_port_id
                0x000000000029a1f0                cmd_macsec_offload_on_offload
                0x000000000029a210                cmd_macsec_offload_on_macsec
                0x000000000029a230                cmd_macsec_offload_on_set
                0x000000000029a250                cmd_set_vf_mac_addr
                0x000000000029a2b0                cmd_set_vf_mac_addr_mac_addr
                0x000000000029a2c0                cmd_set_vf_mac_addr_vf_id
                0x000000000029a2e0                cmd_set_vf_mac_addr_port_id
                0x000000000029a300                cmd_set_vf_mac_addr_addr
                0x000000000029a320                cmd_set_vf_mac_addr_mac
                0x000000000029a340                cmd_set_vf_mac_addr_vf
                0x000000000029a360                cmd_set_vf_mac_addr_set
                0x000000000029a380                cmd_set_vf_split_drop_en
                0x000000000029a3e0                cmd_vf_split_drop_en_on_off
                0x000000000029a400                cmd_vf_split_drop_en_vf_id
                0x000000000029a420                cmd_vf_split_drop_en_port_id
                0x000000000029a440                cmd_vf_split_drop_en_drop
                0x000000000029a460                cmd_vf_split_drop_en_split
                0x000000000029a480                cmd_vf_split_drop_en_vf
                0x000000000029a4a0                cmd_vf_split_drop_en_set
                0x000000000029a4c0                cmd_set_all_queues_drop_en
                0x000000000029a510                cmd_all_queues_drop_en_on_off
                0x000000000029a530                cmd_all_queues_drop_en_port_id
                0x000000000029a550                cmd_all_queues_drop_en_drop
                0x000000000029a570                cmd_all_queues_drop_en_queues
                0x000000000029a590                cmd_all_queues_drop_en_all
                0x000000000029a5b0                cmd_all_queues_drop_en_set
                0x000000000029a5d0                cmd_set_tx_loopback
                0x000000000029a620                cmd_tx_loopback_on_off
                0x000000000029a640                cmd_tx_loopback_port_id
                0x000000000029a660                cmd_tx_loopback_loopback
                0x000000000029a680                cmd_tx_loopback_tx
                0x000000000029a6a0                cmd_tx_loopback_set
                0x000000000029a6c0                cmd_set_vf_vlan_insert
                0x000000000029a720                cmd_vf_vlan_insert_vlan_id
                0x000000000029a740                cmd_vf_vlan_insert_vf_id
                0x000000000029a760                cmd_vf_vlan_insert_port_id
                0x000000000029a780                cmd_vf_vlan_insert_insert
                0x000000000029a7a0                cmd_vf_vlan_insert_vlan
                0x000000000029a7c0                cmd_vf_vlan_insert_vf
                0x000000000029a7e0                cmd_vf_vlan_insert_set
                0x000000000029a800                cmd_set_vf_vlan_stripq
                0x000000000029a860                cmd_vf_vlan_stripq_on_off
                0x000000000029a880                cmd_vf_vlan_stripq_vf_id
                0x000000000029a8a0                cmd_vf_vlan_stripq_port_id
                0x000000000029a8c0                cmd_vf_vlan_stripq_stripq
                0x000000000029a8e0                cmd_vf_vlan_stripq_vlan
                0x000000000029a900                cmd_vf_vlan_stripq_vf
                0x000000000029a920                cmd_vf_vlan_stripq_set
                0x000000000029a940                cmd_set_vf_mac_anti_spoof
                0x000000000029a9a0                cmd_vf_mac_anti_spoof_on_off
                0x000000000029a9c0                cmd_vf_mac_anti_spoof_vf_id
                0x000000000029a9e0                cmd_vf_mac_anti_spoof_port_id
                0x000000000029aa00                cmd_vf_mac_anti_spoof_antispoof
                0x000000000029aa20                cmd_vf_mac_anti_spoof_mac
                0x000000000029aa40                cmd_vf_mac_anti_spoof_vf
                0x000000000029aa60                cmd_vf_mac_anti_spoof_set
                0x000000000029aa80                cmd_set_vf_vlan_anti_spoof
                0x000000000029aae0                cmd_vf_vlan_anti_spoof_on_off
                0x000000000029ab00                cmd_vf_vlan_anti_spoof_vf_id
                0x000000000029ab20                cmd_vf_vlan_anti_spoof_port_id
                0x000000000029ab40                cmd_vf_vlan_anti_spoof_antispoof
                0x000000000029ab60                cmd_vf_vlan_anti_spoof_vlan
                0x000000000029ab80                cmd_vf_vlan_anti_spoof_vf
                0x000000000029aba0                cmd_vf_vlan_anti_spoof_set
                0x000000000029abc0                cmd_config_e_tag_filter_del
                0x000000000029ac20                cmd_config_e_tag_filter_add
                0x000000000029ac90                cmd_config_e_tag_forwarding_en_dis
                0x000000000029ace0                cmd_config_e_tag_stripping_en_dis
                0x000000000029ad30                cmd_config_e_tag_insertion_dis
                0x000000000029ad90                cmd_config_e_tag_insertion_en
                0x000000000029ae00                cmd_config_e_tag_vf_id
                0x000000000029ae20                cmd_config_e_tag_vf
                0x000000000029ae40                cmd_config_e_tag_port_id
                0x000000000029ae60                cmd_config_e_tag_port
                0x000000000029ae80                cmd_config_e_tag_dst_pool_val
                0x000000000029aea0                cmd_config_e_tag_dst_pool
                0x000000000029aec0                cmd_config_e_tag_e_tag_id_val
                0x000000000029aee0                cmd_config_e_tag_e_tag_id
                0x000000000029af00                cmd_config_e_tag_port_tag_id_val
                0x000000000029af20                cmd_config_e_tag_port_tag_id
                0x000000000029af40                cmd_config_e_tag_on_off
                0x000000000029af60                cmd_config_e_tag_off
                0x000000000029af80                cmd_config_e_tag_on
                0x000000000029afa0                cmd_config_e_tag_del
                0x000000000029afc0                cmd_config_e_tag_add
                0x000000000029afe0                cmd_config_e_tag_filter
                0x000000000029b000                cmd_config_e_tag_forwarding
                0x000000000029b020                cmd_config_e_tag_stripping
                0x000000000029b040                cmd_config_e_tag_insertion
                0x000000000029b060                cmd_config_e_tag_set
                0x000000000029b080                cmd_config_e_tag_e_tag
                0x000000000029b0a0                cmd_config_l2_tunnel_en_dis_specific
                0x000000000029b0f0                cmd_config_l2_tunnel_en_dis_all
                0x000000000029b140                cmd_config_l2_tunnel_en_dis_en_dis
                0x000000000029b160                cmd_config_l2_tunnel_en_dis_l2_tunnel_type
                0x000000000029b180                cmd_config_l2_tunnel_en_dis_l2_tunnel
                0x000000000029b1a0                cmd_config_l2_tunnel_en_dis_id
                0x000000000029b1c0                cmd_config_l2_tunnel_en_dis_all_str
                0x000000000029b1e0                cmd_config_l2_tunnel_en_dis_config
                0x000000000029b200                cmd_config_l2_tunnel_en_dis_port
                0x000000000029b220                cmd_config_l2_tunnel_eth_type_specific
                0x000000000029b280                cmd_config_l2_tunnel_eth_type_all
                0x000000000029b2e0                cmd_config_l2_tunnel_eth_type_eth_type_val
                0x000000000029b300                cmd_config_l2_tunnel_eth_type_eth_type
                0x000000000029b320                cmd_config_l2_tunnel_eth_type_l2_tunnel_type
                0x000000000029b340                cmd_config_l2_tunnel_eth_type_l2_tunnel
                0x000000000029b360                cmd_config_l2_tunnel_eth_type_id
                0x000000000029b380                cmd_config_l2_tunnel_eth_type_all_str
                0x000000000029b3a0                cmd_config_l2_tunnel_eth_type_config
                0x000000000029b3c0                cmd_config_l2_tunnel_eth_type_port
                0x000000000029b3e0                cmd_mcast_addr
                0x000000000029b420                cmd_mcast_addr_addr
                0x000000000029b430                cmd_mcast_addr_portnum
                0x000000000029b450                cmd_mcast_addr_what
                0x000000000029b470                cmd_mcast_addr_cmd
                0x000000000029b490                cmd_set_fdir_input_set
                0x000000000029b4e0                cmd_set_fdir_input_set_select
                0x000000000029b500                cmd_set_fdir_input_set_field
                0x000000000029b520                cmd_set_fdir_input_set_flow_type
                0x000000000029b540                cmd_set_fdir_input_set_port_id
                0x000000000029b560                cmd_set_fdir_input_set_cmd
                0x000000000029b580                cmd_set_hash_input_set
                0x000000000029b5d0                cmd_set_hash_input_set_select
                0x000000000029b5f0                cmd_set_hash_input_set_field
                0x000000000029b610                cmd_set_hash_input_set_flow_type
                0x000000000029b630                cmd_set_hash_input_set_port_id
                0x000000000029b650                cmd_set_hash_input_set_cmd
                0x000000000029b670                cmd_set_hash_global_config
                0x000000000029b6c0                cmd_set_hash_global_config_enable
                0x000000000029b6e0                cmd_set_hash_global_config_flow_type
                0x000000000029b700                cmd_set_hash_global_config_hash_func
                0x000000000029b720                cmd_set_hash_global_config_port_id
                0x000000000029b740                cmd_set_hash_global_config_all
                0x000000000029b760                cmd_get_hash_global_config
                0x000000000029b790                cmd_get_hash_global_config_port_id
                0x000000000029b7b0                cmd_get_hash_global_config_all
                0x000000000029b7d0                cmd_set_sym_hash_ena_per_port
                0x000000000029b810                cmd_set_sym_hash_ena_per_port_enable
                0x000000000029b830                cmd_set_sym_hash_ena_per_port_port_id
                0x000000000029b850                cmd_set_sym_hash_ena_per_port_all
                0x000000000029b870                cmd_get_sym_hash_ena_per_port
                0x000000000029b8a0                cmd_get_sym_hash_ena_per_port_port_id
                0x000000000029b8c0                cmd_get_sym_hash_ena_per_port_all
                0x000000000029b8e0                cmd_set_flow_director_flex_payload
                0x000000000029b920                cmd_flow_director_flexpayload_payload_cfg
                0x000000000029b940                cmd_flow_director_flexpayload_payload_layer
                0x000000000029b960                cmd_flow_director_flexpayload_port_id
                0x000000000029b980                cmd_flow_director_flexpayload
                0x000000000029b9a0                cmd_set_flow_director_flex_mask
                0x000000000029b9f0                cmd_flow_director_flexmask_mask
                0x000000000029ba10                cmd_flow_director_flexmask_flow_type
                0x000000000029ba30                cmd_flow_director_flexmask_flow
                0x000000000029ba50                cmd_flow_director_flexmask_port_id
                0x000000000029ba70                cmd_flow_director_flexmask
                0x000000000029ba90                cmd_set_flow_director_tunnel_mask
                0x000000000029bb10                cmd_set_flow_director_mac_vlan_mask
                0x000000000029bb60                cmd_set_flow_director_ip_mask
                0x000000000029bbf0                cmd_flow_director_mask_tunnel_id_value
                0x000000000029bc10                cmd_flow_director_mask_tunnel_id
                0x000000000029bc30                cmd_flow_director_mask_tunnel_type_value
                0x000000000029bc50                cmd_flow_director_mask_tunnel_type
                0x000000000029bc70                cmd_flow_director_mask_mac_value
                0x000000000029bc90                cmd_flow_director_mask_mac
                0x000000000029bcb0                cmd_flow_director_mask_mode_tunnel
                0x000000000029bcd0                cmd_flow_director_mask_mode_mac_vlan
                0x000000000029bcf0                cmd_flow_director_mask_mode_ip
                0x000000000029bd10                cmd_flow_director_mask_mode
                0x000000000029bd30                cmd_flow_director_mask_port_dst
                0x000000000029bd50                cmd_flow_director_mask_ipv6_dst
                0x000000000029bd70                cmd_flow_director_mask_ipv4_dst
                0x000000000029bd90                cmd_flow_director_mask_dst
                0x000000000029bdb0                cmd_flow_director_mask_port_src
                0x000000000029bdd0                cmd_flow_director_mask_ipv6_src
                0x000000000029bdf0                cmd_flow_director_mask_ipv4_src
                0x000000000029be10                cmd_flow_director_mask_src
                0x000000000029be30                cmd_flow_director_mask_vlan_value
                0x000000000029be50                cmd_flow_director_mask_vlan
                0x000000000029be70                cmd_flow_director_mask_port_id
                0x000000000029be90                cmd_flow_director_mask
                0x000000000029beb0                cmd_flush_flow_director
                0x000000000029bee0                cmd_flush_flow_director_port_id
                0x000000000029bf00                cmd_flush_flow_director_flush
                0x000000000029bf20                cmd_add_del_tunnel_flow_director
                0x000000000029bfe0                cmd_add_del_mac_vlan_flow_director
                0x000000000029c080                cmd_add_del_l2_flow_director
                0x000000000029c130                cmd_add_del_sctp_flow_director
                0x000000000029c240                cmd_add_del_udp_flow_director
                0x000000000029c340                cmd_add_del_ip_flow_director
                0x000000000029c440                cmd_flow_director_tunnel_id_value
                0x000000000029c460                cmd_flow_director_tunnel_id
                0x000000000029c480                cmd_flow_director_tunnel_type
                0x000000000029c4a0                cmd_flow_director_tunnel
                0x000000000029c4c0                cmd_flow_director_mac_addr
                0x000000000029c4d0                cmd_flow_director_mac
                0x000000000029c4f0                cmd_flow_director_mode_tunnel
                0x000000000029c510                cmd_flow_director_mode_mac_vlan
                0x000000000029c530                cmd_flow_director_mode_ip
                0x000000000029c550                cmd_flow_director_mode
                0x000000000029c570                cmd_flow_director_fd_id_value
                0x000000000029c590                cmd_flow_director_fd_id
                0x000000000029c5b0                cmd_flow_director_queue_id
                0x000000000029c5d0                cmd_flow_director_queue
                0x000000000029c5f0                cmd_flow_director_pf_vf
                0x000000000029c610                cmd_flow_director_drop
                0x000000000029c630                cmd_flow_director_flexbytes_value
                0x000000000029c650                cmd_flow_director_flexbytes
                0x000000000029c670                cmd_flow_director_vlan_value
                0x000000000029c690                cmd_flow_director_vlan
                0x000000000029c6b0                cmd_flow_director_ttl_value
                0x000000000029c6d0                cmd_flow_director_ttl
                0x000000000029c6f0                cmd_flow_director_proto_value
                0x000000000029c710                cmd_flow_director_proto
                0x000000000029c730                cmd_flow_director_tos_value
                0x000000000029c750                cmd_flow_director_tos
                0x000000000029c770                cmd_flow_director_verify_tag_value
                0x000000000029c790                cmd_flow_director_verify_tag
                0x000000000029c7b0                cmd_flow_director_port_dst
                0x000000000029c7d0                cmd_flow_director_ip_dst
                0x000000000029c7f0                cmd_flow_director_dst
                0x000000000029c810                cmd_flow_director_port_src
                0x000000000029c830                cmd_flow_director_ip_src
                0x000000000029c850                cmd_flow_director_src
                0x000000000029c870                cmd_flow_director_ether_type
                0x000000000029c890                cmd_flow_director_ether
                0x000000000029c8b0                cmd_flow_director_flow_type
                0x000000000029c8d0                cmd_flow_director_flow
                0x000000000029c8f0                cmd_flow_director_ops
                0x000000000029c910                cmd_flow_director_port_id
                0x000000000029c930                cmd_flow_director_filter
                0x000000000029c950                cmd_ethertype_filter
                0x000000000029c9c0                cmd_ethertype_filter_queue_id
                0x000000000029c9e0                cmd_ethertype_filter_queue
                0x000000000029ca00                cmd_ethertype_filter_drop
                0x000000000029ca20                cmd_ethertype_filter_ethertype_value
                0x000000000029ca40                cmd_ethertype_filter_ethertype
                0x000000000029ca60                cmd_ethertype_filter_mac_addr
                0x000000000029ca70                cmd_ethertype_filter_mac
                0x000000000029ca90                cmd_ethertype_filter_ops
                0x000000000029cab0                cmd_ethertype_filter_port_id
                0x000000000029cad0                cmd_ethertype_filter_filter
                0x000000000029caf0                cmd_flex_filter
                0x000000000029cb80                cmd_flex_filter_queue_id
                0x000000000029cba0                cmd_flex_filter_queue
                0x000000000029cbc0                cmd_flex_filter_priority_value
                0x000000000029cbe0                cmd_flex_filter_priority
                0x000000000029cc00                cmd_flex_filter_mask_value
                0x000000000029cc20                cmd_flex_filter_mask
                0x000000000029cc40                cmd_flex_filter_bytes_value
                0x000000000029cc60                cmd_flex_filter_bytes
                0x000000000029cc80                cmd_flex_filter_len_value
                0x000000000029cca0                cmd_flex_filter_len
                0x000000000029ccc0                cmd_flex_filter_ops
                0x000000000029cce0                cmd_flex_filter_port_id
                0x000000000029cd00                cmd_flex_filter_filter
                0x000000000029cd20                cmd_5tuple_filter
                0x000000000029cdf0                cmd_5tuple_filter_queue_id
                0x000000000029ce10                cmd_5tuple_filter_queue
                0x000000000029ce30                cmd_5tuple_filter_priority_value
                0x000000000029ce50                cmd_5tuple_filter_priority
                0x000000000029ce70                cmd_5tuple_filter_tcp_flags_value
                0x000000000029ce90                cmd_5tuple_filter_tcp_flags
                0x000000000029ceb0                cmd_5tuple_filter_mask_value
                0x000000000029ced0                cmd_5tuple_filter_mask
                0x000000000029cef0                cmd_5tuple_filter_protocol_value
                0x000000000029cf10                cmd_5tuple_filter_protocol
                0x000000000029cf30                cmd_5tuple_filter_src_port_value
                0x000000000029cf50                cmd_5tuple_filter_src_port
                0x000000000029cf70                cmd_5tuple_filter_dst_port_value
                0x000000000029cf90                cmd_5tuple_filter_dst_port
                0x000000000029cfb0                cmd_5tuple_filter_src_ip_value
                0x000000000029cfd0                cmd_5tuple_filter_src_ip
                0x000000000029cff0                cmd_5tuple_filter_dst_ip_value
                0x000000000029d010                cmd_5tuple_filter_dst_ip
                0x000000000029d030                cmd_5tuple_filter_ops
                0x000000000029d050                cmd_5tuple_filter_port_id
                0x000000000029d070                cmd_5tuple_filter_filter
                0x000000000029d090                cmd_2tuple_filter
                0x000000000029d130                cmd_2tuple_filter_queue_id
                0x000000000029d150                cmd_2tuple_filter_queue
                0x000000000029d170                cmd_2tuple_filter_priority_value
                0x000000000029d190                cmd_2tuple_filter_priority
                0x000000000029d1b0                cmd_2tuple_filter_tcp_flags_value
                0x000000000029d1d0                cmd_2tuple_filter_tcp_flags
                0x000000000029d1f0                cmd_2tuple_filter_mask_value
                0x000000000029d210                cmd_2tuple_filter_mask
                0x000000000029d230                cmd_2tuple_filter_protocol_value
                0x000000000029d250                cmd_2tuple_filter_protocol
                0x000000000029d270                cmd_2tuple_filter_dst_port_value
                0x000000000029d290                cmd_2tuple_filter_dst_port
                0x000000000029d2b0                cmd_2tuple_filter_ops
                0x000000000029d2d0                cmd_2tuple_filter_port_id
                0x000000000029d2f0                cmd_2tuple_filter_filter
                0x000000000029d310                cmd_show_queue_region_info_all
                0x000000000029d350                cmd_show_queue_region_info_cmd
                0x000000000029d370                cmd_show_queue_region_info_port_index
                0x000000000029d390                cmd_show_queue_region_info_port
                0x000000000029d3b0                cmd_show_queue_region_info_get
                0x000000000029d3d0                cmd_flush_queue_region
                0x000000000029d420                cmd_flush_queue_region_what
                0x000000000029d440                cmd_flush_queue_region_flush
                0x000000000029d460                cmd_flush_queue_region_cmd
                0x000000000029d480                cmd_flush_queue_region_port_index
                0x000000000029d4a0                cmd_flush_queue_region_port
                0x000000000029d4c0                cmd_flush_queue_region_set
                0x000000000029d4e0                cmd_user_priority_region
                0x000000000029d540                cmd_user_priority_region_region_id
                0x000000000029d560                cmd_user_priority_region_region
                0x000000000029d580                cmd_user_priority_region_UP_id
                0x000000000029d5a0                cmd_user_priority_region_UP
                0x000000000029d5c0                cmd_user_priority_region_cmd
                0x000000000029d5e0                cmd_user_priority_region_port_index
                0x000000000029d600                cmd_user_priority_region_port
                0x000000000029d620                cmd_user_priority_region_set
                0x000000000029d640                cmd_region_flowtype
                0x000000000029d6a0                cmd_region_flowtype_flow_id
                0x000000000029d6c0                cmd_region_flowtype_flow_index
                0x000000000029d6e0                cmd_region_flowtype_id
                0x000000000029d700                cmd_region_flowtype_index
                0x000000000029d720                cmd_region_flowtype_cmd
                0x000000000029d740                cmd_region_flowtype_port_index
                0x000000000029d760                cmd_region_flowtype_port
                0x000000000029d780                cmd_region_flowtype_set
                0x000000000029d7a0                cmd_queue_region
                0x000000000029d810                cmd_queue_region_queue_num_value
                0x000000000029d830                cmd_queue_region_queue_num
                0x000000000029d850                cmd_queue_region_queue_id
                0x000000000029d870                cmd_queue_region_queue_start_index
                0x000000000029d890                cmd_queue_region_index
                0x000000000029d8b0                cmd_queue_region_id
                0x000000000029d8d0                cmd_queue_region_cmd
                0x000000000029d8f0                cmd_queue_region_port_id
                0x000000000029d910                cmd_queue_region_port
                0x000000000029d930                cmd_queue_region_set
                0x000000000029d950                cmd_syn_filter
                0x000000000029d9b0                cmd_syn_filter_queue_id
                0x000000000029d9d0                cmd_syn_filter_queue
                0x000000000029d9f0                cmd_syn_filter_high
                0x000000000029da10                cmd_syn_filter_priority
                0x000000000029da30                cmd_syn_filter_ops
                0x000000000029da50                cmd_syn_filter_port_id
                0x000000000029da70                cmd_syn_filter_filter
                0x000000000029da90                cmd_dump_one
                0x000000000029dac0                cmd_dump_one_name
                0x000000000029dae0                cmd_dump_one_dump
                0x000000000029db00                cmd_dump
                0x000000000029db30                cmd_dump_dump
                0x000000000029db50                cmd_reset_mirror_rule
                0x000000000029dba0                cmd_rm_mirror_rule_ruleid
                0x000000000029dbc0                cmd_rm_mirror_rule_mirror
                0x000000000029dbe0                cmd_rm_mirror_rule_portid
                0x000000000029dc00                cmd_rm_mirror_rule_port
                0x000000000029dc20                cmd_rm_mirror_rule_reset
                0x000000000029dc40                cmd_set_mirror_link
                0x000000000029dcb0                cmd_mirror_link_on
                0x000000000029dcd0                cmd_mirror_link_poolid
                0x000000000029dcf0                cmd_mirror_link_dstpool
                0x000000000029dd10                cmd_mirror_link_what
                0x000000000029dd30                cmd_mirror_link_ruleid
                0x000000000029dd50                cmd_mirror_link_mirror
                0x000000000029dd70                cmd_mirror_link_portid
                0x000000000029dd90                cmd_mirror_link_port
                0x000000000029ddb0                cmd_mirror_link_set
                0x000000000029ddd0                cmd_set_mirror_mask
                0x000000000029de40                cmd_mirror_mask_on
                0x000000000029de60                cmd_mirror_mask_poolid
                0x000000000029de80                cmd_mirror_mask_dstpool
                0x000000000029dea0                cmd_mirror_mask_value
                0x000000000029dec0                cmd_mirror_mask_what
                0x000000000029dee0                cmd_mirror_mask_ruleid
                0x000000000029df00                cmd_mirror_mask_mirror
                0x000000000029df20                cmd_mirror_mask_portid
                0x000000000029df40                cmd_mirror_mask_port
                0x000000000029df60                cmd_mirror_mask_set
                0x000000000029df80                cmd_global_config
                0x000000000029dfc0                cmd_global_config_gre_key_len
                0x000000000029dfe0                cmd_global_config_type
                0x000000000029e000                cmd_global_config_port_id
                0x000000000029e020                cmd_global_config_cmd
                0x000000000029e040                cmd_tunnel_udp_config
                0x000000000029e080                cmd_tunnel_udp_config_port_id
                0x000000000029e0a0                cmd_tunnel_udp_config_udp_port
                0x000000000029e0c0                cmd_tunnel_udp_config_what
                0x000000000029e0e0                cmd_tunnel_udp_config_cmd
                0x000000000029e100                cmd_tunnel_filter
                0x000000000029e180                cmd_tunnel_filter_queue_num
                0x000000000029e1a0                cmd_tunnel_filter_tenant_id
                0x000000000029e1c0                cmd_tunnel_filter_filter_type
                0x000000000029e1e0                cmd_tunnel_filter_tunnel_type
                0x000000000029e200                cmd_tunnel_filter_ip_value
                0x000000000029e220                cmd_tunnel_filter_innner_vlan
                0x000000000029e240                cmd_tunnel_filter_inner_mac
                0x000000000029e250                cmd_tunnel_filter_outer_mac
                0x000000000029e260                cmd_tunnel_filter_port_id
                0x000000000029e280                cmd_tunnel_filter_what
                0x000000000029e2a0                cmd_tunnel_filter_cmd
                0x000000000029e2c0                cmd_vf_rate_limit
                0x000000000029e330                cmd_vf_rate_limit_q_msk_val
                0x000000000029e350                cmd_vf_rate_limit_q_msk
                0x000000000029e370                cmd_vf_rate_limit_ratenum
                0x000000000029e390                cmd_vf_rate_limit_rate
                0x000000000029e3b0                cmd_vf_rate_limit_vfnum
                0x000000000029e3d0                cmd_vf_rate_limit_vf
                0x000000000029e3f0                cmd_vf_rate_limit_portnum
                0x000000000029e410                cmd_vf_rate_limit_port
                0x000000000029e430                cmd_vf_rate_limit_set
                0x000000000029e450                cmd_queue_rate_limit
                0x000000000029e4b0                cmd_queue_rate_limit_ratenum
                0x000000000029e4d0                cmd_queue_rate_limit_rate
                0x000000000029e4f0                cmd_queue_rate_limit_queuenum
                0x000000000029e510                cmd_queue_rate_limit_queue
                0x000000000029e530                cmd_queue_rate_limit_portnum
                0x000000000029e550                cmd_queue_rate_limit_port
                0x000000000029e570                cmd_queue_rate_limit_set
                0x000000000029e590                cmd_vf_rxvlan_filter
                0x000000000029e5f0                cmd_vf_rx_vlan_filter_vf_mask
                0x000000000029e610                cmd_vf_rx_vlan_filter_vf
                0x000000000029e630                cmd_vf_rx_vlan_filter_portid
                0x000000000029e650                cmd_vf_rx_vlan_filter_port
                0x000000000029e670                cmd_vf_rx_vlan_filter_vlanid
                0x000000000029e690                cmd_vf_rx_vlan_filter_what
                0x000000000029e6b0                cmd_vf_rx_vlan_filter_rx_vlan
                0x000000000029e6d0                cmd_vf_mac_addr_filter
                0x000000000029e730                cmd_vf_mac_addr_addr
                0x000000000029e740                cmd_vf_mac_addr_vfnum
                0x000000000029e760                cmd_vf_mac_addr_vf
                0x000000000029e780                cmd_vf_mac_addr_portnum
                0x000000000029e7a0                cmd_vf_mac_addr_port
                0x000000000029e7c0                cmd_vf_mac_addr_what
                0x000000000029e7e0                cmd_vf_mac_addr_cmd
                0x000000000029e800                cmd_set_vf_rxmode
                0x000000000029e860                cmd_set_vf_rxmode_on
                0x000000000029e880                cmd_set_vf_rxmode_mode
                0x000000000029e8a0                cmd_set_vf_rxmode_what
                0x000000000029e8c0                cmd_set_vf_rxmode_vfid
                0x000000000029e8e0                cmd_set_vf_rxmode_vf
                0x000000000029e900                cmd_set_vf_rxmode_portid
                0x000000000029e920                cmd_set_vf_rxmode_port
                0x000000000029e940                cmd_set_vf_rxmode_set
                0x000000000029e960                cmd_set_vf_traffic
                0x000000000029e9c0                cmd_setvf_traffic_mode
                0x000000000029e9e0                cmd_setvf_traffic_what
                0x000000000029ea00                cmd_setvf_traffic_vfid
                0x000000000029ea20                cmd_setvf_traffic_vf
                0x000000000029ea40                cmd_setvf_traffic_portid
                0x000000000029ea60                cmd_setvf_traffic_port
                0x000000000029ea80                cmd_setvf_traffic_set
                0x000000000029eaa0                cmd_set_vf_macvlan_filter
                0x000000000029eb00                cmd_set_vf_macvlan_mode
                0x000000000029eb20                cmd_set_vf_macvlan_filter_type
                0x000000000029eb40                cmd_set_vf_macvlan_mac
                0x000000000029eb50                cmd_set_vf_macvlan_vf_id
                0x000000000029eb70                cmd_set_vf_macvlan_vf
                0x000000000029eb90                cmd_set_vf_macvlan_portid
                0x000000000029ebb0                cmd_set_vf_macvlan_port
                0x000000000029ebd0                cmd_set_vf_macvlan_set
                0x000000000029ebf0                cmd_set_uc_all_hash_filter
                0x000000000029ec40                cmd_set_uc_all_hash_mode
                0x000000000029ec60                cmd_set_uc_all_hash_value
                0x000000000029ec80                cmd_set_uc_all_hash_what
                0x000000000029eca0                cmd_set_uc_all_hash_portid
                0x000000000029ecc0                cmd_set_uc_all_hash_port
                0x000000000029ece0                cmd_set_uc_all_hash_set
                0x000000000029ed00                cmd_set_uc_hash_filter
                0x000000000029ed50                cmd_set_uc_hash_mode
                0x000000000029ed70                cmd_set_uc_hash_mac
                0x000000000029ed80                cmd_set_uc_hash_what
                0x000000000029eda0                cmd_set_uc_hash_portid
                0x000000000029edc0                cmd_set_uc_hash_port
                0x000000000029ede0                cmd_set_uc_hash_set
                0x000000000029ee00                cmd_set_xstats_hide_zero
                0x000000000029ee40                cmd_set_xstats_hide_zero_on_off
                0x000000000029ee60                cmd_set_xstats_hide_zero_name
                0x000000000029ee80                cmd_set_xstats_hide_zero_keyword
                0x000000000029eea0                cmd_set_qmap
                0x000000000029eef0                cmd_setqmap_mapvalue
                0x000000000029ef10                cmd_setqmap_queueid
                0x000000000029ef30                cmd_setqmap_portid
                0x000000000029ef50                cmd_setqmap_what
                0x000000000029ef70                cmd_setqmap_qmap
                0x000000000029ef90                cmd_setqmap_set
                0x000000000029efb0                cmd_mac_addr
                0x000000000029eff0                cmd_mac_addr_addr
                0x000000000029f000                cmd_mac_addr_portnum
                0x000000000029f020                cmd_mac_addr_what
                0x000000000029f040                cmd_mac_addr_cmd
                0x000000000029f060                cmd_quit
                0x000000000029f090                cmd_quit_quit
                0x000000000029f0b0                cmd_read_rxd_txd
                0x000000000029f100                cmd_read_rxd_txd_desc_id
                0x000000000029f120                cmd_read_rxd_txd_queue_id
                0x000000000029f140                cmd_read_rxd_txd_port_id
                0x000000000029f160                cmd_read_rxd_txd_rxd_txd
                0x000000000029f180                cmd_read_rxd_txd_read
                0x000000000029f1a0                cmd_write_reg_bit
                0x000000000029f1f0                cmd_write_reg_bit_value
                0x000000000029f210                cmd_write_reg_bit_bit_pos
                0x000000000029f230                cmd_write_reg_bit_reg_off
                0x000000000029f250                cmd_write_reg_bit_port_id
                0x000000000029f270                cmd_write_reg_bit_regbit
                0x000000000029f290                cmd_write_reg_bit_write
                0x000000000029f2b0                cmd_write_reg_bit_field
                0x000000000029f310                cmd_write_reg_bit_field_value
                0x000000000029f330                cmd_write_reg_bit_field_bit2_pos
                0x000000000029f350                cmd_write_reg_bit_field_bit1_pos
                0x000000000029f370                cmd_write_reg_bit_field_reg_off
                0x000000000029f390                cmd_write_reg_bit_field_port_id
                0x000000000029f3b0                cmd_write_reg_bit_field_regfield
                0x000000000029f3d0                cmd_write_reg_bit_field_write
                0x000000000029f3f0                cmd_write_reg
                0x000000000029f440                cmd_write_reg_value
                0x000000000029f460                cmd_write_reg_reg_off
                0x000000000029f480                cmd_write_reg_port_id
                0x000000000029f4a0                cmd_write_reg_reg
                0x000000000029f4c0                cmd_write_reg_write
                0x000000000029f4e0                cmd_read_reg_bit
                0x000000000029f530                cmd_read_reg_bit_bit_pos
                0x000000000029f550                cmd_read_reg_bit_reg_off
                0x000000000029f570                cmd_read_reg_bit_port_id
                0x000000000029f590                cmd_read_reg_bit_regbit
                0x000000000029f5b0                cmd_read_reg_bit_read
                0x000000000029f5d0                cmd_read_reg_bit_field
                0x000000000029f620                cmd_read_reg_bit_field_bit2_pos
                0x000000000029f640                cmd_read_reg_bit_field_bit1_pos
                0x000000000029f660                cmd_read_reg_bit_field_reg_off
                0x000000000029f680                cmd_read_reg_bit_field_port_id
                0x000000000029f6a0                cmd_read_reg_bit_field_regfield
                0x000000000029f6c0                cmd_read_reg_bit_field_read
                0x000000000029f6e0                cmd_read_reg
                0x000000000029f720                cmd_read_reg_reg_off
                0x000000000029f740                cmd_read_reg_port_id
                0x000000000029f760                cmd_read_reg_reg
                0x000000000029f780                cmd_read_reg_read
                0x000000000029f7a0                cmd_showqueue
                0x000000000029f7f0                cmd_showqueue_queuenum
                0x000000000029f810                cmd_showqueue_portnum
                0x000000000029f830                cmd_showqueue_what
                0x000000000029f850                cmd_showqueue_type
                0x000000000029f870                cmd_showqueue_show
                0x000000000029f890                cmd_showport
                0x000000000029f8d0                cmd_showport_portnum
                0x000000000029f8f0                cmd_showport_what
                0x000000000029f910                cmd_showport_port
                0x000000000029f930                cmd_showport_show
                0x000000000029f950                cmd_showportall
                0x000000000029f990                cmd_showportall_all
                0x000000000029f9b0                cmd_showportall_what
                0x000000000029f9d0                cmd_showportall_port
                0x000000000029f9f0                cmd_showportall_show
                0x000000000029fa10                cmd_showcfg
                0x000000000029fa50                cmd_showcfg_what
                0x000000000029fa70                cmd_showcfg_port
                0x000000000029fa90                cmd_showcfg_show
                0x000000000029fab0                cmd_set_link_down
                0x000000000029faf0                cmd_set_link_down_port_id
                0x000000000029fb10                cmd_set_link_down_port
                0x000000000029fb30                cmd_set_link_down_link_down
                0x000000000029fb50                cmd_set_link_down_set
                0x000000000029fb70                cmd_set_link_up
                0x000000000029fbb0                cmd_set_link_up_port_id
                0x000000000029fbd0                cmd_set_link_up_port
                0x000000000029fbf0                cmd_set_link_up_link_up
                0x000000000029fc10                cmd_set_link_up_set
                0x000000000029fc30                cmd_start_tx_first_n
                0x000000000029fc70                cmd_start_tx_first_n_tx_num
                0x000000000029fc90                cmd_start_tx_first_n_tx_first
                0x000000000029fcb0                cmd_start_tx_first_n_start
                0x000000000029fcd0                cmd_start_tx_first
                0x000000000029fd00                cmd_start_tx_first_tx_first
                0x000000000029fd20                cmd_start_tx_first_start
                0x000000000029fd40                cmd_start
                0x000000000029fd70                cmd_start_start